[1.761s] Invoking command in '/home/nameless/ugv_ws_jazzy_port/build/ugv_vision': PYTHONPATH=/home/nameless/ugv_ws_jazzy_port/build/ugv_vision/prefix_override:/usr/lib/python3/dist-packages/colcon_core/task/python/colcon_distutils_commands:/home/nameless/ugv_ws_jazzy_port/install/ugv_vision/lib/python3.12/site-packages:${PYTHONPATH} /usr/bin/python3 -W ignore:setup.py install is deprecated -W ignore:easy_install command is deprecated setup.py develop --editable --build-directory /home/nameless/ugv_ws_jazzy_port/build/ugv_vision/build --no-deps symlink_data
[2.284s] running develop
[2.568s] running egg_info
[2.568s] creating ugv_vision.egg-info
[2.595s] writing ugv_vision.egg-info/PKG-INFO
[2.595s] writing dependency_links to ugv_vision.egg-info/dependency_links.txt
[2.596s] writing entry points to ugv_vision.egg-info/entry_points.txt
[2.596s] writing requirements to ugv_vision.egg-info/requires.txt
[2.596s] writing top-level names to ugv_vision.egg-info/top_level.txt
[2.597s] writing manifest file 'ugv_vision.egg-info/SOURCES.txt'
[2.651s] reading manifest file 'ugv_vision.egg-info/SOURCES.txt'
[2.653s] writing manifest file 'ugv_vision.egg-info/SOURCES.txt'
[2.683s] running build_ext
[2.683s] Creating /home/nameless/ugv_ws_jazzy_port/install/ugv_vision/lib/python3.12/site-packages/ugv-vision.egg-link (link to .)
[2.684s] Installing apriltag_ctrl script to /home/nameless/ugv_ws_jazzy_port/install/ugv_vision/lib/ugv_vision
[2.684s] Installing apriltag_track_0 script to /home/nameless/ugv_ws_jazzy_port/install/ugv_vision/lib/ugv_vision
[2.685s] Installing apriltag_track_1 script to /home/nameless/ugv_ws_jazzy_port/install/ugv_vision/lib/ugv_vision
[2.685s] Installing apriltag_track_2 script to /home/nameless/ugv_ws_jazzy_port/install/ugv_vision/lib/ugv_vision
[2.686s] Installing color_track script to /home/nameless/ugv_ws_jazzy_port/install/ugv_vision/lib/ugv_vision
[2.686s] Installing gesture_ctrl script to /home/nameless/ugv_ws_jazzy_port/install/ugv_vision/lib/ugv_vision
[2.687s] Installing kcf_track script to /home/nameless/ugv_ws_jazzy_port/install/ugv_vision/lib/ugv_vision
[2.688s] 
[2.688s] Installed /home/nameless/ugv_ws_jazzy_port/build/ugv_vision
[2.688s] running symlink_data
[2.688s] creating /home/nameless/ugv_ws_jazzy_port/install/ugv_vision/share/ament_index
[2.689s] creating /home/nameless/ugv_ws_jazzy_port/install/ugv_vision/share/ament_index/resource_index
[2.689s] creating /home/nameless/ugv_ws_jazzy_port/install/ugv_vision/share/ament_index/resource_index/packages
[2.689s] symbolically linking /home/nameless/ugv_ws_jazzy_port/build/ugv_vision/resource/ugv_vision -> /home/nameless/ugv_ws_jazzy_port/install/ugv_vision/share/ament_index/resource_index/packages
[2.689s] symbolically linking /home/nameless/ugv_ws_jazzy_port/build/ugv_vision/package.xml -> /home/nameless/ugv_ws_jazzy_port/install/ugv_vision/share/ugv_vision
[2.689s] creating /home/nameless/ugv_ws_jazzy_port/install/ugv_vision/share/ugv_vision/launch
[2.690s] symbolically linking /home/nameless/ugv_ws_jazzy_port/build/ugv_vision/launch/apriltag_track.launch.py -> /home/nameless/ugv_ws_jazzy_port/install/ugv_vision/share/ugv_vision/launch
[2.690s] symbolically linking /home/nameless/ugv_ws_jazzy_port/build/ugv_vision/launch/stereo.launch.py -> /home/nameless/ugv_ws_jazzy_port/install/ugv_vision/share/ugv_vision/launch
[2.690s] symbolically linking /home/nameless/ugv_ws_jazzy_port/build/ugv_vision/launch/camera.launch.py -> /home/nameless/ugv_ws_jazzy_port/install/ugv_vision/share/ugv_vision/launch
[2.690s] symbolically linking /home/nameless/ugv_ws_jazzy_port/build/ugv_vision/launch/oak_d_lite.launch.py -> /home/nameless/ugv_ws_jazzy_port/install/ugv_vision/share/ugv_vision/launch
[2.690s] creating /home/nameless/ugv_ws_jazzy_port/install/ugv_vision/share/ugv_vision/config
[2.690s] symbolically linking /home/nameless/ugv_ws_jazzy_port/build/ugv_vision/config/camera_info.yaml -> /home/nameless/ugv_ws_jazzy_port/install/ugv_vision/share/ugv_vision/config
[2.691s] symbolically linking /home/nameless/ugv_ws_jazzy_port/build/ugv_vision/config/params.yaml -> /home/nameless/ugv_ws_jazzy_port/install/ugv_vision/share/ugv_vision/config
[2.691s] symbolically linking /home/nameless/ugv_ws_jazzy_port/build/ugv_vision/config/stereo.yaml -> /home/nameless/ugv_ws_jazzy_port/install/ugv_vision/share/ugv_vision/config
[2.691s] symbolically linking /home/nameless/ugv_ws_jazzy_port/build/ugv_vision/config/oak_d_lite.yaml -> /home/nameless/ugv_ws_jazzy_port/install/ugv_vision/share/ugv_vision/config
[2.844s] Invoked command in '/home/nameless/ugv_ws_jazzy_port/build/ugv_vision' returned '0': PYTHONPATH=/home/nameless/ugv_ws_jazzy_port/build/ugv_vision/prefix_override:/usr/lib/python3/dist-packages/colcon_core/task/python/colcon_distutils_commands:/home/nameless/ugv_ws_jazzy_port/install/ugv_vision/lib/python3.12/site-packages:${PYTHONPATH} /usr/bin/python3 -W ignore:setup.py install is deprecated -W ignore:easy_install command is deprecated setup.py develop --editable --build-directory /home/nameless/ugv_ws_jazzy_port/build/ugv_vision/build --no-deps symlink_data
