[0.022s] Invoking command in '/home/nameless/ugv_ws_jazzy_port/build/ugv_base_node': CMAKE_PREFIX_PATH=${CMAKE_PREFIX_PATH}:/opt/ros/jazzy /usr/bin/cmake /home/nameless/ugv_ws_jazzy_port/src/ugv_main/ugv_base_node -DCMAKE_INSTALL_PREFIX=/home/nameless/ugv_ws_jazzy_port/install/ugv_base_node
[0.958s] -- The C compiler identification is GNU 13.3.0
[1.449s] -- The CXX compiler identification is GNU 13.3.0
[1.494s] -- Detecting C compiler ABI info
[1.773s] -- Detecting C compiler ABI info - done
[1.791s] -- Check for working C compiler: /usr/bin/cc - skipped
[1.791s] -- Detecting C compile features
[1.791s] -- Detecting C compile features - done
[1.804s] -- Detecting CXX compiler ABI info
[2.146s] -- Detecting CXX compiler ABI info - done
[2.160s] -- Check for working CXX compiler: /usr/bin/c++ - skipped
[2.160s] -- Detecting CXX compile features
[2.161s] -- Detecting CXX compile features - done
[2.165s] -- Found ament_cmake: 2.5.6 (/opt/ros/jazzy/share/ament_cmake/cmake)
[2.540s] -- Found Python3: /usr/bin/python3 (found version "3.12.3") found components: Interpreter 
[2.828s] -- Found tf2: 0.36.20 (/opt/ros/jazzy/share/tf2/cmake)
[2.921s] -- Found rosidl_generator_c: 4.6.7 (/opt/ros/jazzy/share/rosidl_generator_c/cmake)
[2.949s] -- Found rosidl_generator_cpp: 4.6.7 (/opt/ros/jazzy/share/rosidl_generator_cpp/cmake)
[2.990s] -- Using all available rosidl_typesupport_c: rosidl_typesupport_fastrtps_c;rosidl_typesupport_introspection_c
[3.030s] -- Using all available rosidl_typesupport_cpp: rosidl_typesupport_fastrtps_cpp;rosidl_typesupport_introspection_cpp
[3.149s] -- Found tf2_ros: 0.36.20 (/opt/ros/jazzy/share/tf2_ros/cmake)
[3.363s] -- Found rmw_implementation_cmake: 7.3.3 (/opt/ros/jazzy/share/rmw_implementation_cmake/cmake)
[3.370s] -- Found rmw_fastrtps_cpp: 8.4.3 (/opt/ros/jazzy/share/rmw_fastrtps_cpp/cmake)
[3.527s] -- Found OpenSSL: /usr/lib/aarch64-linux-gnu/libcrypto.so (found version "3.0.13")  
[3.553s] -- Found FastRTPS: /opt/ros/jazzy/include (Required is at least version "2.13") 
[3.591s] -- Using RMW implementation 'rmw_fastrtps_cpp' as default
[3.881s] -- Found tf2_geometry_msgs: 0.36.20 (/opt/ros/jazzy/share/tf2_geometry_msgs/cmake)
[3.903s] -- Found eigen3_cmake_module: 0.3.0 (/opt/ros/jazzy/share/eigen3_cmake_module/cmake)
[3.903s] -- Found Eigen3: TRUE (found version "3.4.0") 
[3.904s] -- Ensuring Eigen3 include directory is part of orocos-kdl CMake target
[3.911s] -- Found nav_msgs: 5.3.7 (/opt/ros/jazzy/share/nav_msgs/cmake)
[3.972s] -- Found sensor_msgs: 5.3.7 (/opt/ros/jazzy/share/sensor_msgs/cmake)
[4.009s] -- Configuring incomplete, errors occurred!
[4.011s] [31mCMake Error at /opt/ros/jazzy/share/ament_cmake_target_dependencies/cmake/ament_target_dependencies.cmake:42 (message):
[4.012s]   ament_target_dependencies() the first argument must be a valid target name
[4.012s] Call Stack (most recent call first):
[4.012s]   CMakeLists.txt:31 (ament_target_dependencies)
[4.012s] 
[4.012s] [0m
[4.037s] Invoked command in '/home/nameless/ugv_ws_jazzy_port/build/ugv_base_node' returned '1': CMAKE_PREFIX_PATH=${CMAKE_PREFIX_PATH}:/opt/ros/jazzy /usr/bin/cmake /home/nameless/ugv_ws_jazzy_port/src/ugv_main/ugv_base_node -DCMAKE_INSTALL_PREFIX=/home/nameless/ugv_ws_jazzy_port/install/ugv_base_node
