[1.757s] Invoking command in '/home/nameless/ugv_ws_jazzy_port/build/ugv_tools': PYTHONPATH=/home/nameless/ugv_ws_jazzy_port/build/ugv_tools/prefix_override:/usr/lib/python3/dist-packages/colcon_core/task/python/colcon_distutils_commands:/home/nameless/ugv_ws_jazzy_port/install/ugv_tools/lib/python3.12/site-packages:${PYTHONPATH} /usr/bin/python3 -W ignore:setup.py install is deprecated -W ignore:easy_install command is deprecated setup.py develop --editable --build-directory /home/nameless/ugv_ws_jazzy_port/build/ugv_tools/build --no-deps symlink_data
[2.759s] running develop
[3.425s] running egg_info
[3.425s] creating ugv_tools.egg-info
[3.546s] writing ugv_tools.egg-info/PKG-INFO
[3.547s] writing dependency_links to ugv_tools.egg-info/dependency_links.txt
[3.551s] writing entry points to ugv_tools.egg-info/entry_points.txt
[3.552s] writing requirements to ugv_tools.egg-info/requires.txt
[3.552s] writing top-level names to ugv_tools.egg-info/top_level.txt
[3.552s] writing manifest file 'ugv_tools.egg-info/SOURCES.txt'
[3.650s] reading manifest file 'ugv_tools.egg-info/SOURCES.txt'
[3.652s] writing manifest file 'ugv_tools.egg-info/SOURCES.txt'
[3.705s] running build_ext
[3.706s] Creating /home/nameless/ugv_ws_jazzy_port/install/ugv_tools/lib/python3.12/site-packages/ugv-tools.egg-link (link to .)
[3.708s] Installing behavior_ctrl script to /home/nameless/ugv_ws_jazzy_port/install/ugv_tools/lib/ugv_tools
[3.708s] Installing joy_ctrl script to /home/nameless/ugv_ws_jazzy_port/install/ugv_tools/lib/ugv_tools
[3.709s] Installing keyboard_ctrl script to /home/nameless/ugv_ws_jazzy_port/install/ugv_tools/lib/ugv_tools
[3.711s] 
[3.711s] Installed /home/nameless/ugv_ws_jazzy_port/build/ugv_tools
[3.711s] running symlink_data
[3.712s] creating /home/nameless/ugv_ws_jazzy_port/install/ugv_tools/share/ament_index
[3.715s] creating /home/nameless/ugv_ws_jazzy_port/install/ugv_tools/share/ament_index/resource_index
[3.715s] creating /home/nameless/ugv_ws_jazzy_port/install/ugv_tools/share/ament_index/resource_index/packages
[3.716s] symbolically linking /home/nameless/ugv_ws_jazzy_port/build/ugv_tools/resource/ugv_tools -> /home/nameless/ugv_ws_jazzy_port/install/ugv_tools/share/ament_index/resource_index/packages
[3.716s] symbolically linking /home/nameless/ugv_ws_jazzy_port/build/ugv_tools/package.xml -> /home/nameless/ugv_ws_jazzy_port/install/ugv_tools/share/ugv_tools
[3.716s] creating /home/nameless/ugv_ws_jazzy_port/install/ugv_tools/share/ugv_tools/launch
[3.716s] symbolically linking /home/nameless/ugv_ws_jazzy_port/build/ugv_tools/launch/teleop_twist_joy.launch.py -> /home/nameless/ugv_ws_jazzy_port/install/ugv_tools/share/ugv_tools/launch
[3.849s] Invoked command in '/home/nameless/ugv_ws_jazzy_port/build/ugv_tools' returned '0': PYTHONPATH=/home/nameless/ugv_ws_jazzy_port/build/ugv_tools/prefix_override:/usr/lib/python3/dist-packages/colcon_core/task/python/colcon_distutils_commands:/home/nameless/ugv_ws_jazzy_port/install/ugv_tools/lib/python3.12/site-packages:${PYTHONPATH} /usr/bin/python3 -W ignore:setup.py install is deprecated -W ignore:easy_install command is deprecated setup.py develop --editable --build-directory /home/nameless/ugv_ws_jazzy_port/build/ugv_tools/build --no-deps symlink_data
