running egg_info
writing ../../../build/ugv_bringup/ugv_bringup.egg-info/PKG-INFO
writing dependency_links to ../../../build/ugv_bringup/ugv_bringup.egg-info/dependency_links.txt
writing entry points to ../../../build/ugv_bringup/ugv_bringup.egg-info/entry_points.txt
writing requirements to ../../../build/ugv_bringup/ugv_bringup.egg-info/requires.txt
writing top-level names to ../../../build/ugv_bringup/ugv_bringup.egg-info/top_level.txt
reading manifest file '../../../build/ugv_bringup/ugv_bringup.egg-info/SOURCES.txt'
writing manifest file '../../../build/ugv_bringup/ugv_bringup.egg-info/SOURCES.txt'
running build
running build_py
running install
running install_lib
running install_data
running install_egg_info
removing '/home/nameless/ugv_ws_jazzy_port/install/ugv_bringup/lib/python3.12/site-packages/ugv_bringup-0.0.0-py3.12.egg-info' (and everything under it)
Copying ../../../build/ugv_bringup/ugv_bringup.egg-info to /home/nameless/ugv_ws_jazzy_port/install/ugv_bringup/lib/python3.12/site-packages/ugv_bringup-0.0.0-py3.12.egg-info
running install_scripts
Installing ugv_bringup script to /home/nameless/ugv_ws_jazzy_port/install/ugv_bringup/lib/ugv_bringup
Installing ugv_driver script to /home/nameless/ugv_ws_jazzy_port/install/ugv_bringup/lib/ugv_bringup
writing list of installed files to '/home/nameless/ugv_ws_jazzy_port/build/ugv_bringup/install.log'
