[1.775s] Invoking command in '/home/nameless/ugv_ws_jazzy_port/build/ugv_tools': PYTHONPATH=/home/nameless/ugv_ws_jazzy_port/build/ugv_tools/prefix_override:/usr/lib/python3/dist-packages/colcon_core/task/python/colcon_distutils_commands:/home/nameless/ugv_ws_jazzy_port/install/ugv_tools/lib/python3.12/site-packages:${PYTHONPATH} /usr/bin/python3 -W ignore:setup.py install is deprecated -W ignore:easy_install command is deprecated setup.py develop --editable --build-directory /home/nameless/ugv_ws_jazzy_port/build/ugv_tools/build --no-deps symlink_data
[2.292s] running develop
[2.576s] running egg_info
[2.576s] creating ugv_tools.egg-info
[2.602s] writing ugv_tools.egg-info/PKG-INFO
[2.604s] writing dependency_links to ugv_tools.egg-info/dependency_links.txt
[2.604s] writing entry points to ugv_tools.egg-info/entry_points.txt
[2.604s] writing requirements to ugv_tools.egg-info/requires.txt
[2.605s] writing top-level names to ugv_tools.egg-info/top_level.txt
[2.605s] writing manifest file 'ugv_tools.egg-info/SOURCES.txt'
[2.660s] reading manifest file 'ugv_tools.egg-info/SOURCES.txt'
[2.660s] writing manifest file 'ugv_tools.egg-info/SOURCES.txt'
[2.690s] running build_ext
[2.691s] Creating /home/nameless/ugv_ws_jazzy_port/install/ugv_tools/lib/python3.12/site-packages/ugv-tools.egg-link (link to .)
[2.692s] Installing behavior_ctrl script to /home/nameless/ugv_ws_jazzy_port/install/ugv_tools/lib/ugv_tools
[2.692s] Installing joy_ctrl script to /home/nameless/ugv_ws_jazzy_port/install/ugv_tools/lib/ugv_tools
[2.692s] Installing keyboard_ctrl script to /home/nameless/ugv_ws_jazzy_port/install/ugv_tools/lib/ugv_tools
[2.693s] 
[2.693s] Installed /home/nameless/ugv_ws_jazzy_port/build/ugv_tools
[2.693s] running symlink_data
[2.694s] creating /home/nameless/ugv_ws_jazzy_port/install/ugv_tools/share/ament_index
[2.694s] creating /home/nameless/ugv_ws_jazzy_port/install/ugv_tools/share/ament_index/resource_index
[2.695s] creating /home/nameless/ugv_ws_jazzy_port/install/ugv_tools/share/ament_index/resource_index/packages
[2.695s] symbolically linking /home/nameless/ugv_ws_jazzy_port/build/ugv_tools/resource/ugv_tools -> /home/nameless/ugv_ws_jazzy_port/install/ugv_tools/share/ament_index/resource_index/packages
[2.695s] symbolically linking /home/nameless/ugv_ws_jazzy_port/build/ugv_tools/package.xml -> /home/nameless/ugv_ws_jazzy_port/install/ugv_tools/share/ugv_tools
[2.695s] creating /home/nameless/ugv_ws_jazzy_port/install/ugv_tools/share/ugv_tools/launch
[2.696s] symbolically linking /home/nameless/ugv_ws_jazzy_port/build/ugv_tools/launch/teleop_twist_joy.launch.py -> /home/nameless/ugv_ws_jazzy_port/install/ugv_tools/share/ugv_tools/launch
[2.835s] Invoked command in '/home/nameless/ugv_ws_jazzy_port/build/ugv_tools' returned '0': PYTHONPATH=/home/nameless/ugv_ws_jazzy_port/build/ugv_tools/prefix_override:/usr/lib/python3/dist-packages/colcon_core/task/python/colcon_distutils_commands:/home/nameless/ugv_ws_jazzy_port/install/ugv_tools/lib/python3.12/site-packages:${PYTHONPATH} /usr/bin/python3 -W ignore:setup.py install is deprecated -W ignore:easy_install command is deprecated setup.py develop --editable --build-directory /home/nameless/ugv_ws_jazzy_port/build/ugv_tools/build --no-deps symlink_data
