[0.035s] Invoking command in '/home/nameless/ugv_ws_jazzy_port/build/ldlidar': CMAKE_PREFIX_PATH=${CMAKE_PREFIX_PATH}:/opt/ros/jazzy /usr/bin/cmake /home/nameless/ugv_ws_jazzy_port/src/ugv_else/ldlidar -DCMAKE_INSTALL_PREFIX=/home/nameless/ugv_ws_jazzy_port/install/ldlidar
[0.991s] -- The C compiler identification is GNU 13.3.0
[1.480s] -- The CXX compiler identification is GNU 13.3.0
[1.522s] -- Detecting C compiler ABI info
[1.804s] -- Detecting C compiler ABI info - done
[1.823s] -- Check for working C compiler: /usr/bin/cc - skipped
[1.823s] -- Detecting C compile features
[1.823s] -- Detecting C compile features - done
[1.841s] -- Detecting CXX compiler ABI info
[2.156s] -- Detecting CXX compiler ABI info - done
[2.173s] -- Check for working CXX compiler: /usr/bin/c++ - skipped
[2.175s] -- Detecting CXX compile features
[2.175s] -- Detecting CXX compile features - done
[2.188s] -- Found ament_cmake: 2.5.6 (/opt/ros/jazzy/share/ament_cmake/cmake)
[2.568s] -- Found Python3: /usr/bin/python3 (found version "3.12.3") found components: Interpreter 
[2.852s] -- Found rclcpp: 28.1.18 (/opt/ros/jazzy/share/rclcpp/cmake)
[2.947s] -- Found rosidl_generator_c: 4.6.7 (/opt/ros/jazzy/share/rosidl_generator_c/cmake)
[2.975s] -- Found rosidl_generator_cpp: 4.6.7 (/opt/ros/jazzy/share/rosidl_generator_cpp/cmake)
[3.016s] -- Using all available rosidl_typesupport_c: rosidl_typesupport_fastrtps_c;rosidl_typesupport_introspection_c
[3.056s] -- Using all available rosidl_typesupport_cpp: rosidl_typesupport_fastrtps_cpp;rosidl_typesupport_introspection_cpp
[3.228s] -- Found rmw_implementation_cmake: 7.3.3 (/opt/ros/jazzy/share/rmw_implementation_cmake/cmake)
[3.236s] -- Found rmw_fastrtps_cpp: 8.4.3 (/opt/ros/jazzy/share/rmw_fastrtps_cpp/cmake)
[3.441s] -- Found OpenSSL: /usr/lib/aarch64-linux-gnu/libcrypto.so (found version "3.0.13")  
[3.480s] -- Found FastRTPS: /opt/ros/jazzy/include (Required is at least version "2.13") 
[3.522s] -- Using RMW implementation 'rmw_fastrtps_cpp' as default
[3.676s] -- Found sensor_msgs: 5.3.7 (/opt/ros/jazzy/share/sensor_msgs/cmake)
[3.777s] -- Found ament_lint_auto: 0.17.5 (/opt/ros/jazzy/share/ament_lint_auto/cmake)
[4.036s] -- Added test 'copyright' to check source files copyright and LICENSE
[4.044s] -- Added test 'cppcheck' to perform static code analysis on C / C++ code
[4.045s] -- Configured cppcheck include dirs: /home/nameless/ugv_ws_jazzy_port/src/ugv_else/ldlidar/include;/home/nameless/ugv_ws_jazzy_port/src/ugv_else/ldlidar/ldlidar_driver/include/core;/home/nameless/ugv_ws_jazzy_port/src/ugv_else/ldlidar/ldlidar_driver/include/dataprocess;/home/nameless/ugv_ws_jazzy_port/src/ugv_else/ldlidar/ldlidar_driver/include/filter;/home/nameless/ugv_ws_jazzy_port/src/ugv_else/ldlidar/ldlidar_driver/include/logger;/home/nameless/ugv_ws_jazzy_port/src/ugv_else/ldlidar/ldlidar_driver/include/networkcom;/home/nameless/ugv_ws_jazzy_port/src/ugv_else/ldlidar/ldlidar_driver/include/serialcom
[4.046s] -- Configured cppcheck exclude dirs and/or files: 
[4.052s] -- Added test 'cpplint' to check C / C++ code against the Google style
[4.054s] -- Configured cpplint exclude dirs and/or files: 
[4.054s] -- Added test 'flake8' to check Python code syntax and style conventions
[4.055s] -- Configured 'flake8' exclude dirs and/or files: 
[4.057s] -- Added test 'lint_cmake' to check CMake code style
[4.059s] -- Added test 'pep257' to check Python code against some of the docstring style conventions in PEP 257
[4.064s] -- Added test 'uncrustify' to check C / C++ code style
[4.065s] -- Configured uncrustify additional arguments: 
[4.068s] -- Added test 'xmllint' to check XML markup files
[4.084s] -- Configuring done (3.8s)
[4.112s] -- Generating done (0.0s)
[4.121s] -- Build files have been written to: /home/nameless/ugv_ws_jazzy_port/build/ldlidar
