[0.024s] Invoking command in '/home/nameless/ugv_ws_jazzy_port/build/rf2o_laser_odometry': CMAKE_PREFIX_PATH=${CMAKE_PREFIX_PATH}:/opt/ros/jazzy /usr/bin/cmake /home/nameless/ugv_ws_jazzy_port/src/ugv_else/rf2o_laser_odometry -DCMAKE_INSTALL_PREFIX=/home/nameless/ugv_ws_jazzy_port/install/rf2o_laser_odometry
[0.971s] -- The C compiler identification is GNU 13.3.0
[1.459s] -- The CXX compiler identification is GNU 13.3.0
[1.507s] -- Detecting C compiler ABI info
[1.775s] -- Detecting C compiler ABI info - done
[1.791s] -- Check for working C compiler: /usr/bin/cc - skipped
[1.792s] -- Detecting C compile features
[1.797s] -- Detecting C compile features - done
[1.819s] -- Detecting CXX compiler ABI info
[2.154s] -- Detecting CXX compiler ABI info - done
[2.181s] -- Check for working CXX compiler: /usr/bin/c++ - skipped
[2.181s] -- Detecting CXX compile features
[2.182s] -- Detecting CXX compile features - done
[2.186s] -- Found ament_cmake: 2.5.6 (/opt/ros/jazzy/share/ament_cmake/cmake)
[2.549s] -- Found Python3: /usr/bin/python3 (found version "3.12.3") found components: Interpreter 
[2.836s] -- Found rclcpp: 28.1.18 (/opt/ros/jazzy/share/rclcpp/cmake)
[2.931s] -- Found rosidl_generator_c: 4.6.7 (/opt/ros/jazzy/share/rosidl_generator_c/cmake)
[2.959s] -- Found rosidl_generator_cpp: 4.6.7 (/opt/ros/jazzy/share/rosidl_generator_cpp/cmake)
[3.001s] -- Using all available rosidl_typesupport_c: rosidl_typesupport_fastrtps_c;rosidl_typesupport_introspection_c
[3.041s] -- Using all available rosidl_typesupport_cpp: rosidl_typesupport_fastrtps_cpp;rosidl_typesupport_introspection_cpp
[3.213s] -- Found rmw_implementation_cmake: 7.3.3 (/opt/ros/jazzy/share/rmw_implementation_cmake/cmake)
[3.220s] -- Found rmw_fastrtps_cpp: 8.4.3 (/opt/ros/jazzy/share/rmw_fastrtps_cpp/cmake)
[3.426s] -- Found OpenSSL: /usr/lib/aarch64-linux-gnu/libcrypto.so (found version "3.0.13")  
[3.468s] -- Found FastRTPS: /opt/ros/jazzy/include (Required is at least version "2.13") 
[3.507s] -- Using RMW implementation 'rmw_fastrtps_cpp' as default
[3.654s] -- Found std_msgs: 5.3.7 (/opt/ros/jazzy/share/std_msgs/cmake)
[3.677s] -- Found geometry_msgs: 5.3.7 (/opt/ros/jazzy/share/geometry_msgs/cmake)
[3.700s] -- Found tf2_geometry_msgs: 0.36.20 (/opt/ros/jazzy/share/tf2_geometry_msgs/cmake)
[3.735s] -- Found eigen3_cmake_module: 0.3.0 (/opt/ros/jazzy/share/eigen3_cmake_module/cmake)
[3.742s] -- Found Eigen3: TRUE (found version "3.4.0") 
[3.742s] -- Ensuring Eigen3 include directory is part of orocos-kdl CMake target
[3.964s] -- Found sensor_msgs: 5.3.7 (/opt/ros/jazzy/share/sensor_msgs/cmake)
[4.001s] -- Found nav_msgs: 5.3.7 (/opt/ros/jazzy/share/nav_msgs/cmake)
[4.093s] -- Found Boost: /usr/lib/aarch64-linux-gnu/cmake/Boost-1.83.0/BoostConfig.cmake (found version "1.83.0")  
[4.283s] -- Configuring done (4.0s)
[4.320s] -- Generating done (0.0s)
[4.329s] -- Build files have been written to: /home/nameless/ugv_ws_jazzy_port/build/rf2o_laser_odometry
