-- Install configuration: ""
-- Execute custom install script
-- Symlinking: /home/nameless/ugv_ws_jazzy_port/install/ugv_slam/share/ugv_slam/launch/rtabmap_rgbd.launch.py
-- Symlinking: /home/nameless/ugv_ws_jazzy_port/install/ugv_slam/share/ugv_slam/rviz/view_slam_2d.rviz
-- Symlinking: /home/nameless/ugv_ws_jazzy_port/install/ugv_slam/share/ugv_slam/rviz/view_slam_3d.rviz
-- Symlinking: /home/nameless/ugv_ws_jazzy_port/install/ugv_slam/share/ament_index/resource_index/package_run_dependencies/ugv_slam
-- Symlinking: /home/nameless/ugv_ws_jazzy_port/install/ugv_slam/share/ament_index/resource_index/parent_prefix_path/ugv_slam
-- Symlinking: /home/nameless/ugv_ws_jazzy_port/install/ugv_slam/share/ugv_slam/environment/ament_prefix_path.sh
-- Symlinking: /home/nameless/ugv_ws_jazzy_port/install/ugv_slam/share/ugv_slam/environment/ament_prefix_path.dsv
-- Symlinking: /home/nameless/ugv_ws_jazzy_port/install/ugv_slam/share/ugv_slam/environment/path.sh
-- Symlinking: /home/nameless/ugv_ws_jazzy_port/install/ugv_slam/share/ugv_slam/environment/path.dsv
-- Symlinking: /home/nameless/ugv_ws_jazzy_port/install/ugv_slam/share/ugv_slam/local_setup.bash
-- Symlinking: /home/nameless/ugv_ws_jazzy_port/install/ugv_slam/share/ugv_slam/local_setup.sh
-- Symlinking: /home/nameless/ugv_ws_jazzy_port/install/ugv_slam/share/ugv_slam/local_setup.zsh
-- Symlinking: /home/nameless/ugv_ws_jazzy_port/install/ugv_slam/share/ugv_slam/local_setup.dsv
-- Symlinking: /home/nameless/ugv_ws_jazzy_port/install/ugv_slam/share/ugv_slam/package.dsv
-- Symlinking: /home/nameless/ugv_ws_jazzy_port/install/ugv_slam/share/ament_index/resource_index/packages/ugv_slam
-- Symlinking: /home/nameless/ugv_ws_jazzy_port/install/ugv_slam/share/ugv_slam/cmake/ugv_slamConfig.cmake
-- Symlinking: /home/nameless/ugv_ws_jazzy_port/install/ugv_slam/share/ugv_slam/cmake/ugv_slamConfig-version.cmake
-- Symlinking: /home/nameless/ugv_ws_jazzy_port/install/ugv_slam/share/ugv_slam/package.xml
