-- The C compiler identification is GNU 13.3.0
-- The CXX compiler identification is GNU 13.3.0
-- Detecting C compiler ABI info
-- Detecting C compiler ABI info - done
-- Check for working C compiler: /usr/bin/cc - skipped
-- Detecting C compile features
-- Detecting C compile features - done
-- Detecting CXX compiler ABI info
-- Detecting CXX compiler ABI info - done
-- Check for working CXX compiler: /usr/bin/c++ - skipped
-- Detecting CXX compile features
-- Detecting CXX compile features - done
-- Found ament_cmake: 2.5.6 (/opt/ros/jazzy/share/ament_cmake/cmake)
-- Found Python3: /usr/bin/python3 (found version "3.12.3") found components: Interpreter 
-- Found rosidl_default_generators: 1.6.0 (/opt/ros/jazzy/share/rosidl_default_generators/cmake)
-- Using all available rosidl_typesupport_c: rosidl_typesupport_fastrtps_c;rosidl_typesupport_introspection_c
-- Using all available rosidl_typesupport_cpp: rosidl_typesupport_fastrtps_cpp;rosidl_typesupport_introspection_cpp
-- Found rosidl_adapter: 4.6.7 (/opt/ros/jazzy/share/rosidl_adapter/cmake)
-- Found ament_cmake_ros: 0.12.0 (/opt/ros/jazzy/share/ament_cmake_ros/cmake)
-- Using all available rosidl_typesupport_c: rosidl_typesupport_fastrtps_c;rosidl_typesupport_introspection_c
-- Using all available rosidl_typesupport_cpp: rosidl_typesupport_fastrtps_cpp;rosidl_typesupport_introspection_cpp
-- Found python_cmake_module: 0.11.1 (/opt/ros/jazzy/share/python_cmake_module/cmake)
-- Found PythonExtra: /usr/bin/python3  
-- Found Python3: /usr/bin/python3 (found version "3.12.3") found components: Interpreter Development NumPy Development.Module Development.Embed 
-- Found Python3: /usr/bin/python3 (found version "3.12.3") found components: Interpreter 
-- Found ament_lint_auto: 0.17.5 (/opt/ros/jazzy/share/ament_lint_auto/cmake)
-- Added test 'copyright' to check source files copyright and LICENSE
-- Added test 'lint_cmake' to check CMake code style
-- Added test 'xmllint' to check XML markup files
-- Configuring done (5.1s)
-- Generating done (0.1s)
-- Build files have been written to: /home/nameless/ugv_ws_jazzy_port/build/ugv_interface
[  2%] [34m[1mGenerating type hashes for ROS interfaces[0m
[  4%] [34m[1mGenerating Rust code for ROS interfaces[0m
[  4%] Built target ament_cmake_python_copy_ugv_interface
running egg_info
creating ugv_interface.egg-info
writing ugv_interface.egg-info/PKG-INFO
writing dependency_links to ugv_interface.egg-info/dependency_links.txt
writing top-level names to ugv_interface.egg-info/top_level.txt
writing manifest file 'ugv_interface.egg-info/SOURCES.txt'
[  4%] Built target ugv_interface__rosidl_generator_type_description
[  6%] [34m[1mGenerating C code for ROS interfaces[0m
[  8%] [34m[1mGenerating C++ code for ROS interfaces[0m
reading manifest file 'ugv_interface.egg-info/SOURCES.txt'
writing manifest file 'ugv_interface.egg-info/SOURCES.txt'
[  8%] Built target ament_cmake_python_build_ugv_interface_egg
[  8%] Built target ugv_interface__rs
[  8%] Built target ugv_interface__cpp
[ 15%] [32mBuilding C object CMakeFiles/ugv_interface__rosidl_generator_c.dir/rosidl_generator_c/ugv_interface/srv/detail/map_save__functions.c.o[0m
[ 15%] [32mBuilding C object CMakeFiles/ugv_interface__rosidl_generator_c.dir/rosidl_generator_c/ugv_interface/srv/detail/map_save__type_support.c.o[0m
[ 17%] [32mBuilding C object CMakeFiles/ugv_interface__rosidl_generator_c.dir/rosidl_generator_c/ugv_interface/action/detail/behavior__description.c.o[0m
[ 15%] [32mBuilding C object CMakeFiles/ugv_interface__rosidl_generator_c.dir/rosidl_generator_c/ugv_interface/srv/detail/map_save__description.c.o[0m
[ 20%] [32mBuilding C object CMakeFiles/ugv_interface__rosidl_generator_c.dir/rosidl_generator_c/ugv_interface/action/detail/behavior__functions.c.o[0m
[ 22%] [32mBuilding C object CMakeFiles/ugv_interface__rosidl_generator_c.dir/rosidl_generator_c/ugv_interface/action/detail/behavior__type_support.c.o[0m
[ 24%] [32m[1mLinking C shared library libugv_interface__rosidl_generator_c.so[0m
[ 24%] Built target ugv_interface__rosidl_generator_c
[ 28%] [34m[1mGenerating C introspection for ROS interfaces[0m
[ 28%] [34m[1mGenerating C++ type support for eProsima Fast-RTPS[0m
[ 33%] [34m[1mGenerating C type support for eProsima Fast-RTPS[0m
[ 33%] [34m[1mGenerating C type support dispatch for ROS interfaces[0m
[ 35%] [32mBuilding CXX object CMakeFiles/ugv_interface__rosidl_typesupport_c.dir/rosidl_typesupport_c/ugv_interface/srv/map_save__type_support.cpp.o[0m
[ 37%] [32mBuilding CXX object CMakeFiles/ugv_interface__rosidl_typesupport_c.dir/rosidl_typesupport_c/ugv_interface/action/behavior__type_support.cpp.o[0m
[ 40%] [32mBuilding C object CMakeFiles/ugv_interface__rosidl_typesupport_introspection_c.dir/rosidl_typesupport_introspection_c/ugv_interface/srv/detail/map_save__type_support.c.o[0m
[ 42%] [32m[1mLinking CXX shared library libugv_interface__rosidl_typesupport_c.so[0m
[ 44%] [32mBuilding C object CMakeFiles/ugv_interface__rosidl_typesupport_introspection_c.dir/rosidl_typesupport_introspection_c/ugv_interface/action/detail/behavior__type_support.c.o[0m
[ 44%] Built target ugv_interface__rosidl_typesupport_c
[ 46%] [34m[1mGenerating C++ introspection for ROS interfaces[0m
[ 48%] [32mBuilding CXX object CMakeFiles/ugv_interface__rosidl_typesupport_fastrtps_cpp.dir/rosidl_typesupport_fastrtps_cpp/ugv_interface/srv/detail/dds_fastrtps/map_save__type_support.cpp.o[0m
[ 51%] [32m[1mLinking C shared library libugv_interface__rosidl_typesupport_introspection_c.so[0m
[ 53%] [32mBuilding CXX object CMakeFiles/ugv_interface__rosidl_typesupport_fastrtps_c.dir/rosidl_typesupport_fastrtps_c/ugv_interface/srv/detail/map_save__type_support_c.cpp.o[0m
[ 53%] Built target ugv_interface__rosidl_typesupport_introspection_c
[ 55%] [32mBuilding CXX object CMakeFiles/ugv_interface__rosidl_typesupport_fastrtps_c.dir/rosidl_typesupport_fastrtps_c/ugv_interface/action/detail/behavior__type_support_c.cpp.o[0m
[ 57%] [32mBuilding CXX object CMakeFiles/ugv_interface__rosidl_typesupport_introspection_cpp.dir/rosidl_typesupport_introspection_cpp/ugv_interface/srv/detail/map_save__type_support.cpp.o[0m
[ 60%] [32mBuilding CXX object CMakeFiles/ugv_interface__rosidl_typesupport_introspection_cpp.dir/rosidl_typesupport_introspection_cpp/ugv_interface/action/detail/behavior__type_support.cpp.o[0m
[ 62%] [32mBuilding CXX object CMakeFiles/ugv_interface__rosidl_typesupport_fastrtps_cpp.dir/rosidl_typesupport_fastrtps_cpp/ugv_interface/action/detail/dds_fastrtps/behavior__type_support.cpp.o[0m
[ 64%] [32m[1mLinking CXX shared library libugv_interface__rosidl_typesupport_fastrtps_c.so[0m
[ 64%] Built target ugv_interface__rosidl_typesupport_fastrtps_c
[ 66%] [34m[1mGenerating C++ type support dispatch for ROS interfaces[0m
[ 71%] [32mBuilding CXX object CMakeFiles/ugv_interface__rosidl_typesupport_cpp.dir/rosidl_typesupport_cpp/ugv_interface/action/behavior__type_support.cpp.o[0m
[ 71%] [32mBuilding CXX object CMakeFiles/ugv_interface__rosidl_typesupport_cpp.dir/rosidl_typesupport_cpp/ugv_interface/srv/map_save__type_support.cpp.o[0m
[ 73%] [32m[1mLinking CXX shared library libugv_interface__rosidl_typesupport_introspection_cpp.so[0m
[ 73%] Built target ugv_interface__rosidl_typesupport_introspection_cpp
[ 75%] [32m[1mLinking CXX shared library libugv_interface__rosidl_typesupport_fastrtps_cpp.so[0m
[ 75%] Built target ugv_interface__rosidl_typesupport_fastrtps_cpp
[ 77%] [32m[1mLinking CXX shared library libugv_interface__rosidl_typesupport_cpp.so[0m
[ 77%] Built target ugv_interface__rosidl_typesupport_cpp
[ 77%] Built target ugv_interface
[ 80%] [34m[1mGenerating Python code for ROS interfaces[0m
[ 80%] Built target ugv_interface__py
[ 84%] [32mBuilding C object CMakeFiles/ugv_interface__rosidl_generator_py.dir/rosidl_generator_py/ugv_interface/srv/_map_save_s.c.o[0m
[ 84%] [32mBuilding C object CMakeFiles/ugv_interface__rosidl_generator_py.dir/rosidl_generator_py/ugv_interface/action/_behavior_s.c.o[0m
[ 86%] [32m[1mLinking C shared library libugv_interface__rosidl_generator_py.so[0m
[ 86%] Built target ugv_interface__rosidl_generator_py
[ 93%] [32mBuilding C object CMakeFiles/ugv_interface_s__rosidl_typesupport_introspection_c.dir/rosidl_generator_py/ugv_interface/_ugv_interface_s.ep.rosidl_typesupport_introspection_c.c.o[0m
[ 93%] [32mBuilding C object CMakeFiles/ugv_interface_s__rosidl_typesupport_fastrtps_c.dir/rosidl_generator_py/ugv_interface/_ugv_interface_s.ep.rosidl_typesupport_fastrtps_c.c.o[0m
[ 93%] [32mBuilding C object CMakeFiles/ugv_interface_s__rosidl_typesupport_c.dir/rosidl_generator_py/ugv_interface/_ugv_interface_s.ep.rosidl_typesupport_c.c.o[0m
[ 95%] [32m[1mLinking C shared module rosidl_generator_py/ugv_interface/ugv_interface_s__rosidl_typesupport_c.so[0m
[ 97%] [32m[1mLinking C shared module rosidl_generator_py/ugv_interface/ugv_interface_s__rosidl_typesupport_introspection_c.so[0m
[100%] [32m[1mLinking C shared module rosidl_generator_py/ugv_interface/ugv_interface_s__rosidl_typesupport_fastrtps_c.so[0m
[100%] Built target ugv_interface_s__rosidl_typesupport_introspection_c
[100%] Built target ugv_interface_s__rosidl_typesupport_c
[100%] Built target ugv_interface_s__rosidl_typesupport_fastrtps_c
-- Install configuration: ""
-- Installing: /home/nameless/ugv_ws_jazzy_port/install/ugv_interface/share/ament_index/resource_index/rosidl_interfaces/ugv_interface
-- Installing: /home/nameless/ugv_ws_jazzy_port/install/ugv_interface/share/ugv_interface/srv/MapSave.json
-- Installing: /home/nameless/ugv_ws_jazzy_port/install/ugv_interface/share/ugv_interface/action/Behavior.json
-- Installing: /home/nameless/ugv_ws_jazzy_port/install/ugv_interface/include/ugv_interface/ugv_interface
-- Installing: /home/nameless/ugv_ws_jazzy_port/install/ugv_interface/include/ugv_interface/ugv_interface/msg
-- Installing: /home/nameless/ugv_ws_jazzy_port/install/ugv_interface/include/ugv_interface/ugv_interface/msg/rosidl_generator_c__visibility_control.h
-- Installing: /home/nameless/ugv_ws_jazzy_port/install/ugv_interface/include/ugv_interface/ugv_interface/srv
-- Installing: /home/nameless/ugv_ws_jazzy_port/install/ugv_interface/include/ugv_interface/ugv_interface/srv/detail
-- Installing: /home/nameless/ugv_ws_jazzy_port/install/ugv_interface/include/ugv_interface/ugv_interface/srv/detail/map_save__struct.h
-- Installing: /home/nameless/ugv_ws_jazzy_port/install/ugv_interface/include/ugv_interface/ugv_interface/srv/detail/map_save__functions.h
-- Installing: /home/nameless/ugv_ws_jazzy_port/install/ugv_interface/include/ugv_interface/ugv_interface/srv/detail/map_save__description.c
-- Installing: /home/nameless/ugv_ws_jazzy_port/install/ugv_interface/include/ugv_interface/ugv_interface/srv/detail/map_save__functions.c
-- Installing: /home/nameless/ugv_ws_jazzy_port/install/ugv_interface/include/ugv_interface/ugv_interface/srv/detail/map_save__type_support.c
-- Installing: /home/nameless/ugv_ws_jazzy_port/install/ugv_interface/include/ugv_interface/ugv_interface/srv/detail/map_save__type_support.h
-- Installing: /home/nameless/ugv_ws_jazzy_port/install/ugv_interface/include/ugv_interface/ugv_interface/srv/map_save.h
-- Installing: /home/nameless/ugv_ws_jazzy_port/install/ugv_interface/include/ugv_interface/ugv_interface/action
-- Installing: /home/nameless/ugv_ws_jazzy_port/install/ugv_interface/include/ugv_interface/ugv_interface/action/behavior.h
-- Installing: /home/nameless/ugv_ws_jazzy_port/install/ugv_interface/include/ugv_interface/ugv_interface/action/detail
-- Installing: /home/nameless/ugv_ws_jazzy_port/install/ugv_interface/include/ugv_interface/ugv_interface/action/detail/behavior__type_support.c
-- Installing: /home/nameless/ugv_ws_jazzy_port/install/ugv_interface/include/ugv_interface/ugv_interface/action/detail/behavior__functions.c
-- Installing: /home/nameless/ugv_ws_jazzy_port/install/ugv_interface/include/ugv_interface/ugv_interface/action/detail/behavior__struct.h
-- Installing: /home/nameless/ugv_ws_jazzy_port/install/ugv_interface/include/ugv_interface/ugv_interface/action/detail/behavior__description.c
-- Installing: /home/nameless/ugv_ws_jazzy_port/install/ugv_interface/include/ugv_interface/ugv_interface/action/detail/behavior__functions.h
-- Installing: /home/nameless/ugv_ws_jazzy_port/install/ugv_interface/include/ugv_interface/ugv_interface/action/detail/behavior__type_support.h
-- Installing: /home/nameless/ugv_ws_jazzy_port/install/ugv_interface/share/ugv_interface/environment/library_path.sh
-- Installing: /home/nameless/ugv_ws_jazzy_port/install/ugv_interface/share/ugv_interface/environment/library_path.dsv
-- Installing: /home/nameless/ugv_ws_jazzy_port/install/ugv_interface/lib/libugv_interface__rosidl_generator_c.so
-- Set non-toolchain portion of runtime path of "/home/nameless/ugv_ws_jazzy_port/install/ugv_interface/lib/libugv_interface__rosidl_generator_c.so" to ""
-- Up-to-date: /home/nameless/ugv_ws_jazzy_port/install/ugv_interface/include/ugv_interface/ugv_interface
-- Up-to-date: /home/nameless/ugv_ws_jazzy_port/install/ugv_interface/include/ugv_interface/ugv_interface/msg
-- Installing: /home/nameless/ugv_ws_jazzy_port/install/ugv_interface/include/ugv_interface/ugv_interface/msg/rosidl_typesupport_fastrtps_c__visibility_control.h
-- Up-to-date: /home/nameless/ugv_ws_jazzy_port/install/ugv_interface/include/ugv_interface/ugv_interface/srv
-- Up-to-date: /home/nameless/ugv_ws_jazzy_port/install/ugv_interface/include/ugv_interface/ugv_interface/srv/detail
-- Installing: /home/nameless/ugv_ws_jazzy_port/install/ugv_interface/include/ugv_interface/ugv_interface/srv/detail/map_save__rosidl_typesupport_fastrtps_c.h
-- Up-to-date: /home/nameless/ugv_ws_jazzy_port/install/ugv_interface/include/ugv_interface/ugv_interface/action
-- Up-to-date: /home/nameless/ugv_ws_jazzy_port/install/ugv_interface/include/ugv_interface/ugv_interface/action/detail
-- Installing: /home/nameless/ugv_ws_jazzy_port/install/ugv_interface/include/ugv_interface/ugv_interface/action/detail/behavior__rosidl_typesupport_fastrtps_c.h
-- Installing: /home/nameless/ugv_ws_jazzy_port/install/ugv_interface/lib/libugv_interface__rosidl_typesupport_fastrtps_c.so
-- Set non-toolchain portion of runtime path of "/home/nameless/ugv_ws_jazzy_port/install/ugv_interface/lib/libugv_interface__rosidl_typesupport_fastrtps_c.so" to ""
-- Up-to-date: /home/nameless/ugv_ws_jazzy_port/install/ugv_interface/include/ugv_interface/ugv_interface
-- Up-to-date: /home/nameless/ugv_ws_jazzy_port/install/ugv_interface/include/ugv_interface/ugv_interface/msg
-- Installing: /home/nameless/ugv_ws_jazzy_port/install/ugv_interface/include/ugv_interface/ugv_interface/msg/rosidl_typesupport_introspection_c__visibility_control.h
-- Up-to-date: /home/nameless/ugv_ws_jazzy_port/install/ugv_interface/include/ugv_interface/ugv_interface/srv
-- Up-to-date: /home/nameless/ugv_ws_jazzy_port/install/ugv_interface/include/ugv_interface/ugv_interface/srv/detail
-- Installing: /home/nameless/ugv_ws_jazzy_port/install/ugv_interface/include/ugv_interface/ugv_interface/srv/detail/map_save__rosidl_typesupport_introspection_c.h
-- Installing: /home/nameless/ugv_ws_jazzy_port/install/ugv_interface/include/ugv_interface/ugv_interface/srv/detail/map_save__type_support.c
-- Up-to-date: /home/nameless/ugv_ws_jazzy_port/install/ugv_interface/include/ugv_interface/ugv_interface/action
-- Up-to-date: /home/nameless/ugv_ws_jazzy_port/install/ugv_interface/include/ugv_interface/ugv_interface/action/detail
-- Installing: /home/nameless/ugv_ws_jazzy_port/install/ugv_interface/include/ugv_interface/ugv_interface/action/detail/behavior__type_support.c
-- Installing: /home/nameless/ugv_ws_jazzy_port/install/ugv_interface/include/ugv_interface/ugv_interface/action/detail/behavior__rosidl_typesupport_introspection_c.h
-- Installing: /home/nameless/ugv_ws_jazzy_port/install/ugv_interface/lib/libugv_interface__rosidl_typesupport_introspection_c.so
-- Set non-toolchain portion of runtime path of "/home/nameless/ugv_ws_jazzy_port/install/ugv_interface/lib/libugv_interface__rosidl_typesupport_introspection_c.so" to ""
-- Installing: /home/nameless/ugv_ws_jazzy_port/install/ugv_interface/lib/libugv_interface__rosidl_typesupport_c.so
-- Set non-toolchain portion of runtime path of "/home/nameless/ugv_ws_jazzy_port/install/ugv_interface/lib/libugv_interface__rosidl_typesupport_c.so" to ""
-- Up-to-date: /home/nameless/ugv_ws_jazzy_port/install/ugv_interface/include/ugv_interface/ugv_interface
-- Up-to-date: /home/nameless/ugv_ws_jazzy_port/install/ugv_interface/include/ugv_interface/ugv_interface/msg
-- Installing: /home/nameless/ugv_ws_jazzy_port/install/ugv_interface/include/ugv_interface/ugv_interface/msg/rosidl_generator_cpp__visibility_control.hpp
-- Up-to-date: /home/nameless/ugv_ws_jazzy_port/install/ugv_interface/include/ugv_interface/ugv_interface/srv
-- Up-to-date: /home/nameless/ugv_ws_jazzy_port/install/ugv_interface/include/ugv_interface/ugv_interface/srv/detail
-- Installing: /home/nameless/ugv_ws_jazzy_port/install/ugv_interface/include/ugv_interface/ugv_interface/srv/detail/map_save__builder.hpp
-- Installing: /home/nameless/ugv_ws_jazzy_port/install/ugv_interface/include/ugv_interface/ugv_interface/srv/detail/map_save__type_support.hpp
-- Installing: /home/nameless/ugv_ws_jazzy_port/install/ugv_interface/include/ugv_interface/ugv_interface/srv/detail/map_save__struct.hpp
-- Installing: /home/nameless/ugv_ws_jazzy_port/install/ugv_interface/include/ugv_interface/ugv_interface/srv/detail/map_save__traits.hpp
-- Installing: /home/nameless/ugv_ws_jazzy_port/install/ugv_interface/include/ugv_interface/ugv_interface/srv/map_save.hpp
-- Up-to-date: /home/nameless/ugv_ws_jazzy_port/install/ugv_interface/include/ugv_interface/ugv_interface/action
-- Installing: /home/nameless/ugv_ws_jazzy_port/install/ugv_interface/include/ugv_interface/ugv_interface/action/behavior.hpp
-- Up-to-date: /home/nameless/ugv_ws_jazzy_port/install/ugv_interface/include/ugv_interface/ugv_interface/action/detail
-- Installing: /home/nameless/ugv_ws_jazzy_port/install/ugv_interface/include/ugv_interface/ugv_interface/action/detail/behavior__struct.hpp
-- Installing: /home/nameless/ugv_ws_jazzy_port/install/ugv_interface/include/ugv_interface/ugv_interface/action/detail/behavior__traits.hpp
-- Installing: /home/nameless/ugv_ws_jazzy_port/install/ugv_interface/include/ugv_interface/ugv_interface/action/detail/behavior__type_support.hpp
-- Installing: /home/nameless/ugv_ws_jazzy_port/install/ugv_interface/include/ugv_interface/ugv_interface/action/detail/behavior__builder.hpp
-- Up-to-date: /home/nameless/ugv_ws_jazzy_port/install/ugv_interface/include/ugv_interface/ugv_interface
-- Up-to-date: /home/nameless/ugv_ws_jazzy_port/install/ugv_interface/include/ugv_interface/ugv_interface/msg
-- Installing: /home/nameless/ugv_ws_jazzy_port/install/ugv_interface/include/ugv_interface/ugv_interface/msg/rosidl_typesupport_fastrtps_cpp__visibility_control.h
-- Up-to-date: /home/nameless/ugv_ws_jazzy_port/install/ugv_interface/include/ugv_interface/ugv_interface/srv
-- Up-to-date: /home/nameless/ugv_ws_jazzy_port/install/ugv_interface/include/ugv_interface/ugv_interface/srv/detail
-- Installing: /home/nameless/ugv_ws_jazzy_port/install/ugv_interface/include/ugv_interface/ugv_interface/srv/detail/dds_fastrtps
-- Installing: /home/nameless/ugv_ws_jazzy_port/install/ugv_interface/include/ugv_interface/ugv_interface/srv/detail/map_save__rosidl_typesupport_fastrtps_cpp.hpp
-- Up-to-date: /home/nameless/ugv_ws_jazzy_port/install/ugv_interface/include/ugv_interface/ugv_interface/action
-- Up-to-date: /home/nameless/ugv_ws_jazzy_port/install/ugv_interface/include/ugv_interface/ugv_interface/action/detail
-- Installing: /home/nameless/ugv_ws_jazzy_port/install/ugv_interface/include/ugv_interface/ugv_interface/action/detail/behavior__rosidl_typesupport_fastrtps_cpp.hpp
-- Installing: /home/nameless/ugv_ws_jazzy_port/install/ugv_interface/include/ugv_interface/ugv_interface/action/detail/dds_fastrtps
-- Installing: /home/nameless/ugv_ws_jazzy_port/install/ugv_interface/lib/libugv_interface__rosidl_typesupport_fastrtps_cpp.so
-- Set non-toolchain portion of runtime path of "/home/nameless/ugv_ws_jazzy_port/install/ugv_interface/lib/libugv_interface__rosidl_typesupport_fastrtps_cpp.so" to ""
-- Up-to-date: /home/nameless/ugv_ws_jazzy_port/install/ugv_interface/include/ugv_interface/ugv_interface
-- Up-to-date: /home/nameless/ugv_ws_jazzy_port/install/ugv_interface/include/ugv_interface/ugv_interface/srv
-- Up-to-date: /home/nameless/ugv_ws_jazzy_port/install/ugv_interface/include/ugv_interface/ugv_interface/srv/detail
-- Installing: /home/nameless/ugv_ws_jazzy_port/install/ugv_interface/include/ugv_interface/ugv_interface/srv/detail/map_save__rosidl_typesupport_introspection_cpp.hpp
-- Installing: /home/nameless/ugv_ws_jazzy_port/install/ugv_interface/include/ugv_interface/ugv_interface/srv/detail/map_save__type_support.cpp
-- Up-to-date: /home/nameless/ugv_ws_jazzy_port/install/ugv_interface/include/ugv_interface/ugv_interface/action
-- Up-to-date: /home/nameless/ugv_ws_jazzy_port/install/ugv_interface/include/ugv_interface/ugv_interface/action/detail
-- Installing: /home/nameless/ugv_ws_jazzy_port/install/ugv_interface/include/ugv_interface/ugv_interface/action/detail/behavior__rosidl_typesupport_introspection_cpp.hpp
-- Installing: /home/nameless/ugv_ws_jazzy_port/install/ugv_interface/include/ugv_interface/ugv_interface/action/detail/behavior__type_support.cpp
-- Installing: /home/nameless/ugv_ws_jazzy_port/install/ugv_interface/lib/libugv_interface__rosidl_typesupport_introspection_cpp.so
-- Set non-toolchain portion of runtime path of "/home/nameless/ugv_ws_jazzy_port/install/ugv_interface/lib/libugv_interface__rosidl_typesupport_introspection_cpp.so" to ""
-- Installing: /home/nameless/ugv_ws_jazzy_port/install/ugv_interface/lib/libugv_interface__rosidl_typesupport_cpp.so
-- Set non-toolchain portion of runtime path of "/home/nameless/ugv_ws_jazzy_port/install/ugv_interface/lib/libugv_interface__rosidl_typesupport_cpp.so" to ""
-- Installing: /home/nameless/ugv_ws_jazzy_port/install/ugv_interface/share/ugv_interface/environment/pythonpath.sh
-- Installing: /home/nameless/ugv_ws_jazzy_port/install/ugv_interface/share/ugv_interface/environment/pythonpath.dsv
-- Installing: /home/nameless/ugv_ws_jazzy_port/install/ugv_interface/lib/python3.12/site-packages/ugv_interface-0.0.0-py3.12.egg-info
-- Installing: /home/nameless/ugv_ws_jazzy_port/install/ugv_interface/lib/python3.12/site-packages/ugv_interface-0.0.0-py3.12.egg-info/dependency_links.txt
-- Installing: /home/nameless/ugv_ws_jazzy_port/install/ugv_interface/lib/python3.12/site-packages/ugv_interface-0.0.0-py3.12.egg-info/SOURCES.txt
-- Installing: /home/nameless/ugv_ws_jazzy_port/install/ugv_interface/lib/python3.12/site-packages/ugv_interface-0.0.0-py3.12.egg-info/top_level.txt
-- Installing: /home/nameless/ugv_ws_jazzy_port/install/ugv_interface/lib/python3.12/site-packages/ugv_interface-0.0.0-py3.12.egg-info/PKG-INFO
-- Installing: /home/nameless/ugv_ws_jazzy_port/install/ugv_interface/lib/python3.12/site-packages/ugv_interface
-- Installing: /home/nameless/ugv_ws_jazzy_port/install/ugv_interface/lib/python3.12/site-packages/ugv_interface/ugv_interface_s__rosidl_typesupport_introspection_c.so
-- Installing: /home/nameless/ugv_ws_jazzy_port/install/ugv_interface/lib/python3.12/site-packages/ugv_interface/srv
-- Installing: /home/nameless/ugv_ws_jazzy_port/install/ugv_interface/lib/python3.12/site-packages/ugv_interface/srv/__init__.py
-- Installing: /home/nameless/ugv_ws_jazzy_port/install/ugv_interface/lib/python3.12/site-packages/ugv_interface/srv/_map_save.py
-- Installing: /home/nameless/ugv_ws_jazzy_port/install/ugv_interface/lib/python3.12/site-packages/ugv_interface/srv/_map_save_s.c
-- Installing: /home/nameless/ugv_ws_jazzy_port/install/ugv_interface/lib/python3.12/site-packages/ugv_interface/__init__.py
-- Installing: /home/nameless/ugv_ws_jazzy_port/install/ugv_interface/lib/python3.12/site-packages/ugv_interface/_ugv_interface_s.ep.rosidl_typesupport_fastrtps_c.c
-- Installing: /home/nameless/ugv_ws_jazzy_port/install/ugv_interface/lib/python3.12/site-packages/ugv_interface/action
-- Installing: /home/nameless/ugv_ws_jazzy_port/install/ugv_interface/lib/python3.12/site-packages/ugv_interface/action/_behavior_s.c
-- Installing: /home/nameless/ugv_ws_jazzy_port/install/ugv_interface/lib/python3.12/site-packages/ugv_interface/action/_behavior.py
-- Installing: /home/nameless/ugv_ws_jazzy_port/install/ugv_interface/lib/python3.12/site-packages/ugv_interface/action/__init__.py
-- Installing: /home/nameless/ugv_ws_jazzy_port/install/ugv_interface/lib/python3.12/site-packages/ugv_interface/_ugv_interface_s.ep.rosidl_typesupport_introspection_c.c
-- Installing: /home/nameless/ugv_ws_jazzy_port/install/ugv_interface/lib/python3.12/site-packages/ugv_interface/ugv_interface_s__rosidl_typesupport_fastrtps_c.so
-- Installing: /home/nameless/ugv_ws_jazzy_port/install/ugv_interface/lib/python3.12/site-packages/ugv_interface/ugv_interface_s__rosidl_typesupport_c.so
-- Installing: /home/nameless/ugv_ws_jazzy_port/install/ugv_interface/lib/python3.12/site-packages/ugv_interface/_ugv_interface_s.ep.rosidl_typesupport_c.c
Listing '/home/nameless/ugv_ws_jazzy_port/install/ugv_interface/lib/python3.12/site-packages/ugv_interface'...
Compiling '/home/nameless/ugv_ws_jazzy_port/install/ugv_interface/lib/python3.12/site-packages/ugv_interface/__init__.py'...
Listing '/home/nameless/ugv_ws_jazzy_port/install/ugv_interface/lib/python3.12/site-packages/ugv_interface/action'...
Compiling '/home/nameless/ugv_ws_jazzy_port/install/ugv_interface/lib/python3.12/site-packages/ugv_interface/action/__init__.py'...
Compiling '/home/nameless/ugv_ws_jazzy_port/install/ugv_interface/lib/python3.12/site-packages/ugv_interface/action/_behavior.py'...
Listing '/home/nameless/ugv_ws_jazzy_port/install/ugv_interface/lib/python3.12/site-packages/ugv_interface/srv'...
Compiling '/home/nameless/ugv_ws_jazzy_port/install/ugv_interface/lib/python3.12/site-packages/ugv_interface/srv/__init__.py'...
Compiling '/home/nameless/ugv_ws_jazzy_port/install/ugv_interface/lib/python3.12/site-packages/ugv_interface/srv/_map_save.py'...
-- Installing: /home/nameless/ugv_ws_jazzy_port/install/ugv_interface/lib/python3.12/site-packages/ugv_interface/ugv_interface_s__rosidl_typesupport_fastrtps_c.so
-- Set non-toolchain portion of runtime path of "/home/nameless/ugv_ws_jazzy_port/install/ugv_interface/lib/python3.12/site-packages/ugv_interface/ugv_interface_s__rosidl_typesupport_fastrtps_c.so" to ""
-- Installing: /home/nameless/ugv_ws_jazzy_port/install/ugv_interface/lib/python3.12/site-packages/ugv_interface/ugv_interface_s__rosidl_typesupport_introspection_c.so
-- Set non-toolchain portion of runtime path of "/home/nameless/ugv_ws_jazzy_port/install/ugv_interface/lib/python3.12/site-packages/ugv_interface/ugv_interface_s__rosidl_typesupport_introspection_c.so" to ""
-- Installing: /home/nameless/ugv_ws_jazzy_port/install/ugv_interface/lib/python3.12/site-packages/ugv_interface/ugv_interface_s__rosidl_typesupport_c.so
-- Set non-toolchain portion of runtime path of "/home/nameless/ugv_ws_jazzy_port/install/ugv_interface/lib/python3.12/site-packages/ugv_interface/ugv_interface_s__rosidl_typesupport_c.so" to ""
-- Installing: /home/nameless/ugv_ws_jazzy_port/install/ugv_interface/lib/libugv_interface__rosidl_generator_py.so
-- Set non-toolchain portion of runtime path of "/home/nameless/ugv_ws_jazzy_port/install/ugv_interface/lib/libugv_interface__rosidl_generator_py.so" to ""
-- Installing: /home/nameless/ugv_ws_jazzy_port/install/ugv_interface/share/ament_index/resource_index/rust_packages/ugv_interface
-- Installing: /home/nameless/ugv_ws_jazzy_port/install/ugv_interface/share/ugv_interface/rust
-- Installing: /home/nameless/ugv_ws_jazzy_port/install/ugv_interface/share/ugv_interface/rust/src
-- Installing: /home/nameless/ugv_ws_jazzy_port/install/ugv_interface/share/ugv_interface/rust/src/srv
-- Installing: /home/nameless/ugv_ws_jazzy_port/install/ugv_interface/share/ugv_interface/rust/src/srv/rmw.rs
-- Installing: /home/nameless/ugv_ws_jazzy_port/install/ugv_interface/share/ugv_interface/rust/src/action.rs
-- Installing: /home/nameless/ugv_ws_jazzy_port/install/ugv_interface/share/ugv_interface/rust/src/action
-- Installing: /home/nameless/ugv_ws_jazzy_port/install/ugv_interface/share/ugv_interface/rust/src/action/rmw.rs
-- Installing: /home/nameless/ugv_ws_jazzy_port/install/ugv_interface/share/ugv_interface/rust/src/lib.rs
-- Installing: /home/nameless/ugv_ws_jazzy_port/install/ugv_interface/share/ugv_interface/rust/src/srv.rs
-- Installing: /home/nameless/ugv_ws_jazzy_port/install/ugv_interface/share/ugv_interface/rust/build.rs
-- Installing: /home/nameless/ugv_ws_jazzy_port/install/ugv_interface/share/ugv_interface/rust/Cargo.toml
-- Installing: /home/nameless/ugv_ws_jazzy_port/install/ugv_interface/share/ugv_interface/srv/MapSave.idl
-- Installing: /home/nameless/ugv_ws_jazzy_port/install/ugv_interface/share/ugv_interface/action/Behavior.idl
-- Installing: /home/nameless/ugv_ws_jazzy_port/install/ugv_interface/share/ugv_interface/srv/MapSave.srv
-- Installing: /home/nameless/ugv_ws_jazzy_port/install/ugv_interface/share/ugv_interface/action/Behavior.action
-- Up-to-date: /home/nameless/ugv_ws_jazzy_port/install/ugv_interface/share/ugv_interface/srv
-- Up-to-date: /home/nameless/ugv_ws_jazzy_port/install/ugv_interface/share/ugv_interface/srv/MapSave.srv
-- Up-to-date: /home/nameless/ugv_ws_jazzy_port/install/ugv_interface/share/ugv_interface/action
-- Up-to-date: /home/nameless/ugv_ws_jazzy_port/install/ugv_interface/share/ugv_interface/action/Behavior.action
-- Installing: /home/nameless/ugv_ws_jazzy_port/install/ugv_interface/share/ament_index/resource_index/package_run_dependencies/ugv_interface
-- Installing: /home/nameless/ugv_ws_jazzy_port/install/ugv_interface/share/ament_index/resource_index/parent_prefix_path/ugv_interface
-- Installing: /home/nameless/ugv_ws_jazzy_port/install/ugv_interface/share/ugv_interface/environment/ament_prefix_path.sh
-- Installing: /home/nameless/ugv_ws_jazzy_port/install/ugv_interface/share/ugv_interface/environment/ament_prefix_path.dsv
-- Installing: /home/nameless/ugv_ws_jazzy_port/install/ugv_interface/share/ugv_interface/environment/path.sh
-- Installing: /home/nameless/ugv_ws_jazzy_port/install/ugv_interface/share/ugv_interface/environment/path.dsv
-- Installing: /home/nameless/ugv_ws_jazzy_port/install/ugv_interface/share/ugv_interface/local_setup.bash
-- Installing: /home/nameless/ugv_ws_jazzy_port/install/ugv_interface/share/ugv_interface/local_setup.sh
-- Installing: /home/nameless/ugv_ws_jazzy_port/install/ugv_interface/share/ugv_interface/local_setup.zsh
-- Installing: /home/nameless/ugv_ws_jazzy_port/install/ugv_interface/share/ugv_interface/local_setup.dsv
-- Installing: /home/nameless/ugv_ws_jazzy_port/install/ugv_interface/share/ugv_interface/package.dsv
-- Installing: /home/nameless/ugv_ws_jazzy_port/install/ugv_interface/share/ament_index/resource_index/packages/ugv_interface
-- Installing: /home/nameless/ugv_ws_jazzy_port/install/ugv_interface/share/ugv_interface/cmake/export_ugv_interface__rosidl_generator_cExport.cmake
-- Installing: /home/nameless/ugv_ws_jazzy_port/install/ugv_interface/share/ugv_interface/cmake/export_ugv_interface__rosidl_generator_cExport-noconfig.cmake
-- Installing: /home/nameless/ugv_ws_jazzy_port/install/ugv_interface/share/ugv_interface/cmake/export_ugv_interface__rosidl_typesupport_fastrtps_cExport.cmake
-- Installing: /home/nameless/ugv_ws_jazzy_port/install/ugv_interface/share/ugv_interface/cmake/export_ugv_interface__rosidl_typesupport_fastrtps_cExport-noconfig.cmake
-- Installing: /home/nameless/ugv_ws_jazzy_port/install/ugv_interface/share/ugv_interface/cmake/ugv_interface__rosidl_typesupport_introspection_cExport.cmake
-- Installing: /home/nameless/ugv_ws_jazzy_port/install/ugv_interface/share/ugv_interface/cmake/ugv_interface__rosidl_typesupport_introspection_cExport-noconfig.cmake
-- Installing: /home/nameless/ugv_ws_jazzy_port/install/ugv_interface/share/ugv_interface/cmake/ugv_interface__rosidl_typesupport_cExport.cmake
-- Installing: /home/nameless/ugv_ws_jazzy_port/install/ugv_interface/share/ugv_interface/cmake/ugv_interface__rosidl_typesupport_cExport-noconfig.cmake
-- Installing: /home/nameless/ugv_ws_jazzy_port/install/ugv_interface/share/ugv_interface/cmake/export_ugv_interface__rosidl_generator_cppExport.cmake
-- Installing: /home/nameless/ugv_ws_jazzy_port/install/ugv_interface/share/ugv_interface/cmake/export_ugv_interface__rosidl_typesupport_fastrtps_cppExport.cmake
-- Installing: /home/nameless/ugv_ws_jazzy_port/install/ugv_interface/share/ugv_interface/cmake/export_ugv_interface__rosidl_typesupport_fastrtps_cppExport-noconfig.cmake
-- Installing: /home/nameless/ugv_ws_jazzy_port/install/ugv_interface/share/ugv_interface/cmake/ugv_interface__rosidl_typesupport_introspection_cppExport.cmake
-- Installing: /home/nameless/ugv_ws_jazzy_port/install/ugv_interface/share/ugv_interface/cmake/ugv_interface__rosidl_typesupport_introspection_cppExport-noconfig.cmake
-- Installing: /home/nameless/ugv_ws_jazzy_port/install/ugv_interface/share/ugv_interface/cmake/ugv_interface__rosidl_typesupport_cppExport.cmake
-- Installing: /home/nameless/ugv_ws_jazzy_port/install/ugv_interface/share/ugv_interface/cmake/ugv_interface__rosidl_typesupport_cppExport-noconfig.cmake
-- Installing: /home/nameless/ugv_ws_jazzy_port/install/ugv_interface/share/ugv_interface/cmake/export_ugv_interface__rosidl_generator_pyExport.cmake
-- Installing: /home/nameless/ugv_ws_jazzy_port/install/ugv_interface/share/ugv_interface/cmake/export_ugv_interface__rosidl_generator_pyExport-noconfig.cmake
-- Installing: /home/nameless/ugv_ws_jazzy_port/install/ugv_interface/share/ugv_interface/cmake/rosidl_cmake-extras.cmake
-- Installing: /home/nameless/ugv_ws_jazzy_port/install/ugv_interface/share/ugv_interface/cmake/ament_cmake_export_dependencies-extras.cmake
-- Installing: /home/nameless/ugv_ws_jazzy_port/install/ugv_interface/share/ugv_interface/cmake/ament_cmake_export_include_directories-extras.cmake
-- Installing: /home/nameless/ugv_ws_jazzy_port/install/ugv_interface/share/ugv_interface/cmake/ament_cmake_export_libraries-extras.cmake
-- Installing: /home/nameless/ugv_ws_jazzy_port/install/ugv_interface/share/ugv_interface/cmake/ament_cmake_export_targets-extras.cmake
-- Installing: /home/nameless/ugv_ws_jazzy_port/install/ugv_interface/share/ugv_interface/cmake/rosidl_cmake_export_typesupport_targets-extras.cmake
-- Installing: /home/nameless/ugv_ws_jazzy_port/install/ugv_interface/share/ugv_interface/cmake/rosidl_cmake_export_typesupport_libraries-extras.cmake
-- Installing: /home/nameless/ugv_ws_jazzy_port/install/ugv_interface/share/ugv_interface/cmake/ugv_interfaceConfig.cmake
-- Installing: /home/nameless/ugv_ws_jazzy_port/install/ugv_interface/share/ugv_interface/cmake/ugv_interfaceConfig-version.cmake
-- Installing: /home/nameless/ugv_ws_jazzy_port/install/ugv_interface/share/ugv_interface/package.xml
