[0.415s] Invoking command in '/home/nameless/ugv_ws_jazzy_port/build/ugv_interface': CMAKE_PREFIX_PATH=${CMAKE_PREFIX_PATH}:/opt/ros/jazzy /usr/bin/cmake /home/nameless/ugv_ws_jazzy_port/src/ugv_main/ugv_interface -DCMAKE_INSTALL_PREFIX=/home/nameless/ugv_ws_jazzy_port/install/ugv_interface
[0.564s] -- The C compiler identification is GNU 13.3.0
[0.666s] -- The CXX compiler identification is GNU 13.3.0
[0.691s] -- Detecting C compiler ABI info
[0.851s] -- Detecting C compiler ABI info - done
[0.868s] -- Check for working C compiler: /usr/bin/cc - skipped
[0.868s] -- Detecting C compile features
[0.869s] -- Detecting C compile features - done
[0.882s] -- Detecting CXX compiler ABI info
[1.062s] -- Detecting CXX compiler ABI info - done
[1.079s] -- Check for working CXX compiler: /usr/bin/c++ - skipped
[1.080s] -- Detecting CXX compile features
[1.080s] -- Detecting CXX compile features - done
[1.084s] -- Found ament_cmake: 2.5.6 (/opt/ros/jazzy/share/ament_cmake/cmake)
[1.311s] -- Found Python3: /usr/bin/python3 (found version "3.12.3") found components: Interpreter 
[1.475s] -- Found rosidl_default_generators: 1.6.0 (/opt/ros/jazzy/share/rosidl_default_generators/cmake)
[1.485s] -- Using all available rosidl_typesupport_c: rosidl_typesupport_fastrtps_c;rosidl_typesupport_introspection_c
[1.551s] -- Using all available rosidl_typesupport_cpp: rosidl_typesupport_fastrtps_cpp;rosidl_typesupport_introspection_cpp
[1.632s] -- Found rosidl_adapter: 4.6.7 (/opt/ros/jazzy/share/rosidl_adapter/cmake)
[2.710s] -- Found ament_cmake_ros: 0.12.0 (/opt/ros/jazzy/share/ament_cmake_ros/cmake)
[3.391s] -- Using all available rosidl_typesupport_c: rosidl_typesupport_fastrtps_c;rosidl_typesupport_introspection_c
[4.284s] -- Using all available rosidl_typesupport_cpp: rosidl_typesupport_fastrtps_cpp;rosidl_typesupport_introspection_cpp
[4.290s] -- Found python_cmake_module: 0.11.1 (/opt/ros/jazzy/share/python_cmake_module/cmake)
[4.501s] -- Found PythonExtra: /usr/bin/python3  
[5.426s] -- Found Python3: /usr/bin/python3 (found version "3.12.3") found components: Interpreter Development NumPy Development.Module Development.Embed 
[5.534s] -- Found Python3: /usr/bin/python3 (found version "3.12.3") found components: Interpreter 
[5.538s] -- Found ament_lint_auto: 0.17.5 (/opt/ros/jazzy/share/ament_lint_auto/cmake)
[5.574s] -- Added test 'copyright' to check source files copyright and LICENSE
[5.577s] -- Added test 'lint_cmake' to check CMake code style
[5.578s] -- Added test 'xmllint' to check XML markup files
[5.583s] -- Configuring done (5.1s)
[5.648s] -- Generating done (0.1s)
[5.671s] -- Build files have been written to: /home/nameless/ugv_ws_jazzy_port/build/ugv_interface
[5.694s] Invoked command in '/home/nameless/ugv_ws_jazzy_port/build/ugv_interface' returned '0': CMAKE_PREFIX_PATH=${CMAKE_PREFIX_PATH}:/opt/ros/jazzy /usr/bin/cmake /home/nameless/ugv_ws_jazzy_port/src/ugv_main/ugv_interface -DCMAKE_INSTALL_PREFIX=/home/nameless/ugv_ws_jazzy_port/install/ugv_interface
[5.695s] Invoking command in '/home/nameless/ugv_ws_jazzy_port/build/ugv_interface': CMAKE_PREFIX_PATH=${CMAKE_PREFIX_PATH}:/opt/ros/jazzy /usr/bin/cmake --build /home/nameless/ugv_ws_jazzy_port/build/ugv_interface -- -j4 -l4
[5.787s] [  2%] [34m[1mGenerating type hashes for ROS interfaces[0m
[5.788s] [  4%] [34m[1mGenerating Rust code for ROS interfaces[0m
[5.804s] [  4%] Built target ament_cmake_python_copy_ugv_interface
[6.136s] running egg_info
[6.137s] creating ugv_interface.egg-info
[6.169s] writing ugv_interface.egg-info/PKG-INFO
[6.170s] writing dependency_links to ugv_interface.egg-info/dependency_links.txt
[6.170s] writing top-level names to ugv_interface.egg-info/top_level.txt
[6.171s] writing manifest file 'ugv_interface.egg-info/SOURCES.txt'
[6.192s] [  4%] Built target ugv_interface__rosidl_generator_type_description
[6.222s] [  6%] [34m[1mGenerating C code for ROS interfaces[0m
[6.245s] [  8%] [34m[1mGenerating C++ code for ROS interfaces[0m
[6.281s] reading manifest file 'ugv_interface.egg-info/SOURCES.txt'
[6.282s] writing manifest file 'ugv_interface.egg-info/SOURCES.txt'
[6.398s] [  8%] Built target ament_cmake_python_build_ugv_interface_egg
[6.400s] [  8%] Built target ugv_interface__rs
[7.042s] [  8%] Built target ugv_interface__cpp
[7.146s] [ 15%] [32mBuilding C object CMakeFiles/ugv_interface__rosidl_generator_c.dir/rosidl_generator_c/ugv_interface/srv/detail/map_save__functions.c.o[0m
[7.146s] [ 15%] [32mBuilding C object CMakeFiles/ugv_interface__rosidl_generator_c.dir/rosidl_generator_c/ugv_interface/srv/detail/map_save__type_support.c.o[0m
[7.146s] [ 17%] [32mBuilding C object CMakeFiles/ugv_interface__rosidl_generator_c.dir/rosidl_generator_c/ugv_interface/action/detail/behavior__description.c.o[0m
[7.146s] [ 15%] [32mBuilding C object CMakeFiles/ugv_interface__rosidl_generator_c.dir/rosidl_generator_c/ugv_interface/srv/detail/map_save__description.c.o[0m
[7.249s] [ 20%] [32mBuilding C object CMakeFiles/ugv_interface__rosidl_generator_c.dir/rosidl_generator_c/ugv_interface/action/detail/behavior__functions.c.o[0m
[7.270s] [ 22%] [32mBuilding C object CMakeFiles/ugv_interface__rosidl_generator_c.dir/rosidl_generator_c/ugv_interface/action/detail/behavior__type_support.c.o[0m
[7.512s] [ 24%] [32m[1mLinking C shared library libugv_interface__rosidl_generator_c.so[0m
[7.595s] [ 24%] Built target ugv_interface__rosidl_generator_c
[7.619s] [ 28%] [34m[1mGenerating C introspection for ROS interfaces[0m
[7.619s] [ 28%] [34m[1mGenerating C++ type support for eProsima Fast-RTPS[0m
[7.621s] [ 33%] [34m[1mGenerating C type support for eProsima Fast-RTPS[0m
[7.621s] [ 33%] [34m[1mGenerating C type support dispatch for ROS interfaces[0m
[8.176s] [ 35%] [32mBuilding CXX object CMakeFiles/ugv_interface__rosidl_typesupport_c.dir/rosidl_typesupport_c/ugv_interface/srv/map_save__type_support.cpp.o[0m
[8.277s] [ 37%] [32mBuilding CXX object CMakeFiles/ugv_interface__rosidl_typesupport_c.dir/rosidl_typesupport_c/ugv_interface/action/behavior__type_support.cpp.o[0m
[8.366s] [ 40%] [32mBuilding C object CMakeFiles/ugv_interface__rosidl_typesupport_introspection_c.dir/rosidl_typesupport_introspection_c/ugv_interface/srv/detail/map_save__type_support.c.o[0m
[8.403s] [ 42%] [32m[1mLinking CXX shared library libugv_interface__rosidl_typesupport_c.so[0m
[8.486s] [ 44%] [32mBuilding C object CMakeFiles/ugv_interface__rosidl_typesupport_introspection_c.dir/rosidl_typesupport_introspection_c/ugv_interface/action/detail/behavior__type_support.c.o[0m
[8.504s] [ 44%] Built target ugv_interface__rosidl_typesupport_c
[8.526s] [ 46%] [34m[1mGenerating C++ introspection for ROS interfaces[0m
[8.626s] [ 48%] [32mBuilding CXX object CMakeFiles/ugv_interface__rosidl_typesupport_fastrtps_cpp.dir/rosidl_typesupport_fastrtps_cpp/ugv_interface/srv/detail/dds_fastrtps/map_save__type_support.cpp.o[0m
[8.665s] [ 51%] [32m[1mLinking C shared library libugv_interface__rosidl_typesupport_introspection_c.so[0m
[8.714s] [ 53%] [32mBuilding CXX object CMakeFiles/ugv_interface__rosidl_typesupport_fastrtps_c.dir/rosidl_typesupport_fastrtps_c/ugv_interface/srv/detail/map_save__type_support_c.cpp.o[0m
[8.745s] [ 53%] Built target ugv_interface__rosidl_typesupport_introspection_c
[8.764s] [ 55%] [32mBuilding CXX object CMakeFiles/ugv_interface__rosidl_typesupport_fastrtps_c.dir/rosidl_typesupport_fastrtps_c/ugv_interface/action/detail/behavior__type_support_c.cpp.o[0m
[9.362s] [ 57%] [32mBuilding CXX object CMakeFiles/ugv_interface__rosidl_typesupport_introspection_cpp.dir/rosidl_typesupport_introspection_cpp/ugv_interface/srv/detail/map_save__type_support.cpp.o[0m
[9.780s] [ 60%] [32mBuilding CXX object CMakeFiles/ugv_interface__rosidl_typesupport_introspection_cpp.dir/rosidl_typesupport_introspection_cpp/ugv_interface/action/detail/behavior__type_support.cpp.o[0m
[9.932s] [ 62%] [32mBuilding CXX object CMakeFiles/ugv_interface__rosidl_typesupport_fastrtps_cpp.dir/rosidl_typesupport_fastrtps_cpp/ugv_interface/action/detail/dds_fastrtps/behavior__type_support.cpp.o[0m
[10.033s] [ 64%] [32m[1mLinking CXX shared library libugv_interface__rosidl_typesupport_fastrtps_c.so[0m
[10.247s] [ 64%] Built target ugv_interface__rosidl_typesupport_fastrtps_c
[10.272s] [ 66%] [34m[1mGenerating C++ type support dispatch for ROS interfaces[0m
[10.855s] [ 71%] [32mBuilding CXX object CMakeFiles/ugv_interface__rosidl_typesupport_cpp.dir/rosidl_typesupport_cpp/ugv_interface/action/behavior__type_support.cpp.o[0m
[10.858s] [ 71%] [32mBuilding CXX object CMakeFiles/ugv_interface__rosidl_typesupport_cpp.dir/rosidl_typesupport_cpp/ugv_interface/srv/map_save__type_support.cpp.o[0m
[11.378s] [ 73%] [32m[1mLinking CXX shared library libugv_interface__rosidl_typesupport_introspection_cpp.so[0m
[11.606s] [ 73%] Built target ugv_interface__rosidl_typesupport_introspection_cpp
[12.021s] [ 75%] [32m[1mLinking CXX shared library libugv_interface__rosidl_typesupport_fastrtps_cpp.so[0m
[12.205s] [ 75%] Built target ugv_interface__rosidl_typesupport_fastrtps_cpp
[12.250s] [ 77%] [32m[1mLinking CXX shared library libugv_interface__rosidl_typesupport_cpp.so[0m
[12.408s] [ 77%] Built target ugv_interface__rosidl_typesupport_cpp
[12.444s] [ 77%] Built target ugv_interface
[12.480s] [ 80%] [34m[1mGenerating Python code for ROS interfaces[0m
[13.589s] [ 80%] Built target ugv_interface__py
[13.626s] [ 84%] [32mBuilding C object CMakeFiles/ugv_interface__rosidl_generator_py.dir/rosidl_generator_py/ugv_interface/srv/_map_save_s.c.o[0m
[13.628s] [ 84%] [32mBuilding C object CMakeFiles/ugv_interface__rosidl_generator_py.dir/rosidl_generator_py/ugv_interface/action/_behavior_s.c.o[0m
[14.013s] [ 86%] [32m[1mLinking C shared library libugv_interface__rosidl_generator_py.so[0m
[14.109s] [ 86%] Built target ugv_interface__rosidl_generator_py
[14.149s] [ 93%] [32mBuilding C object CMakeFiles/ugv_interface_s__rosidl_typesupport_introspection_c.dir/rosidl_generator_py/ugv_interface/_ugv_interface_s.ep.rosidl_typesupport_introspection_c.c.o[0m
[14.149s] [ 93%] [32mBuilding C object CMakeFiles/ugv_interface_s__rosidl_typesupport_fastrtps_c.dir/rosidl_generator_py/ugv_interface/_ugv_interface_s.ep.rosidl_typesupport_fastrtps_c.c.o[0m
[14.150s] [ 93%] [32mBuilding C object CMakeFiles/ugv_interface_s__rosidl_typesupport_c.dir/rosidl_generator_py/ugv_interface/_ugv_interface_s.ep.rosidl_typesupport_c.c.o[0m
[14.402s] [ 95%] [32m[1mLinking C shared module rosidl_generator_py/ugv_interface/ugv_interface_s__rosidl_typesupport_c.so[0m
[14.403s] [ 97%] [32m[1mLinking C shared module rosidl_generator_py/ugv_interface/ugv_interface_s__rosidl_typesupport_introspection_c.so[0m
[14.407s] [100%] [32m[1mLinking C shared module rosidl_generator_py/ugv_interface/ugv_interface_s__rosidl_typesupport_fastrtps_c.so[0m
[14.464s] [100%] Built target ugv_interface_s__rosidl_typesupport_introspection_c
[14.466s] [100%] Built target ugv_interface_s__rosidl_typesupport_c
[14.474s] [100%] Built target ugv_interface_s__rosidl_typesupport_fastrtps_c
[14.496s] Invoked command in '/home/nameless/ugv_ws_jazzy_port/build/ugv_interface' returned '0': CMAKE_PREFIX_PATH=${CMAKE_PREFIX_PATH}:/opt/ros/jazzy /usr/bin/cmake --build /home/nameless/ugv_ws_jazzy_port/build/ugv_interface -- -j4 -l4
[14.498s] Invoking command in '/home/nameless/ugv_ws_jazzy_port/build/ugv_interface': CMAKE_PREFIX_PATH=${CMAKE_PREFIX_PATH}:/opt/ros/jazzy /usr/bin/cmake --install /home/nameless/ugv_ws_jazzy_port/build/ugv_interface
[14.512s] -- Install configuration: ""
[14.513s] -- Installing: /home/nameless/ugv_ws_jazzy_port/install/ugv_interface/share/ament_index/resource_index/rosidl_interfaces/ugv_interface
[14.513s] -- Installing: /home/nameless/ugv_ws_jazzy_port/install/ugv_interface/share/ugv_interface/srv/MapSave.json
[14.513s] -- Installing: /home/nameless/ugv_ws_jazzy_port/install/ugv_interface/share/ugv_interface/action/Behavior.json
[14.514s] -- Installing: /home/nameless/ugv_ws_jazzy_port/install/ugv_interface/include/ugv_interface/ugv_interface
[14.514s] -- Installing: /home/nameless/ugv_ws_jazzy_port/install/ugv_interface/include/ugv_interface/ugv_interface/msg
[14.514s] -- Installing: /home/nameless/ugv_ws_jazzy_port/install/ugv_interface/include/ugv_interface/ugv_interface/msg/rosidl_generator_c__visibility_control.h
[14.514s] -- Installing: /home/nameless/ugv_ws_jazzy_port/install/ugv_interface/include/ugv_interface/ugv_interface/srv
[14.514s] -- Installing: /home/nameless/ugv_ws_jazzy_port/install/ugv_interface/include/ugv_interface/ugv_interface/srv/detail
[14.514s] -- Installing: /home/nameless/ugv_ws_jazzy_port/install/ugv_interface/include/ugv_interface/ugv_interface/srv/detail/map_save__struct.h
[14.514s] -- Installing: /home/nameless/ugv_ws_jazzy_port/install/ugv_interface/include/ugv_interface/ugv_interface/srv/detail/map_save__functions.h
[14.515s] -- Installing: /home/nameless/ugv_ws_jazzy_port/install/ugv_interface/include/ugv_interface/ugv_interface/srv/detail/map_save__description.c
[14.515s] -- Installing: /home/nameless/ugv_ws_jazzy_port/install/ugv_interface/include/ugv_interface/ugv_interface/srv/detail/map_save__functions.c
[14.515s] -- Installing: /home/nameless/ugv_ws_jazzy_port/install/ugv_interface/include/ugv_interface/ugv_interface/srv/detail/map_save__type_support.c
[14.515s] -- Installing: /home/nameless/ugv_ws_jazzy_port/install/ugv_interface/include/ugv_interface/ugv_interface/srv/detail/map_save__type_support.h
[14.515s] -- Installing: /home/nameless/ugv_ws_jazzy_port/install/ugv_interface/include/ugv_interface/ugv_interface/srv/map_save.h
[14.515s] -- Installing: /home/nameless/ugv_ws_jazzy_port/install/ugv_interface/include/ugv_interface/ugv_interface/action
[14.515s] -- Installing: /home/nameless/ugv_ws_jazzy_port/install/ugv_interface/include/ugv_interface/ugv_interface/action/behavior.h
[14.516s] -- Installing: /home/nameless/ugv_ws_jazzy_port/install/ugv_interface/include/ugv_interface/ugv_interface/action/detail
[14.516s] -- Installing: /home/nameless/ugv_ws_jazzy_port/install/ugv_interface/include/ugv_interface/ugv_interface/action/detail/behavior__type_support.c
[14.516s] -- Installing: /home/nameless/ugv_ws_jazzy_port/install/ugv_interface/include/ugv_interface/ugv_interface/action/detail/behavior__functions.c
[14.516s] -- Installing: /home/nameless/ugv_ws_jazzy_port/install/ugv_interface/include/ugv_interface/ugv_interface/action/detail/behavior__struct.h
[14.517s] -- Installing: /home/nameless/ugv_ws_jazzy_port/install/ugv_interface/include/ugv_interface/ugv_interface/action/detail/behavior__description.c
[14.517s] -- Installing: /home/nameless/ugv_ws_jazzy_port/install/ugv_interface/include/ugv_interface/ugv_interface/action/detail/behavior__functions.h
[14.517s] -- Installing: /home/nameless/ugv_ws_jazzy_port/install/ugv_interface/include/ugv_interface/ugv_interface/action/detail/behavior__type_support.h
[14.517s] -- Installing: /home/nameless/ugv_ws_jazzy_port/install/ugv_interface/share/ugv_interface/environment/library_path.sh
[14.518s] -- Installing: /home/nameless/ugv_ws_jazzy_port/install/ugv_interface/share/ugv_interface/environment/library_path.dsv
[14.518s] -- Installing: /home/nameless/ugv_ws_jazzy_port/install/ugv_interface/lib/libugv_interface__rosidl_generator_c.so
[14.519s] -- Set non-toolchain portion of runtime path of "/home/nameless/ugv_ws_jazzy_port/install/ugv_interface/lib/libugv_interface__rosidl_generator_c.so" to ""
[14.519s] -- Up-to-date: /home/nameless/ugv_ws_jazzy_port/install/ugv_interface/include/ugv_interface/ugv_interface
[14.519s] -- Up-to-date: /home/nameless/ugv_ws_jazzy_port/install/ugv_interface/include/ugv_interface/ugv_interface/msg
[14.519s] -- Installing: /home/nameless/ugv_ws_jazzy_port/install/ugv_interface/include/ugv_interface/ugv_interface/msg/rosidl_typesupport_fastrtps_c__visibility_control.h
[14.519s] -- Up-to-date: /home/nameless/ugv_ws_jazzy_port/install/ugv_interface/include/ugv_interface/ugv_interface/srv
[14.521s] -- Up-to-date: /home/nameless/ugv_ws_jazzy_port/install/ugv_interface/include/ugv_interface/ugv_interface/srv/detail
[14.521s] -- Installing: /home/nameless/ugv_ws_jazzy_port/install/ugv_interface/include/ugv_interface/ugv_interface/srv/detail/map_save__rosidl_typesupport_fastrtps_c.h
[14.521s] -- Up-to-date: /home/nameless/ugv_ws_jazzy_port/install/ugv_interface/include/ugv_interface/ugv_interface/action
[14.522s] -- Up-to-date: /home/nameless/ugv_ws_jazzy_port/install/ugv_interface/include/ugv_interface/ugv_interface/action/detail
[14.522s] -- Installing: /home/nameless/ugv_ws_jazzy_port/install/ugv_interface/include/ugv_interface/ugv_interface/action/detail/behavior__rosidl_typesupport_fastrtps_c.h
[14.522s] -- Installing: /home/nameless/ugv_ws_jazzy_port/install/ugv_interface/lib/libugv_interface__rosidl_typesupport_fastrtps_c.so
[14.522s] -- Set non-toolchain portion of runtime path of "/home/nameless/ugv_ws_jazzy_port/install/ugv_interface/lib/libugv_interface__rosidl_typesupport_fastrtps_c.so" to ""
[14.522s] -- Up-to-date: /home/nameless/ugv_ws_jazzy_port/install/ugv_interface/include/ugv_interface/ugv_interface
[14.522s] -- Up-to-date: /home/nameless/ugv_ws_jazzy_port/install/ugv_interface/include/ugv_interface/ugv_interface/msg
[14.522s] -- Installing: /home/nameless/ugv_ws_jazzy_port/install/ugv_interface/include/ugv_interface/ugv_interface/msg/rosidl_typesupport_introspection_c__visibility_control.h
[14.522s] -- Up-to-date: /home/nameless/ugv_ws_jazzy_port/install/ugv_interface/include/ugv_interface/ugv_interface/srv
[14.522s] -- Up-to-date: /home/nameless/ugv_ws_jazzy_port/install/ugv_interface/include/ugv_interface/ugv_interface/srv/detail
[14.522s] -- Installing: /home/nameless/ugv_ws_jazzy_port/install/ugv_interface/include/ugv_interface/ugv_interface/srv/detail/map_save__rosidl_typesupport_introspection_c.h
[14.522s] -- Installing: /home/nameless/ugv_ws_jazzy_port/install/ugv_interface/include/ugv_interface/ugv_interface/srv/detail/map_save__type_support.c
[14.522s] -- Up-to-date: /home/nameless/ugv_ws_jazzy_port/install/ugv_interface/include/ugv_interface/ugv_interface/action
[14.523s] -- Up-to-date: /home/nameless/ugv_ws_jazzy_port/install/ugv_interface/include/ugv_interface/ugv_interface/action/detail
[14.523s] -- Installing: /home/nameless/ugv_ws_jazzy_port/install/ugv_interface/include/ugv_interface/ugv_interface/action/detail/behavior__type_support.c
[14.523s] -- Installing: /home/nameless/ugv_ws_jazzy_port/install/ugv_interface/include/ugv_interface/ugv_interface/action/detail/behavior__rosidl_typesupport_introspection_c.h
[14.523s] -- Installing: /home/nameless/ugv_ws_jazzy_port/install/ugv_interface/lib/libugv_interface__rosidl_typesupport_introspection_c.so
[14.523s] -- Set non-toolchain portion of runtime path of "/home/nameless/ugv_ws_jazzy_port/install/ugv_interface/lib/libugv_interface__rosidl_typesupport_introspection_c.so" to ""
[14.523s] -- Installing: /home/nameless/ugv_ws_jazzy_port/install/ugv_interface/lib/libugv_interface__rosidl_typesupport_c.so
[14.523s] -- Set non-toolchain portion of runtime path of "/home/nameless/ugv_ws_jazzy_port/install/ugv_interface/lib/libugv_interface__rosidl_typesupport_c.so" to ""
[14.523s] -- Up-to-date: /home/nameless/ugv_ws_jazzy_port/install/ugv_interface/include/ugv_interface/ugv_interface
[14.524s] -- Up-to-date: /home/nameless/ugv_ws_jazzy_port/install/ugv_interface/include/ugv_interface/ugv_interface/msg
[14.524s] -- Installing: /home/nameless/ugv_ws_jazzy_port/install/ugv_interface/include/ugv_interface/ugv_interface/msg/rosidl_generator_cpp__visibility_control.hpp
[14.524s] -- Up-to-date: /home/nameless/ugv_ws_jazzy_port/install/ugv_interface/include/ugv_interface/ugv_interface/srv
[14.524s] -- Up-to-date: /home/nameless/ugv_ws_jazzy_port/install/ugv_interface/include/ugv_interface/ugv_interface/srv/detail
[14.524s] -- Installing: /home/nameless/ugv_ws_jazzy_port/install/ugv_interface/include/ugv_interface/ugv_interface/srv/detail/map_save__builder.hpp
[14.524s] -- Installing: /home/nameless/ugv_ws_jazzy_port/install/ugv_interface/include/ugv_interface/ugv_interface/srv/detail/map_save__type_support.hpp
[14.524s] -- Installing: /home/nameless/ugv_ws_jazzy_port/install/ugv_interface/include/ugv_interface/ugv_interface/srv/detail/map_save__struct.hpp
[14.524s] -- Installing: /home/nameless/ugv_ws_jazzy_port/install/ugv_interface/include/ugv_interface/ugv_interface/srv/detail/map_save__traits.hpp
[14.524s] -- Installing: /home/nameless/ugv_ws_jazzy_port/install/ugv_interface/include/ugv_interface/ugv_interface/srv/map_save.hpp
[14.524s] -- Up-to-date: /home/nameless/ugv_ws_jazzy_port/install/ugv_interface/include/ugv_interface/ugv_interface/action
[14.525s] -- Installing: /home/nameless/ugv_ws_jazzy_port/install/ugv_interface/include/ugv_interface/ugv_interface/action/behavior.hpp
[14.525s] -- Up-to-date: /home/nameless/ugv_ws_jazzy_port/install/ugv_interface/include/ugv_interface/ugv_interface/action/detail
[14.525s] -- Installing: /home/nameless/ugv_ws_jazzy_port/install/ugv_interface/include/ugv_interface/ugv_interface/action/detail/behavior__struct.hpp
[14.525s] -- Installing: /home/nameless/ugv_ws_jazzy_port/install/ugv_interface/include/ugv_interface/ugv_interface/action/detail/behavior__traits.hpp
[14.525s] -- Installing: /home/nameless/ugv_ws_jazzy_port/install/ugv_interface/include/ugv_interface/ugv_interface/action/detail/behavior__type_support.hpp
[14.525s] -- Installing: /home/nameless/ugv_ws_jazzy_port/install/ugv_interface/include/ugv_interface/ugv_interface/action/detail/behavior__builder.hpp
[14.525s] -- Up-to-date: /home/nameless/ugv_ws_jazzy_port/install/ugv_interface/include/ugv_interface/ugv_interface
[14.525s] -- Up-to-date: /home/nameless/ugv_ws_jazzy_port/install/ugv_interface/include/ugv_interface/ugv_interface/msg
[14.526s] -- Installing: /home/nameless/ugv_ws_jazzy_port/install/ugv_interface/include/ugv_interface/ugv_interface/msg/rosidl_typesupport_fastrtps_cpp__visibility_control.h
[14.526s] -- Up-to-date: /home/nameless/ugv_ws_jazzy_port/install/ugv_interface/include/ugv_interface/ugv_interface/srv
[14.526s] -- Up-to-date: /home/nameless/ugv_ws_jazzy_port/install/ugv_interface/include/ugv_interface/ugv_interface/srv/detail
[14.526s] -- Installing: /home/nameless/ugv_ws_jazzy_port/install/ugv_interface/include/ugv_interface/ugv_interface/srv/detail/dds_fastrtps
[14.526s] -- Installing: /home/nameless/ugv_ws_jazzy_port/install/ugv_interface/include/ugv_interface/ugv_interface/srv/detail/map_save__rosidl_typesupport_fastrtps_cpp.hpp
[14.526s] -- Up-to-date: /home/nameless/ugv_ws_jazzy_port/install/ugv_interface/include/ugv_interface/ugv_interface/action
[14.526s] -- Up-to-date: /home/nameless/ugv_ws_jazzy_port/install/ugv_interface/include/ugv_interface/ugv_interface/action/detail
[14.526s] -- Installing: /home/nameless/ugv_ws_jazzy_port/install/ugv_interface/include/ugv_interface/ugv_interface/action/detail/behavior__rosidl_typesupport_fastrtps_cpp.hpp
[14.526s] -- Installing: /home/nameless/ugv_ws_jazzy_port/install/ugv_interface/include/ugv_interface/ugv_interface/action/detail/dds_fastrtps
[14.527s] -- Installing: /home/nameless/ugv_ws_jazzy_port/install/ugv_interface/lib/libugv_interface__rosidl_typesupport_fastrtps_cpp.so
[14.528s] -- Set non-toolchain portion of runtime path of "/home/nameless/ugv_ws_jazzy_port/install/ugv_interface/lib/libugv_interface__rosidl_typesupport_fastrtps_cpp.so" to ""
[14.528s] -- Up-to-date: /home/nameless/ugv_ws_jazzy_port/install/ugv_interface/include/ugv_interface/ugv_interface
[14.528s] -- Up-to-date: /home/nameless/ugv_ws_jazzy_port/install/ugv_interface/include/ugv_interface/ugv_interface/srv
[14.528s] -- Up-to-date: /home/nameless/ugv_ws_jazzy_port/install/ugv_interface/include/ugv_interface/ugv_interface/srv/detail
[14.528s] -- Installing: /home/nameless/ugv_ws_jazzy_port/install/ugv_interface/include/ugv_interface/ugv_interface/srv/detail/map_save__rosidl_typesupport_introspection_cpp.hpp
[14.528s] -- Installing: /home/nameless/ugv_ws_jazzy_port/install/ugv_interface/include/ugv_interface/ugv_interface/srv/detail/map_save__type_support.cpp
[14.528s] -- Up-to-date: /home/nameless/ugv_ws_jazzy_port/install/ugv_interface/include/ugv_interface/ugv_interface/action
[14.528s] -- Up-to-date: /home/nameless/ugv_ws_jazzy_port/install/ugv_interface/include/ugv_interface/ugv_interface/action/detail
[14.529s] -- Installing: /home/nameless/ugv_ws_jazzy_port/install/ugv_interface/include/ugv_interface/ugv_interface/action/detail/behavior__rosidl_typesupport_introspection_cpp.hpp
[14.529s] -- Installing: /home/nameless/ugv_ws_jazzy_port/install/ugv_interface/include/ugv_interface/ugv_interface/action/detail/behavior__type_support.cpp
[14.529s] -- Installing: /home/nameless/ugv_ws_jazzy_port/install/ugv_interface/lib/libugv_interface__rosidl_typesupport_introspection_cpp.so
[14.530s] -- Set non-toolchain portion of runtime path of "/home/nameless/ugv_ws_jazzy_port/install/ugv_interface/lib/libugv_interface__rosidl_typesupport_introspection_cpp.so" to ""
[14.530s] -- Installing: /home/nameless/ugv_ws_jazzy_port/install/ugv_interface/lib/libugv_interface__rosidl_typesupport_cpp.so
[14.531s] -- Set non-toolchain portion of runtime path of "/home/nameless/ugv_ws_jazzy_port/install/ugv_interface/lib/libugv_interface__rosidl_typesupport_cpp.so" to ""
[14.531s] -- Installing: /home/nameless/ugv_ws_jazzy_port/install/ugv_interface/share/ugv_interface/environment/pythonpath.sh
[14.531s] -- Installing: /home/nameless/ugv_ws_jazzy_port/install/ugv_interface/share/ugv_interface/environment/pythonpath.dsv
[14.531s] -- Installing: /home/nameless/ugv_ws_jazzy_port/install/ugv_interface/lib/python3.12/site-packages/ugv_interface-0.0.0-py3.12.egg-info
[14.532s] -- Installing: /home/nameless/ugv_ws_jazzy_port/install/ugv_interface/lib/python3.12/site-packages/ugv_interface-0.0.0-py3.12.egg-info/dependency_links.txt
[14.532s] -- Installing: /home/nameless/ugv_ws_jazzy_port/install/ugv_interface/lib/python3.12/site-packages/ugv_interface-0.0.0-py3.12.egg-info/SOURCES.txt
[14.532s] -- Installing: /home/nameless/ugv_ws_jazzy_port/install/ugv_interface/lib/python3.12/site-packages/ugv_interface-0.0.0-py3.12.egg-info/top_level.txt
[14.532s] -- Installing: /home/nameless/ugv_ws_jazzy_port/install/ugv_interface/lib/python3.12/site-packages/ugv_interface-0.0.0-py3.12.egg-info/PKG-INFO
[14.532s] -- Installing: /home/nameless/ugv_ws_jazzy_port/install/ugv_interface/lib/python3.12/site-packages/ugv_interface
[14.532s] -- Installing: /home/nameless/ugv_ws_jazzy_port/install/ugv_interface/lib/python3.12/site-packages/ugv_interface/ugv_interface_s__rosidl_typesupport_introspection_c.so
[14.533s] -- Installing: /home/nameless/ugv_ws_jazzy_port/install/ugv_interface/lib/python3.12/site-packages/ugv_interface/srv
[14.533s] -- Installing: /home/nameless/ugv_ws_jazzy_port/install/ugv_interface/lib/python3.12/site-packages/ugv_interface/srv/__init__.py
[14.533s] -- Installing: /home/nameless/ugv_ws_jazzy_port/install/ugv_interface/lib/python3.12/site-packages/ugv_interface/srv/_map_save.py
[14.533s] -- Installing: /home/nameless/ugv_ws_jazzy_port/install/ugv_interface/lib/python3.12/site-packages/ugv_interface/srv/_map_save_s.c
[14.533s] -- Installing: /home/nameless/ugv_ws_jazzy_port/install/ugv_interface/lib/python3.12/site-packages/ugv_interface/__init__.py
[14.533s] -- Installing: /home/nameless/ugv_ws_jazzy_port/install/ugv_interface/lib/python3.12/site-packages/ugv_interface/_ugv_interface_s.ep.rosidl_typesupport_fastrtps_c.c
[14.534s] -- Installing: /home/nameless/ugv_ws_jazzy_port/install/ugv_interface/lib/python3.12/site-packages/ugv_interface/action
[14.534s] -- Installing: /home/nameless/ugv_ws_jazzy_port/install/ugv_interface/lib/python3.12/site-packages/ugv_interface/action/_behavior_s.c
[14.534s] -- Installing: /home/nameless/ugv_ws_jazzy_port/install/ugv_interface/lib/python3.12/site-packages/ugv_interface/action/_behavior.py
[14.534s] -- Installing: /home/nameless/ugv_ws_jazzy_port/install/ugv_interface/lib/python3.12/site-packages/ugv_interface/action/__init__.py
[14.534s] -- Installing: /home/nameless/ugv_ws_jazzy_port/install/ugv_interface/lib/python3.12/site-packages/ugv_interface/_ugv_interface_s.ep.rosidl_typesupport_introspection_c.c
[14.534s] -- Installing: /home/nameless/ugv_ws_jazzy_port/install/ugv_interface/lib/python3.12/site-packages/ugv_interface/ugv_interface_s__rosidl_typesupport_fastrtps_c.so
[14.535s] -- Installing: /home/nameless/ugv_ws_jazzy_port/install/ugv_interface/lib/python3.12/site-packages/ugv_interface/ugv_interface_s__rosidl_typesupport_c.so
[14.535s] -- Installing: /home/nameless/ugv_ws_jazzy_port/install/ugv_interface/lib/python3.12/site-packages/ugv_interface/_ugv_interface_s.ep.rosidl_typesupport_c.c
[14.611s] Listing '/home/nameless/ugv_ws_jazzy_port/install/ugv_interface/lib/python3.12/site-packages/ugv_interface'...
[14.612s] Compiling '/home/nameless/ugv_ws_jazzy_port/install/ugv_interface/lib/python3.12/site-packages/ugv_interface/__init__.py'...
[14.612s] Listing '/home/nameless/ugv_ws_jazzy_port/install/ugv_interface/lib/python3.12/site-packages/ugv_interface/action'...
[14.612s] Compiling '/home/nameless/ugv_ws_jazzy_port/install/ugv_interface/lib/python3.12/site-packages/ugv_interface/action/__init__.py'...
[14.612s] Compiling '/home/nameless/ugv_ws_jazzy_port/install/ugv_interface/lib/python3.12/site-packages/ugv_interface/action/_behavior.py'...
[14.612s] Listing '/home/nameless/ugv_ws_jazzy_port/install/ugv_interface/lib/python3.12/site-packages/ugv_interface/srv'...
[14.612s] Compiling '/home/nameless/ugv_ws_jazzy_port/install/ugv_interface/lib/python3.12/site-packages/ugv_interface/srv/__init__.py'...
[14.612s] Compiling '/home/nameless/ugv_ws_jazzy_port/install/ugv_interface/lib/python3.12/site-packages/ugv_interface/srv/_map_save.py'...
[14.624s] -- Installing: /home/nameless/ugv_ws_jazzy_port/install/ugv_interface/lib/python3.12/site-packages/ugv_interface/ugv_interface_s__rosidl_typesupport_fastrtps_c.so
[14.625s] -- Set non-toolchain portion of runtime path of "/home/nameless/ugv_ws_jazzy_port/install/ugv_interface/lib/python3.12/site-packages/ugv_interface/ugv_interface_s__rosidl_typesupport_fastrtps_c.so" to ""
[14.625s] -- Installing: /home/nameless/ugv_ws_jazzy_port/install/ugv_interface/lib/python3.12/site-packages/ugv_interface/ugv_interface_s__rosidl_typesupport_introspection_c.so
[14.626s] -- Set non-toolchain portion of runtime path of "/home/nameless/ugv_ws_jazzy_port/install/ugv_interface/lib/python3.12/site-packages/ugv_interface/ugv_interface_s__rosidl_typesupport_introspection_c.so" to ""
[14.626s] -- Installing: /home/nameless/ugv_ws_jazzy_port/install/ugv_interface/lib/python3.12/site-packages/ugv_interface/ugv_interface_s__rosidl_typesupport_c.so
[14.627s] -- Set non-toolchain portion of runtime path of "/home/nameless/ugv_ws_jazzy_port/install/ugv_interface/lib/python3.12/site-packages/ugv_interface/ugv_interface_s__rosidl_typesupport_c.so" to ""
[14.627s] -- Installing: /home/nameless/ugv_ws_jazzy_port/install/ugv_interface/lib/libugv_interface__rosidl_generator_py.so
[14.627s] -- Set non-toolchain portion of runtime path of "/home/nameless/ugv_ws_jazzy_port/install/ugv_interface/lib/libugv_interface__rosidl_generator_py.so" to ""
[14.628s] -- Installing: /home/nameless/ugv_ws_jazzy_port/install/ugv_interface/share/ament_index/resource_index/rust_packages/ugv_interface
[14.628s] -- Installing: /home/nameless/ugv_ws_jazzy_port/install/ugv_interface/share/ugv_interface/rust
[14.628s] -- Installing: /home/nameless/ugv_ws_jazzy_port/install/ugv_interface/share/ugv_interface/rust/src
[14.628s] -- Installing: /home/nameless/ugv_ws_jazzy_port/install/ugv_interface/share/ugv_interface/rust/src/srv
[14.628s] -- Installing: /home/nameless/ugv_ws_jazzy_port/install/ugv_interface/share/ugv_interface/rust/src/srv/rmw.rs
[14.628s] -- Installing: /home/nameless/ugv_ws_jazzy_port/install/ugv_interface/share/ugv_interface/rust/src/action.rs
[14.628s] -- Installing: /home/nameless/ugv_ws_jazzy_port/install/ugv_interface/share/ugv_interface/rust/src/action
[14.628s] -- Installing: /home/nameless/ugv_ws_jazzy_port/install/ugv_interface/share/ugv_interface/rust/src/action/rmw.rs
[14.629s] -- Installing: /home/nameless/ugv_ws_jazzy_port/install/ugv_interface/share/ugv_interface/rust/src/lib.rs
[14.629s] -- Installing: /home/nameless/ugv_ws_jazzy_port/install/ugv_interface/share/ugv_interface/rust/src/srv.rs
[14.629s] -- Installing: /home/nameless/ugv_ws_jazzy_port/install/ugv_interface/share/ugv_interface/rust/build.rs
[14.629s] -- Installing: /home/nameless/ugv_ws_jazzy_port/install/ugv_interface/share/ugv_interface/rust/Cargo.toml
[14.629s] -- Installing: /home/nameless/ugv_ws_jazzy_port/install/ugv_interface/share/ugv_interface/srv/MapSave.idl
[14.629s] -- Installing: /home/nameless/ugv_ws_jazzy_port/install/ugv_interface/share/ugv_interface/action/Behavior.idl
[14.630s] -- Installing: /home/nameless/ugv_ws_jazzy_port/install/ugv_interface/share/ugv_interface/srv/MapSave.srv
[14.630s] -- Installing: /home/nameless/ugv_ws_jazzy_port/install/ugv_interface/share/ugv_interface/action/Behavior.action
[14.630s] -- Up-to-date: /home/nameless/ugv_ws_jazzy_port/install/ugv_interface/share/ugv_interface/srv
[14.630s] -- Up-to-date: /home/nameless/ugv_ws_jazzy_port/install/ugv_interface/share/ugv_interface/srv/MapSave.srv
[14.632s] -- Up-to-date: /home/nameless/ugv_ws_jazzy_port/install/ugv_interface/share/ugv_interface/action
[14.632s] -- Up-to-date: /home/nameless/ugv_ws_jazzy_port/install/ugv_interface/share/ugv_interface/action/Behavior.action
[14.632s] -- Installing: /home/nameless/ugv_ws_jazzy_port/install/ugv_interface/share/ament_index/resource_index/package_run_dependencies/ugv_interface
[14.633s] -- Installing: /home/nameless/ugv_ws_jazzy_port/install/ugv_interface/share/ament_index/resource_index/parent_prefix_path/ugv_interface
[14.633s] -- Installing: /home/nameless/ugv_ws_jazzy_port/install/ugv_interface/share/ugv_interface/environment/ament_prefix_path.sh
[14.633s] -- Installing: /home/nameless/ugv_ws_jazzy_port/install/ugv_interface/share/ugv_interface/environment/ament_prefix_path.dsv
[14.633s] -- Installing: /home/nameless/ugv_ws_jazzy_port/install/ugv_interface/share/ugv_interface/environment/path.sh
[14.633s] -- Installing: /home/nameless/ugv_ws_jazzy_port/install/ugv_interface/share/ugv_interface/environment/path.dsv
[14.633s] -- Installing: /home/nameless/ugv_ws_jazzy_port/install/ugv_interface/share/ugv_interface/local_setup.bash
[14.633s] -- Installing: /home/nameless/ugv_ws_jazzy_port/install/ugv_interface/share/ugv_interface/local_setup.sh
[14.633s] -- Installing: /home/nameless/ugv_ws_jazzy_port/install/ugv_interface/share/ugv_interface/local_setup.zsh
[14.633s] -- Installing: /home/nameless/ugv_ws_jazzy_port/install/ugv_interface/share/ugv_interface/local_setup.dsv
[14.634s] -- Installing: /home/nameless/ugv_ws_jazzy_port/install/ugv_interface/share/ugv_interface/package.dsv
[14.634s] -- Installing: /home/nameless/ugv_ws_jazzy_port/install/ugv_interface/share/ament_index/resource_index/packages/ugv_interface
[14.634s] -- Installing: /home/nameless/ugv_ws_jazzy_port/install/ugv_interface/share/ugv_interface/cmake/export_ugv_interface__rosidl_generator_cExport.cmake
[14.634s] -- Installing: /home/nameless/ugv_ws_jazzy_port/install/ugv_interface/share/ugv_interface/cmake/export_ugv_interface__rosidl_generator_cExport-noconfig.cmake
[14.634s] -- Installing: /home/nameless/ugv_ws_jazzy_port/install/ugv_interface/share/ugv_interface/cmake/export_ugv_interface__rosidl_typesupport_fastrtps_cExport.cmake
[14.634s] -- Installing: /home/nameless/ugv_ws_jazzy_port/install/ugv_interface/share/ugv_interface/cmake/export_ugv_interface__rosidl_typesupport_fastrtps_cExport-noconfig.cmake
[14.634s] -- Installing: /home/nameless/ugv_ws_jazzy_port/install/ugv_interface/share/ugv_interface/cmake/ugv_interface__rosidl_typesupport_introspection_cExport.cmake
[14.634s] -- Installing: /home/nameless/ugv_ws_jazzy_port/install/ugv_interface/share/ugv_interface/cmake/ugv_interface__rosidl_typesupport_introspection_cExport-noconfig.cmake
[14.634s] -- Installing: /home/nameless/ugv_ws_jazzy_port/install/ugv_interface/share/ugv_interface/cmake/ugv_interface__rosidl_typesupport_cExport.cmake
[14.634s] -- Installing: /home/nameless/ugv_ws_jazzy_port/install/ugv_interface/share/ugv_interface/cmake/ugv_interface__rosidl_typesupport_cExport-noconfig.cmake
[14.635s] -- Installing: /home/nameless/ugv_ws_jazzy_port/install/ugv_interface/share/ugv_interface/cmake/export_ugv_interface__rosidl_generator_cppExport.cmake
[14.635s] -- Installing: /home/nameless/ugv_ws_jazzy_port/install/ugv_interface/share/ugv_interface/cmake/export_ugv_interface__rosidl_typesupport_fastrtps_cppExport.cmake
[14.635s] -- Installing: /home/nameless/ugv_ws_jazzy_port/install/ugv_interface/share/ugv_interface/cmake/export_ugv_interface__rosidl_typesupport_fastrtps_cppExport-noconfig.cmake
[14.635s] -- Installing: /home/nameless/ugv_ws_jazzy_port/install/ugv_interface/share/ugv_interface/cmake/ugv_interface__rosidl_typesupport_introspection_cppExport.cmake
[14.635s] -- Installing: /home/nameless/ugv_ws_jazzy_port/install/ugv_interface/share/ugv_interface/cmake/ugv_interface__rosidl_typesupport_introspection_cppExport-noconfig.cmake
[14.635s] -- Installing: /home/nameless/ugv_ws_jazzy_port/install/ugv_interface/share/ugv_interface/cmake/ugv_interface__rosidl_typesupport_cppExport.cmake
[14.635s] -- Installing: /home/nameless/ugv_ws_jazzy_port/install/ugv_interface/share/ugv_interface/cmake/ugv_interface__rosidl_typesupport_cppExport-noconfig.cmake
[14.636s] -- Installing: /home/nameless/ugv_ws_jazzy_port/install/ugv_interface/share/ugv_interface/cmake/export_ugv_interface__rosidl_generator_pyExport.cmake
[14.636s] -- Installing: /home/nameless/ugv_ws_jazzy_port/install/ugv_interface/share/ugv_interface/cmake/export_ugv_interface__rosidl_generator_pyExport-noconfig.cmake
[14.636s] -- Installing: /home/nameless/ugv_ws_jazzy_port/install/ugv_interface/share/ugv_interface/cmake/rosidl_cmake-extras.cmake
[14.636s] -- Installing: /home/nameless/ugv_ws_jazzy_port/install/ugv_interface/share/ugv_interface/cmake/ament_cmake_export_dependencies-extras.cmake
[14.636s] -- Installing: /home/nameless/ugv_ws_jazzy_port/install/ugv_interface/share/ugv_interface/cmake/ament_cmake_export_include_directories-extras.cmake
[14.637s] -- Installing: /home/nameless/ugv_ws_jazzy_port/install/ugv_interface/share/ugv_interface/cmake/ament_cmake_export_libraries-extras.cmake
[14.637s] -- Installing: /home/nameless/ugv_ws_jazzy_port/install/ugv_interface/share/ugv_interface/cmake/ament_cmake_export_targets-extras.cmake
[14.637s] -- Installing: /home/nameless/ugv_ws_jazzy_port/install/ugv_interface/share/ugv_interface/cmake/rosidl_cmake_export_typesupport_targets-extras.cmake
[14.637s] -- Installing: /home/nameless/ugv_ws_jazzy_port/install/ugv_interface/share/ugv_interface/cmake/rosidl_cmake_export_typesupport_libraries-extras.cmake
[14.637s] -- Installing: /home/nameless/ugv_ws_jazzy_port/install/ugv_interface/share/ugv_interface/cmake/ugv_interfaceConfig.cmake
[14.638s] -- Installing: /home/nameless/ugv_ws_jazzy_port/install/ugv_interface/share/ugv_interface/cmake/ugv_interfaceConfig-version.cmake
[14.638s] -- Installing: /home/nameless/ugv_ws_jazzy_port/install/ugv_interface/share/ugv_interface/package.xml
[14.642s] Invoked command in '/home/nameless/ugv_ws_jazzy_port/build/ugv_interface' returned '0': CMAKE_PREFIX_PATH=${CMAKE_PREFIX_PATH}:/opt/ros/jazzy /usr/bin/cmake --install /home/nameless/ugv_ws_jazzy_port/build/ugv_interface
