/home/nameless/ugv_ws_jazzy_port/install/ugv_bringup/lib/python3.12/site-packages/ugv_bringup/ugv_bringup.py
/home/nameless/ugv_ws_jazzy_port/install/ugv_bringup/lib/python3.12/site-packages/ugv_bringup/ugv_driver.py
/home/nameless/ugv_ws_jazzy_port/install/ugv_bringup/lib/python3.12/site-packages/ugv_bringup/__init__.py
/home/nameless/ugv_ws_jazzy_port/install/ugv_bringup/lib/python3.12/site-packages/ugv_bringup/__pycache__/ugv_bringup.cpython-312.pyc
/home/nameless/ugv_ws_jazzy_port/install/ugv_bringup/lib/python3.12/site-packages/ugv_bringup/__pycache__/ugv_driver.cpython-312.pyc
/home/nameless/ugv_ws_jazzy_port/install/ugv_bringup/lib/python3.12/site-packages/ugv_bringup/__pycache__/__init__.cpython-312.pyc
/home/nameless/ugv_ws_jazzy_port/install/ugv_bringup/share/ament_index/resource_index/packages/ugv_bringup
/home/nameless/ugv_ws_jazzy_port/install/ugv_bringup/share/ugv_bringup/package.xml
/home/nameless/ugv_ws_jazzy_port/install/ugv_bringup/share/ugv_bringup/launch/bringup_imu_ekf.launch.py
/home/nameless/ugv_ws_jazzy_port/install/ugv_bringup/share/ugv_bringup/launch/bringup_imu_origin.launch.py
/home/nameless/ugv_ws_jazzy_port/install/ugv_bringup/share/ugv_bringup/launch/bringup_lidar.launch.py
/home/nameless/ugv_ws_jazzy_port/install/ugv_bringup/share/ugv_bringup/rviz/view_bringup.rviz
/home/nameless/ugv_ws_jazzy_port/install/ugv_bringup/share/ugv_bringup/param/imu_filter_param.yaml
/home/nameless/ugv_ws_jazzy_port/install/ugv_bringup/share/ugv_bringup/param/ekf.yaml
/home/nameless/ugv_ws_jazzy_port/install/ugv_bringup/lib/python3.12/site-packages/ugv_bringup-0.0.0-py3.12.egg-info/dependency_links.txt
/home/nameless/ugv_ws_jazzy_port/install/ugv_bringup/lib/python3.12/site-packages/ugv_bringup-0.0.0-py3.12.egg-info/entry_points.txt
/home/nameless/ugv_ws_jazzy_port/install/ugv_bringup/lib/python3.12/site-packages/ugv_bringup-0.0.0-py3.12.egg-info/SOURCES.txt
/home/nameless/ugv_ws_jazzy_port/install/ugv_bringup/lib/python3.12/site-packages/ugv_bringup-0.0.0-py3.12.egg-info/zip-safe
/home/nameless/ugv_ws_jazzy_port/install/ugv_bringup/lib/python3.12/site-packages/ugv_bringup-0.0.0-py3.12.egg-info/top_level.txt
/home/nameless/ugv_ws_jazzy_port/install/ugv_bringup/lib/python3.12/site-packages/ugv_bringup-0.0.0-py3.12.egg-info/PKG-INFO
/home/nameless/ugv_ws_jazzy_port/install/ugv_bringup/lib/python3.12/site-packages/ugv_bringup-0.0.0-py3.12.egg-info/requires.txt
/home/nameless/ugv_ws_jazzy_port/install/ugv_bringup/lib/ugv_bringup/ugv_bringup
/home/nameless/ugv_ws_jazzy_port/install/ugv_bringup/lib/ugv_bringup/ugv_driver
