-- The C compiler identification is GNU 13.3.0
-- The CXX compiler identification is GNU 13.3.0
-- Detecting C compiler ABI info
-- Detecting C compiler ABI info - done
-- Check for working C compiler: /usr/bin/cc - skipped
-- Detecting C compile features
-- Detecting C compile features - done
-- Detecting CXX compiler ABI info
-- Detecting CXX compiler ABI info - done
-- Check for working CXX compiler: /usr/bin/c++ - skipped
-- Detecting CXX compile features
-- Detecting CXX compile features - done
-- Found ament_cmake: 2.5.6 (/opt/ros/jazzy/share/ament_cmake/cmake)
-- Found Python3: /usr/bin/python3 (found version "3.12.3") found components: Interpreter 
-- Override CMake install command with custom implementation using symlinks instead of copying resources
-- Found nav2_bringup: 1.3.11 (/opt/ros/jazzy/share/nav2_bringup/cmake)
-- Found ament_lint_auto: 0.17.5 (/opt/ros/jazzy/share/ament_lint_auto/cmake)
-- Added test 'flake8' to check Python code syntax and style conventions
-- Configured 'flake8' exclude dirs and/or files: 
-- Added test 'lint_cmake' to check CMake code style
-- Added test 'pep257' to check Python code against some of the docstring style conventions in PEP 257
-- Added test 'xmllint' to check XML markup files
-- Configuring done (1.4s)
-- Generating done (0.0s)
-- Build files have been written to: /home/nameless/ugv_ws_jazzy_port/build/ugv_nav
-- Install configuration: ""
-- Execute custom install script
-- Symlinking: /home/nameless/ugv_ws_jazzy_port/install/ugv_nav/share/ugv_nav/launch/bringup_launch.py
-- Symlinking: /home/nameless/ugv_ws_jazzy_port/install/ugv_nav/share/ugv_nav/launch/nav.launch.py
-- Symlinking: /home/nameless/ugv_ws_jazzy_port/install/ugv_nav/share/ugv_nav/launch/nav_bringup/localization_launch.py
-- Symlinking: /home/nameless/ugv_ws_jazzy_port/install/ugv_nav/share/ugv_nav/launch/nav_bringup/nav2_bringup.launch.py
-- Symlinking: /home/nameless/ugv_ws_jazzy_port/install/ugv_nav/share/ugv_nav/launch/nav_rtabmap.launch.py
-- Symlinking: /home/nameless/ugv_ws_jazzy_port/install/ugv_nav/share/ugv_nav/launch/rtabmap_localization_launch.py
-- Symlinking: /home/nameless/ugv_ws_jazzy_port/install/ugv_nav/share/ugv_nav/launch/slam_nav.launch.py
-- Symlinking: /home/nameless/ugv_ws_jazzy_port/install/ugv_nav/share/ugv_nav/param/amcl_dwa.yaml
-- Symlinking: /home/nameless/ugv_ws_jazzy_port/install/ugv_nav/share/ugv_nav/param/amcl_teb.yaml
-- Symlinking: /home/nameless/ugv_ws_jazzy_port/install/ugv_nav/share/ugv_nav/param/rtabmap_dwa.yaml
-- Symlinking: /home/nameless/ugv_ws_jazzy_port/install/ugv_nav/share/ugv_nav/param/rtabmap_teb.yaml
-- Symlinking: /home/nameless/ugv_ws_jazzy_port/install/ugv_nav/share/ugv_nav/param/slam_nav.yaml
-- Symlinking: /home/nameless/ugv_ws_jazzy_port/install/ugv_nav/share/ugv_nav/maps/map.pbstream
-- Symlinking: /home/nameless/ugv_ws_jazzy_port/install/ugv_nav/share/ugv_nav/maps/map.pgm
-- Symlinking: /home/nameless/ugv_ws_jazzy_port/install/ugv_nav/share/ugv_nav/maps/map.yaml
-- Symlinking: /home/nameless/ugv_ws_jazzy_port/install/ugv_nav/share/ugv_nav/maps/map_server_params.yaml
-- Symlinking: /home/nameless/ugv_ws_jazzy_port/install/ugv_nav/share/ugv_nav/rviz/view_nav_2d.rviz
-- Symlinking: /home/nameless/ugv_ws_jazzy_port/install/ugv_nav/share/ugv_nav/rviz/view_nav_3d.rviz
-- Symlinking: /home/nameless/ugv_ws_jazzy_port/install/ugv_nav/share/ament_index/resource_index/package_run_dependencies/ugv_nav
-- Symlinking: /home/nameless/ugv_ws_jazzy_port/install/ugv_nav/share/ament_index/resource_index/parent_prefix_path/ugv_nav
-- Symlinking: /home/nameless/ugv_ws_jazzy_port/install/ugv_nav/share/ugv_nav/environment/ament_prefix_path.sh
-- Symlinking: /home/nameless/ugv_ws_jazzy_port/install/ugv_nav/share/ugv_nav/environment/ament_prefix_path.dsv
-- Symlinking: /home/nameless/ugv_ws_jazzy_port/install/ugv_nav/share/ugv_nav/environment/path.sh
-- Symlinking: /home/nameless/ugv_ws_jazzy_port/install/ugv_nav/share/ugv_nav/environment/path.dsv
-- Symlinking: /home/nameless/ugv_ws_jazzy_port/install/ugv_nav/share/ugv_nav/local_setup.bash
-- Symlinking: /home/nameless/ugv_ws_jazzy_port/install/ugv_nav/share/ugv_nav/local_setup.sh
-- Symlinking: /home/nameless/ugv_ws_jazzy_port/install/ugv_nav/share/ugv_nav/local_setup.zsh
-- Symlinking: /home/nameless/ugv_ws_jazzy_port/install/ugv_nav/share/ugv_nav/local_setup.dsv
-- Symlinking: /home/nameless/ugv_ws_jazzy_port/install/ugv_nav/share/ugv_nav/package.dsv
-- Symlinking: /home/nameless/ugv_ws_jazzy_port/install/ugv_nav/share/ament_index/resource_index/packages/ugv_nav
-- Symlinking: /home/nameless/ugv_ws_jazzy_port/install/ugv_nav/share/ugv_nav/cmake/ugv_navConfig.cmake
-- Symlinking: /home/nameless/ugv_ws_jazzy_port/install/ugv_nav/share/ugv_nav/cmake/ugv_navConfig-version.cmake
-- Symlinking: /home/nameless/ugv_ws_jazzy_port/install/ugv_nav/share/ugv_nav/package.xml
