[0.040s] Invoking command in '/home/nameless/ugv_ws_jazzy_port/build/robot_pose_publisher': CMAKE_PREFIX_PATH=${CMAKE_PREFIX_PATH}:/opt/ros/jazzy /usr/bin/cmake /home/nameless/ugv_ws_jazzy_port/src/ugv_else/robot_pose_publisher -DAMENT_CMAKE_SYMLINK_INSTALL=1 -DCMAKE_INSTALL_PREFIX=/home/nameless/ugv_ws_jazzy_port/install/robot_pose_publisher
[0.736s] -- The C compiler identification is GNU 13.3.0
[1.260s] -- The CXX compiler identification is GNU 13.3.0
[1.303s] -- Detecting C compiler ABI info
[1.564s] -- Detecting C compiler ABI info - done
[1.577s] -- Check for working C compiler: /usr/bin/cc - skipped
[1.577s] -- Detecting C compile features
[1.581s] -- Detecting C compile features - done
[1.597s] -- Detecting CXX compiler ABI info
[1.841s] -- Detecting CXX compiler ABI info - done
[1.858s] -- Check for working CXX compiler: /usr/bin/c++ - skipped
[1.858s] -- Detecting CXX compile features
[1.859s] -- Detecting CXX compile features - done
[1.888s] -- Found ament_cmake: 2.5.6 (/opt/ros/jazzy/share/ament_cmake/cmake)
[2.259s] -- Found Python3: /usr/bin/python3 (found version "3.12.3") found components: Interpreter 
[2.470s] -- Override CMake install command with custom implementation using symlinks instead of copying resources
[2.592s] -- Found rclcpp: 28.1.18 (/opt/ros/jazzy/share/rclcpp/cmake)
[2.717s] -- Found rosidl_generator_c: 4.6.7 (/opt/ros/jazzy/share/rosidl_generator_c/cmake)
[2.752s] -- Found rosidl_generator_cpp: 4.6.7 (/opt/ros/jazzy/share/rosidl_generator_cpp/cmake)
[2.798s] -- Using all available rosidl_typesupport_c: rosidl_typesupport_fastrtps_c;rosidl_typesupport_introspection_c
[2.834s] -- Using all available rosidl_typesupport_cpp: rosidl_typesupport_fastrtps_cpp;rosidl_typesupport_introspection_cpp
[3.035s] -- Found rmw_implementation_cmake: 7.3.3 (/opt/ros/jazzy/share/rmw_implementation_cmake/cmake)
[3.046s] -- Found rmw_fastrtps_cpp: 8.4.3 (/opt/ros/jazzy/share/rmw_fastrtps_cpp/cmake)
[3.305s] -- Found OpenSSL: /usr/lib/aarch64-linux-gnu/libcrypto.so (found version "3.0.13")  
[3.345s] -- Found FastRTPS: /opt/ros/jazzy/include (Required is at least version "2.13") 
[3.388s] -- Using RMW implementation 'rmw_fastrtps_cpp' as default
[3.578s] -- Found geometry_msgs: 5.3.7 (/opt/ros/jazzy/share/geometry_msgs/cmake)
[3.667s] -- Found tf2_ros: 0.36.20 (/opt/ros/jazzy/share/tf2_ros/cmake)
[4.239s] -- Configuring done (4.0s)
[4.273s] -- Generating done (0.0s)
[4.284s] -- Build files have been written to: /home/nameless/ugv_ws_jazzy_port/build/robot_pose_publisher
[4.317s] Invoked command in '/home/nameless/ugv_ws_jazzy_port/build/robot_pose_publisher' returned '0': CMAKE_PREFIX_PATH=${CMAKE_PREFIX_PATH}:/opt/ros/jazzy /usr/bin/cmake /home/nameless/ugv_ws_jazzy_port/src/ugv_else/robot_pose_publisher -DAMENT_CMAKE_SYMLINK_INSTALL=1 -DCMAKE_INSTALL_PREFIX=/home/nameless/ugv_ws_jazzy_port/install/robot_pose_publisher
[4.317s] Invoking command in '/home/nameless/ugv_ws_jazzy_port/build/robot_pose_publisher': CMAKE_PREFIX_PATH=${CMAKE_PREFIX_PATH}:/opt/ros/jazzy /usr/bin/cmake --build /home/nameless/ugv_ws_jazzy_port/build/robot_pose_publisher -- -j4 -l4
[4.462s] [ 50%] [32mBuilding CXX object CMakeFiles/robot_pose_publisher.dir/src/robot_pose_publisher.cpp.o[0m
[24.557s] [100%] [32m[1mLinking CXX executable robot_pose_publisher[0m
[25.983s] [100%] Built target robot_pose_publisher
[26.014s] Invoked command in '/home/nameless/ugv_ws_jazzy_port/build/robot_pose_publisher' returned '0': CMAKE_PREFIX_PATH=${CMAKE_PREFIX_PATH}:/opt/ros/jazzy /usr/bin/cmake --build /home/nameless/ugv_ws_jazzy_port/build/robot_pose_publisher -- -j4 -l4
[26.018s] Invoking command in '/home/nameless/ugv_ws_jazzy_port/build/robot_pose_publisher': CMAKE_PREFIX_PATH=${CMAKE_PREFIX_PATH}:/opt/ros/jazzy /usr/bin/cmake --install /home/nameless/ugv_ws_jazzy_port/build/robot_pose_publisher
[26.040s] -- Install configuration: ""
[26.042s] -- Execute custom install script
[26.043s] -- Symlinking: /home/nameless/ugv_ws_jazzy_port/install/robot_pose_publisher/lib/robot_pose_publisher/robot_pose_publisher
[26.072s] -- Symlinking: /home/nameless/ugv_ws_jazzy_port/install/robot_pose_publisher/share/robot_pose_publisher/launch/robot_pose_publisher_launch.py
[26.101s] -- Symlinking: /home/nameless/ugv_ws_jazzy_port/install/robot_pose_publisher/share/ament_index/resource_index/package_run_dependencies/robot_pose_publisher
[26.127s] -- Symlinking: /home/nameless/ugv_ws_jazzy_port/install/robot_pose_publisher/share/ament_index/resource_index/parent_prefix_path/robot_pose_publisher
[26.156s] -- Symlinking: /home/nameless/ugv_ws_jazzy_port/install/robot_pose_publisher/share/robot_pose_publisher/environment/ament_prefix_path.sh
[26.182s] -- Symlinking: /home/nameless/ugv_ws_jazzy_port/install/robot_pose_publisher/share/robot_pose_publisher/environment/ament_prefix_path.dsv
[26.210s] -- Symlinking: /home/nameless/ugv_ws_jazzy_port/install/robot_pose_publisher/share/robot_pose_publisher/environment/path.sh
[26.237s] -- Symlinking: /home/nameless/ugv_ws_jazzy_port/install/robot_pose_publisher/share/robot_pose_publisher/environment/path.dsv
[26.263s] -- Symlinking: /home/nameless/ugv_ws_jazzy_port/install/robot_pose_publisher/share/robot_pose_publisher/local_setup.bash
[26.289s] -- Symlinking: /home/nameless/ugv_ws_jazzy_port/install/robot_pose_publisher/share/robot_pose_publisher/local_setup.sh
[26.315s] -- Symlinking: /home/nameless/ugv_ws_jazzy_port/install/robot_pose_publisher/share/robot_pose_publisher/local_setup.zsh
[26.341s] -- Symlinking: /home/nameless/ugv_ws_jazzy_port/install/robot_pose_publisher/share/robot_pose_publisher/local_setup.dsv
[26.367s] -- Symlinking: /home/nameless/ugv_ws_jazzy_port/install/robot_pose_publisher/share/robot_pose_publisher/package.dsv
[26.392s] -- Symlinking: /home/nameless/ugv_ws_jazzy_port/install/robot_pose_publisher/share/ament_index/resource_index/packages/robot_pose_publisher
[26.417s] -- Symlinking: /home/nameless/ugv_ws_jazzy_port/install/robot_pose_publisher/share/robot_pose_publisher/cmake/robot_pose_publisherConfig.cmake
[26.443s] -- Symlinking: /home/nameless/ugv_ws_jazzy_port/install/robot_pose_publisher/share/robot_pose_publisher/cmake/robot_pose_publisherConfig-version.cmake
[26.467s] -- Symlinking: /home/nameless/ugv_ws_jazzy_port/install/robot_pose_publisher/share/robot_pose_publisher/package.xml
[26.497s] Invoked command in '/home/nameless/ugv_ws_jazzy_port/build/robot_pose_publisher' returned '0': CMAKE_PREFIX_PATH=${CMAKE_PREFIX_PATH}:/opt/ros/jazzy /usr/bin/cmake --install /home/nameless/ugv_ws_jazzy_port/build/robot_pose_publisher
