-- Install configuration: ""
-- Execute custom install script
-- Symlinking: /home/nameless/ugv_ws_jazzy_port/install/ugv_description/share/ugv_description/launch/display.launch.py
-- Symlinking: /home/nameless/ugv_ws_jazzy_port/install/ugv_description/share/ugv_description/meshes/rasp_rover/base_lidar_link.stl
-- Symlinking: /home/nameless/ugv_ws_jazzy_port/install/ugv_description/share/ugv_description/meshes/rasp_rover/base_link.stl
-- Symlinking: /home/nameless/ugv_ws_jazzy_port/install/ugv_description/share/ugv_description/meshes/rasp_rover/left_down_wheel_link.stl
-- Symlinking: /home/nameless/ugv_ws_jazzy_port/install/ugv_description/share/ugv_description/meshes/rasp_rover/left_up_wheel_link.stl
-- Symlinking: /home/nameless/ugv_ws_jazzy_port/install/ugv_description/share/ugv_description/meshes/rasp_rover/pt_base_link.stl
-- Symlinking: /home/nameless/ugv_ws_jazzy_port/install/ugv_description/share/ugv_description/meshes/rasp_rover/pt_camera_link.stl
-- Symlinking: /home/nameless/ugv_ws_jazzy_port/install/ugv_description/share/ugv_description/meshes/rasp_rover/pt_link1.stl
-- Symlinking: /home/nameless/ugv_ws_jazzy_port/install/ugv_description/share/ugv_description/meshes/rasp_rover/pt_link2.stl
-- Symlinking: /home/nameless/ugv_ws_jazzy_port/install/ugv_description/share/ugv_description/meshes/rasp_rover/right_down_wheel_link.stl
-- Symlinking: /home/nameless/ugv_ws_jazzy_port/install/ugv_description/share/ugv_description/meshes/rasp_rover/right_up_wheel_link.stl
-- Symlinking: /home/nameless/ugv_ws_jazzy_port/install/ugv_description/share/ugv_description/meshes/ugv_beast/3d_camera_link.stl
-- Symlinking: /home/nameless/ugv_ws_jazzy_port/install/ugv_description/share/ugv_description/meshes/ugv_beast/base_lidar_link.stl
-- Symlinking: /home/nameless/ugv_ws_jazzy_port/install/ugv_description/share/ugv_description/meshes/ugv_beast/base_link.stl
-- Symlinking: /home/nameless/ugv_ws_jazzy_port/install/ugv_description/share/ugv_description/meshes/ugv_beast/left_down_wheel_link.stl
-- Symlinking: /home/nameless/ugv_ws_jazzy_port/install/ugv_description/share/ugv_description/meshes/ugv_beast/left_up_wheel_link.stl
-- Symlinking: /home/nameless/ugv_ws_jazzy_port/install/ugv_description/share/ugv_description/meshes/ugv_beast/pt_base_link.stl
-- Symlinking: /home/nameless/ugv_ws_jazzy_port/install/ugv_description/share/ugv_description/meshes/ugv_beast/pt_camera_link.stl
-- Symlinking: /home/nameless/ugv_ws_jazzy_port/install/ugv_description/share/ugv_description/meshes/ugv_beast/pt_link1.stl
-- Symlinking: /home/nameless/ugv_ws_jazzy_port/install/ugv_description/share/ugv_description/meshes/ugv_beast/pt_link2.stl
-- Symlinking: /home/nameless/ugv_ws_jazzy_port/install/ugv_description/share/ugv_description/meshes/ugv_beast/right_down_wheel_link.stl
-- Symlinking: /home/nameless/ugv_ws_jazzy_port/install/ugv_description/share/ugv_description/meshes/ugv_beast/right_up_wheel_link.stl
-- Symlinking: /home/nameless/ugv_ws_jazzy_port/install/ugv_description/share/ugv_description/meshes/ugv_rover/3d_camera_link.stl
-- Symlinking: /home/nameless/ugv_ws_jazzy_port/install/ugv_description/share/ugv_description/meshes/ugv_rover/base_lidar_link.stl
-- Symlinking: /home/nameless/ugv_ws_jazzy_port/install/ugv_description/share/ugv_description/meshes/ugv_rover/base_link.stl
-- Symlinking: /home/nameless/ugv_ws_jazzy_port/install/ugv_description/share/ugv_description/meshes/ugv_rover/left_down_wheel_link.stl
-- Symlinking: /home/nameless/ugv_ws_jazzy_port/install/ugv_description/share/ugv_description/meshes/ugv_rover/left_up_wheel_link.stl
-- Symlinking: /home/nameless/ugv_ws_jazzy_port/install/ugv_description/share/ugv_description/meshes/ugv_rover/pt_base_link.stl
-- Symlinking: /home/nameless/ugv_ws_jazzy_port/install/ugv_description/share/ugv_description/meshes/ugv_rover/pt_camera_link.stl
-- Symlinking: /home/nameless/ugv_ws_jazzy_port/install/ugv_description/share/ugv_description/meshes/ugv_rover/pt_link1.stl
-- Symlinking: /home/nameless/ugv_ws_jazzy_port/install/ugv_description/share/ugv_description/meshes/ugv_rover/pt_link2.stl
-- Symlinking: /home/nameless/ugv_ws_jazzy_port/install/ugv_description/share/ugv_description/meshes/ugv_rover/right_down_wheel_link.stl
-- Symlinking: /home/nameless/ugv_ws_jazzy_port/install/ugv_description/share/ugv_description/meshes/ugv_rover/right_up_wheel_link.stl
-- Symlinking: /home/nameless/ugv_ws_jazzy_port/install/ugv_description/share/ugv_description/urdf/rasp_rover.urdf
-- Symlinking: /home/nameless/ugv_ws_jazzy_port/install/ugv_description/share/ugv_description/urdf/ugv_beast.urdf
-- Symlinking: /home/nameless/ugv_ws_jazzy_port/install/ugv_description/share/ugv_description/urdf/ugv_rover.urdf
-- Symlinking: /home/nameless/ugv_ws_jazzy_port/install/ugv_description/share/ugv_description/rviz/view_description.rviz
-- Symlinking: /home/nameless/ugv_ws_jazzy_port/install/ugv_description/share/ament_index/resource_index/package_run_dependencies/ugv_description
-- Symlinking: /home/nameless/ugv_ws_jazzy_port/install/ugv_description/share/ament_index/resource_index/parent_prefix_path/ugv_description
-- Symlinking: /home/nameless/ugv_ws_jazzy_port/install/ugv_description/share/ugv_description/environment/ament_prefix_path.sh
-- Symlinking: /home/nameless/ugv_ws_jazzy_port/install/ugv_description/share/ugv_description/environment/ament_prefix_path.dsv
-- Symlinking: /home/nameless/ugv_ws_jazzy_port/install/ugv_description/share/ugv_description/environment/path.sh
-- Symlinking: /home/nameless/ugv_ws_jazzy_port/install/ugv_description/share/ugv_description/environment/path.dsv
-- Symlinking: /home/nameless/ugv_ws_jazzy_port/install/ugv_description/share/ugv_description/local_setup.bash
-- Symlinking: /home/nameless/ugv_ws_jazzy_port/install/ugv_description/share/ugv_description/local_setup.sh
-- Symlinking: /home/nameless/ugv_ws_jazzy_port/install/ugv_description/share/ugv_description/local_setup.zsh
-- Symlinking: /home/nameless/ugv_ws_jazzy_port/install/ugv_description/share/ugv_description/local_setup.dsv
-- Symlinking: /home/nameless/ugv_ws_jazzy_port/install/ugv_description/share/ugv_description/package.dsv
-- Symlinking: /home/nameless/ugv_ws_jazzy_port/install/ugv_description/share/ament_index/resource_index/packages/ugv_description
-- Symlinking: /home/nameless/ugv_ws_jazzy_port/install/ugv_description/share/ugv_description/cmake/ament_cmake_export_dependencies-extras.cmake
-- Symlinking: /home/nameless/ugv_ws_jazzy_port/install/ugv_description/share/ugv_description/cmake/ugv_descriptionConfig.cmake
-- Symlinking: /home/nameless/ugv_ws_jazzy_port/install/ugv_description/share/ugv_description/cmake/ugv_descriptionConfig-version.cmake
-- Symlinking: /home/nameless/ugv_ws_jazzy_port/install/ugv_description/share/ugv_description/package.xml
