running develop
running egg_info
creating ugv_bringup.egg-info
writing ugv_bringup.egg-info/PKG-INFO
writing dependency_links to ugv_bringup.egg-info/dependency_links.txt
writing entry points to ugv_bringup.egg-info/entry_points.txt
writing requirements to ugv_bringup.egg-info/requires.txt
writing top-level names to ugv_bringup.egg-info/top_level.txt
writing manifest file 'ugv_bringup.egg-info/SOURCES.txt'
reading manifest file 'ugv_bringup.egg-info/SOURCES.txt'
writing manifest file 'ugv_bringup.egg-info/SOURCES.txt'
running build_ext
Creating /home/nameless/ugv_ws_jazzy_port/install/ugv_bringup/lib/python3.12/site-packages/ugv-bringup.egg-link (link to .)
Installing ugv_bringup script to /home/nameless/ugv_ws_jazzy_port/install/ugv_bringup/lib/ugv_bringup
Installing ugv_driver script to /home/nameless/ugv_ws_jazzy_port/install/ugv_bringup/lib/ugv_bringup

Installed /home/nameless/ugv_ws_jazzy_port/build/ugv_bringup
running symlink_data
creating /home/nameless/ugv_ws_jazzy_port/install/ugv_bringup/share/ament_index
creating /home/nameless/ugv_ws_jazzy_port/install/ugv_bringup/share/ament_index/resource_index
creating /home/nameless/ugv_ws_jazzy_port/install/ugv_bringup/share/ament_index/resource_index/packages
symbolically linking /home/nameless/ugv_ws_jazzy_port/build/ugv_bringup/resource/ugv_bringup -> /home/nameless/ugv_ws_jazzy_port/install/ugv_bringup/share/ament_index/resource_index/packages
symbolically linking /home/nameless/ugv_ws_jazzy_port/build/ugv_bringup/package.xml -> /home/nameless/ugv_ws_jazzy_port/install/ugv_bringup/share/ugv_bringup
creating /home/nameless/ugv_ws_jazzy_port/install/ugv_bringup/share/ugv_bringup/launch
symbolically linking /home/nameless/ugv_ws_jazzy_port/build/ugv_bringup/launch/bringup_imu_ekf.launch.py -> /home/nameless/ugv_ws_jazzy_port/install/ugv_bringup/share/ugv_bringup/launch
symbolically linking /home/nameless/ugv_ws_jazzy_port/build/ugv_bringup/launch/bringup_imu_origin.launch.py -> /home/nameless/ugv_ws_jazzy_port/install/ugv_bringup/share/ugv_bringup/launch
symbolically linking /home/nameless/ugv_ws_jazzy_port/build/ugv_bringup/launch/bringup_lidar.launch.py -> /home/nameless/ugv_ws_jazzy_port/install/ugv_bringup/share/ugv_bringup/launch
creating /home/nameless/ugv_ws_jazzy_port/install/ugv_bringup/share/ugv_bringup/rviz
symbolically linking /home/nameless/ugv_ws_jazzy_port/build/ugv_bringup/rviz/view_bringup.rviz -> /home/nameless/ugv_ws_jazzy_port/install/ugv_bringup/share/ugv_bringup/rviz
creating /home/nameless/ugv_ws_jazzy_port/install/ugv_bringup/share/ugv_bringup/param
symbolically linking /home/nameless/ugv_ws_jazzy_port/build/ugv_bringup/param/imu_filter_param.yaml -> /home/nameless/ugv_ws_jazzy_port/install/ugv_bringup/share/ugv_bringup/param
symbolically linking /home/nameless/ugv_ws_jazzy_port/build/ugv_bringup/param/ekf.yaml -> /home/nameless/ugv_ws_jazzy_port/install/ugv_bringup/share/ugv_bringup/param
