[2.586s] Invoking command in '/home/nameless/ugv_ws_jazzy_port/build/ugv_bringup': PYTHONPATH=/home/nameless/ugv_ws_jazzy_port/build/ugv_bringup/prefix_override:/usr/lib/python3/dist-packages/colcon_core/task/python/colcon_distutils_commands:/home/nameless/ugv_ws_jazzy_port/install/ugv_bringup/lib/python3.12/site-packages:${PYTHONPATH} /usr/bin/python3 -W ignore:setup.py install is deprecated -W ignore:easy_install command is deprecated setup.py develop --editable --build-directory /home/nameless/ugv_ws_jazzy_port/build/ugv_bringup/build --no-deps symlink_data
[3.118s] running develop
[3.489s] running egg_info
[3.489s] creating ugv_bringup.egg-info
[3.525s] writing ugv_bringup.egg-info/PKG-INFO
[3.525s] writing dependency_links to ugv_bringup.egg-info/dependency_links.txt
[3.526s] writing entry points to ugv_bringup.egg-info/entry_points.txt
[3.527s] writing requirements to ugv_bringup.egg-info/requires.txt
[3.528s] writing top-level names to ugv_bringup.egg-info/top_level.txt
[3.528s] writing manifest file 'ugv_bringup.egg-info/SOURCES.txt'
[3.598s] reading manifest file 'ugv_bringup.egg-info/SOURCES.txt'
[3.601s] writing manifest file 'ugv_bringup.egg-info/SOURCES.txt'
[3.640s] running build_ext
[3.645s] Creating /home/nameless/ugv_ws_jazzy_port/install/ugv_bringup/lib/python3.12/site-packages/ugv-bringup.egg-link (link to .)
[3.645s] Installing ugv_bringup script to /home/nameless/ugv_ws_jazzy_port/install/ugv_bringup/lib/ugv_bringup
[3.645s] Installing ugv_driver script to /home/nameless/ugv_ws_jazzy_port/install/ugv_bringup/lib/ugv_bringup
[3.646s] 
[3.646s] Installed /home/nameless/ugv_ws_jazzy_port/build/ugv_bringup
[3.646s] running symlink_data
[3.646s] creating /home/nameless/ugv_ws_jazzy_port/install/ugv_bringup/share/ament_index
[3.647s] creating /home/nameless/ugv_ws_jazzy_port/install/ugv_bringup/share/ament_index/resource_index
[3.647s] creating /home/nameless/ugv_ws_jazzy_port/install/ugv_bringup/share/ament_index/resource_index/packages
[3.648s] symbolically linking /home/nameless/ugv_ws_jazzy_port/build/ugv_bringup/resource/ugv_bringup -> /home/nameless/ugv_ws_jazzy_port/install/ugv_bringup/share/ament_index/resource_index/packages
[3.648s] symbolically linking /home/nameless/ugv_ws_jazzy_port/build/ugv_bringup/package.xml -> /home/nameless/ugv_ws_jazzy_port/install/ugv_bringup/share/ugv_bringup
[3.648s] creating /home/nameless/ugv_ws_jazzy_port/install/ugv_bringup/share/ugv_bringup/launch
[3.649s] symbolically linking /home/nameless/ugv_ws_jazzy_port/build/ugv_bringup/launch/bringup_imu_ekf.launch.py -> /home/nameless/ugv_ws_jazzy_port/install/ugv_bringup/share/ugv_bringup/launch
[3.649s] symbolically linking /home/nameless/ugv_ws_jazzy_port/build/ugv_bringup/launch/bringup_imu_origin.launch.py -> /home/nameless/ugv_ws_jazzy_port/install/ugv_bringup/share/ugv_bringup/launch
[3.650s] symbolically linking /home/nameless/ugv_ws_jazzy_port/build/ugv_bringup/launch/bringup_lidar.launch.py -> /home/nameless/ugv_ws_jazzy_port/install/ugv_bringup/share/ugv_bringup/launch
[3.650s] creating /home/nameless/ugv_ws_jazzy_port/install/ugv_bringup/share/ugv_bringup/rviz
[3.650s] symbolically linking /home/nameless/ugv_ws_jazzy_port/build/ugv_bringup/rviz/view_bringup.rviz -> /home/nameless/ugv_ws_jazzy_port/install/ugv_bringup/share/ugv_bringup/rviz
[3.650s] creating /home/nameless/ugv_ws_jazzy_port/install/ugv_bringup/share/ugv_bringup/param
[3.651s] symbolically linking /home/nameless/ugv_ws_jazzy_port/build/ugv_bringup/param/imu_filter_param.yaml -> /home/nameless/ugv_ws_jazzy_port/install/ugv_bringup/share/ugv_bringup/param
[3.651s] symbolically linking /home/nameless/ugv_ws_jazzy_port/build/ugv_bringup/param/ekf.yaml -> /home/nameless/ugv_ws_jazzy_port/install/ugv_bringup/share/ugv_bringup/param
[3.772s] Invoked command in '/home/nameless/ugv_ws_jazzy_port/build/ugv_bringup' returned '0': PYTHONPATH=/home/nameless/ugv_ws_jazzy_port/build/ugv_bringup/prefix_override:/usr/lib/python3/dist-packages/colcon_core/task/python/colcon_distutils_commands:/home/nameless/ugv_ws_jazzy_port/install/ugv_bringup/lib/python3.12/site-packages:${PYTHONPATH} /usr/bin/python3 -W ignore:setup.py install is deprecated -W ignore:easy_install command is deprecated setup.py develop --editable --build-directory /home/nameless/ugv_ws_jazzy_port/build/ugv_bringup/build --no-deps symlink_data
