[0.326s] Invoking command in '/home/nameless/ugv_ws_jazzy_port/build/ugv_slam': CMAKE_PREFIX_PATH=${CMAKE_PREFIX_PATH}:/opt/ros/jazzy /usr/bin/cmake /home/nameless/ugv_ws_jazzy_port/src/ugv_main/ugv_slam -DAMENT_CMAKE_SYMLINK_INSTALL=1 -DCMAKE_INSTALL_PREFIX=/home/nameless/ugv_ws_jazzy_port/install/ugv_slam
[0.494s] -- The C compiler identification is GNU 13.3.0
[0.657s] -- The CXX compiler identification is GNU 13.3.0
[0.688s] -- Detecting C compiler ABI info
[0.923s] -- Detecting C compiler ABI info - done
[0.962s] -- Check for working C compiler: /usr/bin/cc - skipped
[0.963s] -- Detecting C compile features
[0.964s] -- Detecting C compile features - done
[0.988s] -- Detecting CXX compiler ABI info
[1.260s] -- Detecting CXX compiler ABI info - done
[1.293s] -- Check for working CXX compiler: /usr/bin/c++ - skipped
[1.294s] -- Detecting CXX compile features
[1.294s] -- Detecting CXX compile features - done
[1.301s] -- Found ament_cmake: 2.5.6 (/opt/ros/jazzy/share/ament_cmake/cmake)
[1.675s] -- Found Python3: /usr/bin/python3 (found version "3.12.3") found components: Interpreter 
[1.888s] -- Override CMake install command with custom implementation using symlinks instead of copying resources
[1.946s] -- Found ament_lint_auto: 0.17.5 (/opt/ros/jazzy/share/ament_lint_auto/cmake)
[2.160s] -- Added test 'copyright' to check source files copyright and LICENSE
[2.165s] -- Added test 'flake8' to check Python code syntax and style conventions
[2.165s] -- Configured 'flake8' exclude dirs and/or files: 
[2.167s] -- Added test 'lint_cmake' to check CMake code style
[2.170s] -- Added test 'pep257' to check Python code against some of the docstring style conventions in PEP 257
[2.172s] -- Added test 'xmllint' to check XML markup files
[2.179s] -- Configuring done (1.8s)
[2.197s] -- Generating done (0.0s)
[2.205s] -- Build files have been written to: /home/nameless/ugv_ws_jazzy_port/build/ugv_slam
