running develop
running egg_info
creating ugv_tools.egg-info
writing ugv_tools.egg-info/PKG-INFO
writing dependency_links to ugv_tools.egg-info/dependency_links.txt
writing entry points to ugv_tools.egg-info/entry_points.txt
writing requirements to ugv_tools.egg-info/requires.txt
writing top-level names to ugv_tools.egg-info/top_level.txt
writing manifest file 'ugv_tools.egg-info/SOURCES.txt'
reading manifest file 'ugv_tools.egg-info/SOURCES.txt'
writing manifest file 'ugv_tools.egg-info/SOURCES.txt'
running build_ext
Creating /home/nameless/ugv_ws_jazzy_port/install/ugv_tools/lib/python3.12/site-packages/ugv-tools.egg-link (link to .)
Installing behavior_ctrl script to /home/nameless/ugv_ws_jazzy_port/install/ugv_tools/lib/ugv_tools
Installing joy_ctrl script to /home/nameless/ugv_ws_jazzy_port/install/ugv_tools/lib/ugv_tools
Installing keyboard_ctrl script to /home/nameless/ugv_ws_jazzy_port/install/ugv_tools/lib/ugv_tools

Installed /home/nameless/ugv_ws_jazzy_port/build/ugv_tools
running symlink_data
creating /home/nameless/ugv_ws_jazzy_port/install/ugv_tools/share/ament_index
creating /home/nameless/ugv_ws_jazzy_port/install/ugv_tools/share/ament_index/resource_index
creating /home/nameless/ugv_ws_jazzy_port/install/ugv_tools/share/ament_index/resource_index/packages
symbolically linking /home/nameless/ugv_ws_jazzy_port/build/ugv_tools/resource/ugv_tools -> /home/nameless/ugv_ws_jazzy_port/install/ugv_tools/share/ament_index/resource_index/packages
symbolically linking /home/nameless/ugv_ws_jazzy_port/build/ugv_tools/package.xml -> /home/nameless/ugv_ws_jazzy_port/install/ugv_tools/share/ugv_tools
creating /home/nameless/ugv_ws_jazzy_port/install/ugv_tools/share/ugv_tools/launch
symbolically linking /home/nameless/ugv_ws_jazzy_port/build/ugv_tools/launch/teleop_twist_joy.launch.py -> /home/nameless/ugv_ws_jazzy_port/install/ugv_tools/share/ugv_tools/launch
