[1.187s] Invoking command in '/home/nameless/ugv_ws_jazzy_port/build/ugv_bringup': PYTHONPATH=/home/nameless/ugv_ws_jazzy_port/build/ugv_bringup/prefix_override:/usr/lib/python3/dist-packages/colcon_core/task/python/colcon_distutils_commands:/home/nameless/ugv_ws_jazzy_port/install/ugv_bringup/lib/python3.12/site-packages:${PYTHONPATH} /usr/bin/python3 -W ignore:setup.py install is deprecated -W ignore:easy_install command is deprecated setup.py develop --editable --build-directory /home/nameless/ugv_ws_jazzy_port/build/ugv_bringup/build --no-deps symlink_data
[1.628s] running develop
[1.895s] running egg_info
[1.896s] creating ugv_bringup.egg-info
[1.920s] writing ugv_bringup.egg-info/PKG-INFO
[1.920s] writing dependency_links to ugv_bringup.egg-info/dependency_links.txt
[1.921s] writing entry points to ugv_bringup.egg-info/entry_points.txt
[1.921s] writing requirements to ugv_bringup.egg-info/requires.txt
[1.921s] writing top-level names to ugv_bringup.egg-info/top_level.txt
[1.921s] writing manifest file 'ugv_bringup.egg-info/SOURCES.txt'
[1.971s] reading manifest file 'ugv_bringup.egg-info/SOURCES.txt'
[1.972s] writing manifest file 'ugv_bringup.egg-info/SOURCES.txt'
[1.999s] running build_ext
[1.999s] Creating /home/nameless/ugv_ws_jazzy_port/install/ugv_bringup/lib/python3.12/site-packages/ugv-bringup.egg-link (link to .)
[2.000s] Installing ugv_bringup script to /home/nameless/ugv_ws_jazzy_port/install/ugv_bringup/lib/ugv_bringup
[2.000s] Installing ugv_driver script to /home/nameless/ugv_ws_jazzy_port/install/ugv_bringup/lib/ugv_bringup
[2.000s] 
[2.000s] Installed /home/nameless/ugv_ws_jazzy_port/build/ugv_bringup
[2.001s] running symlink_data
[2.001s] creating /home/nameless/ugv_ws_jazzy_port/install/ugv_bringup/share/ament_index
[2.001s] creating /home/nameless/ugv_ws_jazzy_port/install/ugv_bringup/share/ament_index/resource_index
[2.001s] creating /home/nameless/ugv_ws_jazzy_port/install/ugv_bringup/share/ament_index/resource_index/packages
[2.001s] symbolically linking /home/nameless/ugv_ws_jazzy_port/build/ugv_bringup/resource/ugv_bringup -> /home/nameless/ugv_ws_jazzy_port/install/ugv_bringup/share/ament_index/resource_index/packages
[2.001s] symbolically linking /home/nameless/ugv_ws_jazzy_port/build/ugv_bringup/package.xml -> /home/nameless/ugv_ws_jazzy_port/install/ugv_bringup/share/ugv_bringup
[2.001s] creating /home/nameless/ugv_ws_jazzy_port/install/ugv_bringup/share/ugv_bringup/launch
[2.001s] symbolically linking /home/nameless/ugv_ws_jazzy_port/build/ugv_bringup/launch/bringup_imu_ekf.launch.py -> /home/nameless/ugv_ws_jazzy_port/install/ugv_bringup/share/ugv_bringup/launch
[2.001s] symbolically linking /home/nameless/ugv_ws_jazzy_port/build/ugv_bringup/launch/bringup_imu_origin.launch.py -> /home/nameless/ugv_ws_jazzy_port/install/ugv_bringup/share/ugv_bringup/launch
[2.002s] symbolically linking /home/nameless/ugv_ws_jazzy_port/build/ugv_bringup/launch/bringup_lidar.launch.py -> /home/nameless/ugv_ws_jazzy_port/install/ugv_bringup/share/ugv_bringup/launch
[2.002s] creating /home/nameless/ugv_ws_jazzy_port/install/ugv_bringup/share/ugv_bringup/rviz
[2.002s] symbolically linking /home/nameless/ugv_ws_jazzy_port/build/ugv_bringup/rviz/view_bringup.rviz -> /home/nameless/ugv_ws_jazzy_port/install/ugv_bringup/share/ugv_bringup/rviz
[2.002s] creating /home/nameless/ugv_ws_jazzy_port/install/ugv_bringup/share/ugv_bringup/param
[2.002s] symbolically linking /home/nameless/ugv_ws_jazzy_port/build/ugv_bringup/param/imu_filter_param.yaml -> /home/nameless/ugv_ws_jazzy_port/install/ugv_bringup/share/ugv_bringup/param
[2.002s] symbolically linking /home/nameless/ugv_ws_jazzy_port/build/ugv_bringup/param/ekf.yaml -> /home/nameless/ugv_ws_jazzy_port/install/ugv_bringup/share/ugv_bringup/param
[2.091s] Invoked command in '/home/nameless/ugv_ws_jazzy_port/build/ugv_bringup' returned '0': PYTHONPATH=/home/nameless/ugv_ws_jazzy_port/build/ugv_bringup/prefix_override:/usr/lib/python3/dist-packages/colcon_core/task/python/colcon_distutils_commands:/home/nameless/ugv_ws_jazzy_port/install/ugv_bringup/lib/python3.12/site-packages:${PYTHONPATH} /usr/bin/python3 -W ignore:setup.py install is deprecated -W ignore:easy_install command is deprecated setup.py develop --editable --build-directory /home/nameless/ugv_ws_jazzy_port/build/ugv_bringup/build --no-deps symlink_data
