[1.786s] Invoking command in '/home/nameless/ugv_ws_jazzy_port/build/ugv_chat_ai': PYTHONPATH=/home/nameless/ugv_ws_jazzy_port/build/ugv_chat_ai/prefix_override:/usr/lib/python3/dist-packages/colcon_core/task/python/colcon_distutils_commands:/home/nameless/ugv_ws_jazzy_port/install/ugv_chat_ai/lib/python3.12/site-packages:${PYTHONPATH} /usr/bin/python3 -W ignore:setup.py install is deprecated -W ignore:easy_install command is deprecated setup.py develop --editable --build-directory /home/nameless/ugv_ws_jazzy_port/build/ugv_chat_ai/build --no-deps symlink_data
[2.332s] running develop
[2.577s] running egg_info
[2.577s] creating ugv_chat_ai.egg-info
[2.599s] writing ugv_chat_ai.egg-info/PKG-INFO
[2.600s] writing dependency_links to ugv_chat_ai.egg-info/dependency_links.txt
[2.600s] writing entry points to ugv_chat_ai.egg-info/entry_points.txt
[2.600s] writing requirements to ugv_chat_ai.egg-info/requires.txt
[2.600s] writing top-level names to ugv_chat_ai.egg-info/top_level.txt
[2.600s] writing manifest file 'ugv_chat_ai.egg-info/SOURCES.txt'
[2.647s] reading manifest file 'ugv_chat_ai.egg-info/SOURCES.txt'
[2.648s] writing manifest file 'ugv_chat_ai.egg-info/SOURCES.txt'
[2.673s] running build_ext
[2.673s] Creating /home/nameless/ugv_ws_jazzy_port/install/ugv_chat_ai/lib/python3.12/site-packages/ugv-chat-ai.egg-link (link to .)
[2.674s] Installing app script to /home/nameless/ugv_ws_jazzy_port/install/ugv_chat_ai/lib/ugv_chat_ai
[2.675s] 
[2.675s] Installed /home/nameless/ugv_ws_jazzy_port/build/ugv_chat_ai
[2.675s] running symlink_data
[2.675s] creating /home/nameless/ugv_ws_jazzy_port/install/ugv_chat_ai/share/ament_index
[2.675s] creating /home/nameless/ugv_ws_jazzy_port/install/ugv_chat_ai/share/ament_index/resource_index
[2.675s] creating /home/nameless/ugv_ws_jazzy_port/install/ugv_chat_ai/share/ament_index/resource_index/packages
[2.675s] symbolically linking /home/nameless/ugv_ws_jazzy_port/build/ugv_chat_ai/resource/ugv_chat_ai -> /home/nameless/ugv_ws_jazzy_port/install/ugv_chat_ai/share/ament_index/resource_index/packages
[2.675s] symbolically linking /home/nameless/ugv_ws_jazzy_port/build/ugv_chat_ai/package.xml -> /home/nameless/ugv_ws_jazzy_port/install/ugv_chat_ai/share/ugv_chat_ai
[2.676s] creating /home/nameless/ugv_ws_jazzy_port/install/ugv_chat_ai/share/ugv_chat_ai/launch
