[0.021s] Invoking command in '/home/nameless/ugv_ws_jazzy_port/build/robot_pose_publisher': CMAKE_PREFIX_PATH=${CMAKE_PREFIX_PATH}:/opt/ros/jazzy /usr/bin/cmake /home/nameless/ugv_ws_jazzy_port/src/ugv_else/robot_pose_publisher -DCMAKE_INSTALL_PREFIX=/home/nameless/ugv_ws_jazzy_port/install/robot_pose_publisher
[0.963s] -- The C compiler identification is GNU 13.3.0
[1.453s] -- The CXX compiler identification is GNU 13.3.0
[1.501s] -- Detecting C compiler ABI info
[1.777s] -- Detecting C compiler ABI info - done
[1.788s] -- Check for working C compiler: /usr/bin/cc - skipped
[1.788s] -- Detecting C compile features
[1.790s] -- Detecting C compile features - done
[1.809s] -- Detecting CXX compiler ABI info
[2.154s] -- Detecting CXX compiler ABI info - done
[2.184s] -- Check for working CXX compiler: /usr/bin/c++ - skipped
[2.189s] -- Detecting CXX compile features
[2.189s] -- Detecting CXX compile features - done
[2.192s] -- Found ament_cmake: 2.5.6 (/opt/ros/jazzy/share/ament_cmake/cmake)
[2.576s] -- Found Python3: /usr/bin/python3 (found version "3.12.3") found components: Interpreter 
[2.831s] -- Found rclcpp: 28.1.18 (/opt/ros/jazzy/share/rclcpp/cmake)
[2.926s] -- Found rosidl_generator_c: 4.6.7 (/opt/ros/jazzy/share/rosidl_generator_c/cmake)
[2.953s] -- Found rosidl_generator_cpp: 4.6.7 (/opt/ros/jazzy/share/rosidl_generator_cpp/cmake)
[2.995s] -- Using all available rosidl_typesupport_c: rosidl_typesupport_fastrtps_c;rosidl_typesupport_introspection_c
[3.035s] -- Using all available rosidl_typesupport_cpp: rosidl_typesupport_fastrtps_cpp;rosidl_typesupport_introspection_cpp
[3.206s] -- Found rmw_implementation_cmake: 7.3.3 (/opt/ros/jazzy/share/rmw_implementation_cmake/cmake)
[3.214s] -- Found rmw_fastrtps_cpp: 8.4.3 (/opt/ros/jazzy/share/rmw_fastrtps_cpp/cmake)
[3.420s] -- Found OpenSSL: /usr/lib/aarch64-linux-gnu/libcrypto.so (found version "3.0.13")  
[3.462s] -- Found FastRTPS: /opt/ros/jazzy/include (Required is at least version "2.13") 
[3.501s] -- Using RMW implementation 'rmw_fastrtps_cpp' as default
[3.648s] -- Found geometry_msgs: 5.3.7 (/opt/ros/jazzy/share/geometry_msgs/cmake)
[3.698s] -- Found tf2_ros: 0.36.20 (/opt/ros/jazzy/share/tf2_ros/cmake)
[4.142s] -- Configuring done (3.9s)
[4.163s] -- Generating done (0.0s)
[4.171s] -- Build files have been written to: /home/nameless/ugv_ws_jazzy_port/build/robot_pose_publisher
