[100%] Built target robot_pose_publisher
-- Install configuration: ""
-- Installing: /home/nameless/ugv_ws_jazzy_port/install/robot_pose_publisher/lib/robot_pose_publisher/robot_pose_publisher
-- Set non-toolchain portion of runtime path of "/home/nameless/ugv_ws_jazzy_port/install/robot_pose_publisher/lib/robot_pose_publisher/robot_pose_publisher" to ""
-- Installing: /home/nameless/ugv_ws_jazzy_port/install/robot_pose_publisher/share/robot_pose_publisher/launch
-- Installing: /home/nameless/ugv_ws_jazzy_port/install/robot_pose_publisher/share/robot_pose_publisher/launch/robot_pose_publisher_launch.py
-- Installing: /home/nameless/ugv_ws_jazzy_port/install/robot_pose_publisher/share/ament_index/resource_index/package_run_dependencies/robot_pose_publisher
-- Installing: /home/nameless/ugv_ws_jazzy_port/install/robot_pose_publisher/share/ament_index/resource_index/parent_prefix_path/robot_pose_publisher
-- Installing: /home/nameless/ugv_ws_jazzy_port/install/robot_pose_publisher/share/robot_pose_publisher/environment/ament_prefix_path.sh
-- Installing: /home/nameless/ugv_ws_jazzy_port/install/robot_pose_publisher/share/robot_pose_publisher/environment/ament_prefix_path.dsv
-- Installing: /home/nameless/ugv_ws_jazzy_port/install/robot_pose_publisher/share/robot_pose_publisher/environment/path.sh
-- Installing: /home/nameless/ugv_ws_jazzy_port/install/robot_pose_publisher/share/robot_pose_publisher/environment/path.dsv
-- Installing: /home/nameless/ugv_ws_jazzy_port/install/robot_pose_publisher/share/robot_pose_publisher/local_setup.bash
-- Installing: /home/nameless/ugv_ws_jazzy_port/install/robot_pose_publisher/share/robot_pose_publisher/local_setup.sh
-- Installing: /home/nameless/ugv_ws_jazzy_port/install/robot_pose_publisher/share/robot_pose_publisher/local_setup.zsh
-- Installing: /home/nameless/ugv_ws_jazzy_port/install/robot_pose_publisher/share/robot_pose_publisher/local_setup.dsv
-- Installing: /home/nameless/ugv_ws_jazzy_port/install/robot_pose_publisher/share/robot_pose_publisher/package.dsv
-- Installing: /home/nameless/ugv_ws_jazzy_port/install/robot_pose_publisher/share/ament_index/resource_index/packages/robot_pose_publisher
-- Installing: /home/nameless/ugv_ws_jazzy_port/install/robot_pose_publisher/share/robot_pose_publisher/cmake/robot_pose_publisherConfig.cmake
-- Installing: /home/nameless/ugv_ws_jazzy_port/install/robot_pose_publisher/share/robot_pose_publisher/cmake/robot_pose_publisherConfig-version.cmake
-- Installing: /home/nameless/ugv_ws_jazzy_port/install/robot_pose_publisher/share/robot_pose_publisher/package.xml
