[0.031s] Invoking command in '/home/nameless/ugv_ws_jazzy_port/build/robot_pose_publisher': CMAKE_PREFIX_PATH=${CMAKE_PREFIX_PATH}:/opt/ros/jazzy /usr/bin/cmake --build /home/nameless/ugv_ws_jazzy_port/build/robot_pose_publisher -- -j4 -l4
[0.408s] [100%] Built target robot_pose_publisher
[0.410s] Invoked command in '/home/nameless/ugv_ws_jazzy_port/build/robot_pose_publisher' returned '0': CMAKE_PREFIX_PATH=${CMAKE_PREFIX_PATH}:/opt/ros/jazzy /usr/bin/cmake --build /home/nameless/ugv_ws_jazzy_port/build/robot_pose_publisher -- -j4 -l4
[0.427s] Invoking command in '/home/nameless/ugv_ws_jazzy_port/build/robot_pose_publisher': CMAKE_PREFIX_PATH=${CMAKE_PREFIX_PATH}:/opt/ros/jazzy /usr/bin/cmake --install /home/nameless/ugv_ws_jazzy_port/build/robot_pose_publisher
[0.443s] -- Install configuration: ""
[0.443s] -- Installing: /home/nameless/ugv_ws_jazzy_port/install/robot_pose_publisher/lib/robot_pose_publisher/robot_pose_publisher
[0.452s] -- Set non-toolchain portion of runtime path of "/home/nameless/ugv_ws_jazzy_port/install/robot_pose_publisher/lib/robot_pose_publisher/robot_pose_publisher" to ""
[0.452s] -- Installing: /home/nameless/ugv_ws_jazzy_port/install/robot_pose_publisher/share/robot_pose_publisher/launch
[0.452s] -- Installing: /home/nameless/ugv_ws_jazzy_port/install/robot_pose_publisher/share/robot_pose_publisher/launch/robot_pose_publisher_launch.py
[0.453s] -- Installing: /home/nameless/ugv_ws_jazzy_port/install/robot_pose_publisher/share/ament_index/resource_index/package_run_dependencies/robot_pose_publisher
[0.454s] -- Installing: /home/nameless/ugv_ws_jazzy_port/install/robot_pose_publisher/share/ament_index/resource_index/parent_prefix_path/robot_pose_publisher
[0.454s] -- Installing: /home/nameless/ugv_ws_jazzy_port/install/robot_pose_publisher/share/robot_pose_publisher/environment/ament_prefix_path.sh
[0.454s] -- Installing: /home/nameless/ugv_ws_jazzy_port/install/robot_pose_publisher/share/robot_pose_publisher/environment/ament_prefix_path.dsv
[0.454s] -- Installing: /home/nameless/ugv_ws_jazzy_port/install/robot_pose_publisher/share/robot_pose_publisher/environment/path.sh
[0.454s] -- Installing: /home/nameless/ugv_ws_jazzy_port/install/robot_pose_publisher/share/robot_pose_publisher/environment/path.dsv
[0.454s] -- Installing: /home/nameless/ugv_ws_jazzy_port/install/robot_pose_publisher/share/robot_pose_publisher/local_setup.bash
[0.455s] -- Installing: /home/nameless/ugv_ws_jazzy_port/install/robot_pose_publisher/share/robot_pose_publisher/local_setup.sh
[0.455s] -- Installing: /home/nameless/ugv_ws_jazzy_port/install/robot_pose_publisher/share/robot_pose_publisher/local_setup.zsh
[0.456s] -- Installing: /home/nameless/ugv_ws_jazzy_port/install/robot_pose_publisher/share/robot_pose_publisher/local_setup.dsv
[0.457s] -- Installing: /home/nameless/ugv_ws_jazzy_port/install/robot_pose_publisher/share/robot_pose_publisher/package.dsv
[0.458s] -- Installing: /home/nameless/ugv_ws_jazzy_port/install/robot_pose_publisher/share/ament_index/resource_index/packages/robot_pose_publisher
[0.458s] -- Installing: /home/nameless/ugv_ws_jazzy_port/install/robot_pose_publisher/share/robot_pose_publisher/cmake/robot_pose_publisherConfig.cmake
[0.459s] -- Installing: /home/nameless/ugv_ws_jazzy_port/install/robot_pose_publisher/share/robot_pose_publisher/cmake/robot_pose_publisherConfig-version.cmake
[0.459s] -- Installing: /home/nameless/ugv_ws_jazzy_port/install/robot_pose_publisher/share/robot_pose_publisher/package.xml
[0.466s] Invoked command in '/home/nameless/ugv_ws_jazzy_port/build/robot_pose_publisher' returned '0': CMAKE_PREFIX_PATH=${CMAKE_PREFIX_PATH}:/opt/ros/jazzy /usr/bin/cmake --install /home/nameless/ugv_ws_jazzy_port/build/robot_pose_publisher
