[1.583s] Invoking command in '/home/nameless/ugv_ws_jazzy_port/build/ugv_vision': PYTHONPATH=/home/nameless/ugv_ws_jazzy_port/build/ugv_vision/prefix_override:/usr/lib/python3/dist-packages/colcon_core/task/python/colcon_distutils_commands:/home/nameless/ugv_ws_jazzy_port/install/ugv_vision/lib/python3.12/site-packages:${PYTHONPATH} /usr/bin/python3 -W ignore:setup.py install is deprecated -W ignore:easy_install command is deprecated setup.py develop --editable --build-directory /home/nameless/ugv_ws_jazzy_port/build/ugv_vision/build --no-deps symlink_data
[2.058s] running develop
[2.362s] running egg_info
[2.362s] creating ugv_vision.egg-info
[2.387s] writing ugv_vision.egg-info/PKG-INFO
[2.388s] writing dependency_links to ugv_vision.egg-info/dependency_links.txt
[2.388s] writing entry points to ugv_vision.egg-info/entry_points.txt
[2.389s] writing requirements to ugv_vision.egg-info/requires.txt
[2.389s] writing top-level names to ugv_vision.egg-info/top_level.txt
[2.389s] writing manifest file 'ugv_vision.egg-info/SOURCES.txt'
[2.440s] reading manifest file 'ugv_vision.egg-info/SOURCES.txt'
[2.441s] writing manifest file 'ugv_vision.egg-info/SOURCES.txt'
[2.468s] running build_ext
[2.469s] Creating /home/nameless/ugv_ws_jazzy_port/install/ugv_vision/lib/python3.12/site-packages/ugv-vision.egg-link (link to .)
[2.469s] Installing apriltag_ctrl script to /home/nameless/ugv_ws_jazzy_port/install/ugv_vision/lib/ugv_vision
[2.470s] Installing apriltag_track_0 script to /home/nameless/ugv_ws_jazzy_port/install/ugv_vision/lib/ugv_vision
[2.470s] Installing apriltag_track_1 script to /home/nameless/ugv_ws_jazzy_port/install/ugv_vision/lib/ugv_vision
[2.470s] Installing apriltag_track_2 script to /home/nameless/ugv_ws_jazzy_port/install/ugv_vision/lib/ugv_vision
[2.470s] Installing color_track script to /home/nameless/ugv_ws_jazzy_port/install/ugv_vision/lib/ugv_vision
[2.471s] Installing gesture_ctrl script to /home/nameless/ugv_ws_jazzy_port/install/ugv_vision/lib/ugv_vision
[2.471s] Installing kcf_track script to /home/nameless/ugv_ws_jazzy_port/install/ugv_vision/lib/ugv_vision
[2.471s] 
[2.471s] Installed /home/nameless/ugv_ws_jazzy_port/build/ugv_vision
[2.471s] running symlink_data
[2.471s] creating /home/nameless/ugv_ws_jazzy_port/install/ugv_vision/share/ament_index
[2.472s] creating /home/nameless/ugv_ws_jazzy_port/install/ugv_vision/share/ament_index/resource_index
[2.472s] creating /home/nameless/ugv_ws_jazzy_port/install/ugv_vision/share/ament_index/resource_index/packages
[2.472s] symbolically linking /home/nameless/ugv_ws_jazzy_port/build/ugv_vision/resource/ugv_vision -> /home/nameless/ugv_ws_jazzy_port/install/ugv_vision/share/ament_index/resource_index/packages
[2.472s] symbolically linking /home/nameless/ugv_ws_jazzy_port/build/ugv_vision/package.xml -> /home/nameless/ugv_ws_jazzy_port/install/ugv_vision/share/ugv_vision
[2.472s] creating /home/nameless/ugv_ws_jazzy_port/install/ugv_vision/share/ugv_vision/launch
[2.472s] symbolically linking /home/nameless/ugv_ws_jazzy_port/build/ugv_vision/launch/apriltag_track.launch.py -> /home/nameless/ugv_ws_jazzy_port/install/ugv_vision/share/ugv_vision/launch
[2.472s] symbolically linking /home/nameless/ugv_ws_jazzy_port/build/ugv_vision/launch/stereo.launch.py -> /home/nameless/ugv_ws_jazzy_port/install/ugv_vision/share/ugv_vision/launch
[2.472s] symbolically linking /home/nameless/ugv_ws_jazzy_port/build/ugv_vision/launch/camera.launch.py -> /home/nameless/ugv_ws_jazzy_port/install/ugv_vision/share/ugv_vision/launch
[2.473s] symbolically linking /home/nameless/ugv_ws_jazzy_port/build/ugv_vision/launch/oak_d_lite.launch.py -> /home/nameless/ugv_ws_jazzy_port/install/ugv_vision/share/ugv_vision/launch
[2.473s] creating /home/nameless/ugv_ws_jazzy_port/install/ugv_vision/share/ugv_vision/config
[2.473s] symbolically linking /home/nameless/ugv_ws_jazzy_port/build/ugv_vision/config/camera_info.yaml -> /home/nameless/ugv_ws_jazzy_port/install/ugv_vision/share/ugv_vision/config
[2.473s] symbolically linking /home/nameless/ugv_ws_jazzy_port/build/ugv_vision/config/params.yaml -> /home/nameless/ugv_ws_jazzy_port/install/ugv_vision/share/ugv_vision/config
[2.473s] symbolically linking /home/nameless/ugv_ws_jazzy_port/build/ugv_vision/config/stereo.yaml -> /home/nameless/ugv_ws_jazzy_port/install/ugv_vision/share/ugv_vision/config
[2.473s] symbolically linking /home/nameless/ugv_ws_jazzy_port/build/ugv_vision/config/oak_d_lite.yaml -> /home/nameless/ugv_ws_jazzy_port/install/ugv_vision/share/ugv_vision/config
[2.569s] Invoked command in '/home/nameless/ugv_ws_jazzy_port/build/ugv_vision' returned '0': PYTHONPATH=/home/nameless/ugv_ws_jazzy_port/build/ugv_vision/prefix_override:/usr/lib/python3/dist-packages/colcon_core/task/python/colcon_distutils_commands:/home/nameless/ugv_ws_jazzy_port/install/ugv_vision/lib/python3.12/site-packages:${PYTHONPATH} /usr/bin/python3 -W ignore:setup.py install is deprecated -W ignore:easy_install command is deprecated setup.py develop --editable --build-directory /home/nameless/ugv_ws_jazzy_port/build/ugv_vision/build --no-deps symlink_data
