running egg_info
creating ../../../build/ugv_bringup/ugv_bringup.egg-info
writing ../../../build/ugv_bringup/ugv_bringup.egg-info/PKG-INFO
writing dependency_links to ../../../build/ugv_bringup/ugv_bringup.egg-info/dependency_links.txt
writing entry points to ../../../build/ugv_bringup/ugv_bringup.egg-info/entry_points.txt
writing requirements to ../../../build/ugv_bringup/ugv_bringup.egg-info/requires.txt
writing top-level names to ../../../build/ugv_bringup/ugv_bringup.egg-info/top_level.txt
writing manifest file '../../../build/ugv_bringup/ugv_bringup.egg-info/SOURCES.txt'
reading manifest file '../../../build/ugv_bringup/ugv_bringup.egg-info/SOURCES.txt'
writing manifest file '../../../build/ugv_bringup/ugv_bringup.egg-info/SOURCES.txt'
running build
running build_py
creating /home/nameless/ugv_ws_jazzy_port/build/ugv_bringup/build
creating /home/nameless/ugv_ws_jazzy_port/build/ugv_bringup/build/lib
creating /home/nameless/ugv_ws_jazzy_port/build/ugv_bringup/build/lib/ugv_bringup
copying ugv_bringup/ugv_bringup.py -> /home/nameless/ugv_ws_jazzy_port/build/ugv_bringup/build/lib/ugv_bringup
copying ugv_bringup/ugv_driver.py -> /home/nameless/ugv_ws_jazzy_port/build/ugv_bringup/build/lib/ugv_bringup
copying ugv_bringup/__init__.py -> /home/nameless/ugv_ws_jazzy_port/build/ugv_bringup/build/lib/ugv_bringup
running install
running install_lib
creating /home/nameless/ugv_ws_jazzy_port/install/ugv_bringup/lib/python3.12/site-packages/ugv_bringup
copying /home/nameless/ugv_ws_jazzy_port/build/ugv_bringup/build/lib/ugv_bringup/ugv_bringup.py -> /home/nameless/ugv_ws_jazzy_port/install/ugv_bringup/lib/python3.12/site-packages/ugv_bringup
copying /home/nameless/ugv_ws_jazzy_port/build/ugv_bringup/build/lib/ugv_bringup/ugv_driver.py -> /home/nameless/ugv_ws_jazzy_port/install/ugv_bringup/lib/python3.12/site-packages/ugv_bringup
copying /home/nameless/ugv_ws_jazzy_port/build/ugv_bringup/build/lib/ugv_bringup/__init__.py -> /home/nameless/ugv_ws_jazzy_port/install/ugv_bringup/lib/python3.12/site-packages/ugv_bringup
byte-compiling /home/nameless/ugv_ws_jazzy_port/install/ugv_bringup/lib/python3.12/site-packages/ugv_bringup/ugv_bringup.py to ugv_bringup.cpython-312.pyc
byte-compiling /home/nameless/ugv_ws_jazzy_port/install/ugv_bringup/lib/python3.12/site-packages/ugv_bringup/ugv_driver.py to ugv_driver.cpython-312.pyc
byte-compiling /home/nameless/ugv_ws_jazzy_port/install/ugv_bringup/lib/python3.12/site-packages/ugv_bringup/__init__.py to __init__.cpython-312.pyc
running install_data
creating /home/nameless/ugv_ws_jazzy_port/install/ugv_bringup/share/ament_index
creating /home/nameless/ugv_ws_jazzy_port/install/ugv_bringup/share/ament_index/resource_index
creating /home/nameless/ugv_ws_jazzy_port/install/ugv_bringup/share/ament_index/resource_index/packages
copying resource/ugv_bringup -> /home/nameless/ugv_ws_jazzy_port/install/ugv_bringup/share/ament_index/resource_index/packages
copying package.xml -> /home/nameless/ugv_ws_jazzy_port/install/ugv_bringup/share/ugv_bringup
creating /home/nameless/ugv_ws_jazzy_port/install/ugv_bringup/share/ugv_bringup/launch
copying launch/bringup_imu_ekf.launch.py -> /home/nameless/ugv_ws_jazzy_port/install/ugv_bringup/share/ugv_bringup/launch
copying launch/bringup_imu_origin.launch.py -> /home/nameless/ugv_ws_jazzy_port/install/ugv_bringup/share/ugv_bringup/launch
copying launch/bringup_lidar.launch.py -> /home/nameless/ugv_ws_jazzy_port/install/ugv_bringup/share/ugv_bringup/launch
creating /home/nameless/ugv_ws_jazzy_port/install/ugv_bringup/share/ugv_bringup/rviz
copying rviz/view_bringup.rviz -> /home/nameless/ugv_ws_jazzy_port/install/ugv_bringup/share/ugv_bringup/rviz
creating /home/nameless/ugv_ws_jazzy_port/install/ugv_bringup/share/ugv_bringup/param
copying param/imu_filter_param.yaml -> /home/nameless/ugv_ws_jazzy_port/install/ugv_bringup/share/ugv_bringup/param
copying param/ekf.yaml -> /home/nameless/ugv_ws_jazzy_port/install/ugv_bringup/share/ugv_bringup/param
running install_egg_info
Copying ../../../build/ugv_bringup/ugv_bringup.egg-info to /home/nameless/ugv_ws_jazzy_port/install/ugv_bringup/lib/python3.12/site-packages/ugv_bringup-0.0.0-py3.12.egg-info
running install_scripts
Installing ugv_bringup script to /home/nameless/ugv_ws_jazzy_port/install/ugv_bringup/lib/ugv_bringup
Installing ugv_driver script to /home/nameless/ugv_ws_jazzy_port/install/ugv_bringup/lib/ugv_bringup
writing list of installed files to '/home/nameless/ugv_ws_jazzy_port/build/ugv_bringup/install.log'
