[0.029s] Invoking command in '/home/nameless/ugv_ws_jazzy_port/build/ugv_base_node': CMAKE_PREFIX_PATH=${CMAKE_PREFIX_PATH}:/opt/ros/jazzy /usr/bin/cmake --build /home/nameless/ugv_ws_jazzy_port/build/ugv_base_node -- -j4 -l4
[0.402s] [ 50%] Built target base_node_ekf
[0.402s] [100%] Built target base_node
[0.421s] Invoked command in '/home/nameless/ugv_ws_jazzy_port/build/ugv_base_node' returned '0': CMAKE_PREFIX_PATH=${CMAKE_PREFIX_PATH}:/opt/ros/jazzy /usr/bin/cmake --build /home/nameless/ugv_ws_jazzy_port/build/ugv_base_node -- -j4 -l4
[0.423s] Invoking command in '/home/nameless/ugv_ws_jazzy_port/build/ugv_base_node': CMAKE_PREFIX_PATH=${CMAKE_PREFIX_PATH}:/opt/ros/jazzy /usr/bin/cmake --install /home/nameless/ugv_ws_jazzy_port/build/ugv_base_node
[0.443s] -- Install configuration: ""
[0.443s] -- Installing: /home/nameless/ugv_ws_jazzy_port/install/ugv_base_node/lib/ugv_base_node/base_node
[0.463s] -- Set non-toolchain portion of runtime path of "/home/nameless/ugv_ws_jazzy_port/install/ugv_base_node/lib/ugv_base_node/base_node" to ""
[0.464s] -- Installing: /home/nameless/ugv_ws_jazzy_port/install/ugv_base_node/lib/ugv_base_node/base_node_ekf
[0.491s] -- Set non-toolchain portion of runtime path of "/home/nameless/ugv_ws_jazzy_port/install/ugv_base_node/lib/ugv_base_node/base_node_ekf" to ""
[0.491s] -- Installing: /home/nameless/ugv_ws_jazzy_port/install/ugv_base_node/share/ament_index/resource_index/package_run_dependencies/ugv_base_node
[0.491s] -- Installing: /home/nameless/ugv_ws_jazzy_port/install/ugv_base_node/share/ament_index/resource_index/parent_prefix_path/ugv_base_node
[0.491s] -- Installing: /home/nameless/ugv_ws_jazzy_port/install/ugv_base_node/share/ugv_base_node/environment/ament_prefix_path.sh
[0.492s] -- Installing: /home/nameless/ugv_ws_jazzy_port/install/ugv_base_node/share/ugv_base_node/environment/ament_prefix_path.dsv
[0.492s] -- Installing: /home/nameless/ugv_ws_jazzy_port/install/ugv_base_node/share/ugv_base_node/environment/path.sh
[0.493s] -- Installing: /home/nameless/ugv_ws_jazzy_port/install/ugv_base_node/share/ugv_base_node/environment/path.dsv
[0.494s] -- Installing: /home/nameless/ugv_ws_jazzy_port/install/ugv_base_node/share/ugv_base_node/local_setup.bash
[0.494s] -- Installing: /home/nameless/ugv_ws_jazzy_port/install/ugv_base_node/share/ugv_base_node/local_setup.sh
[0.494s] -- Installing: /home/nameless/ugv_ws_jazzy_port/install/ugv_base_node/share/ugv_base_node/local_setup.zsh
[0.495s] -- Installing: /home/nameless/ugv_ws_jazzy_port/install/ugv_base_node/share/ugv_base_node/local_setup.dsv
[0.495s] -- Installing: /home/nameless/ugv_ws_jazzy_port/install/ugv_base_node/share/ugv_base_node/package.dsv
[0.495s] -- Installing: /home/nameless/ugv_ws_jazzy_port/install/ugv_base_node/share/ament_index/resource_index/packages/ugv_base_node
[0.495s] -- Installing: /home/nameless/ugv_ws_jazzy_port/install/ugv_base_node/share/ugv_base_node/cmake/ugv_base_nodeConfig.cmake
[0.495s] -- Installing: /home/nameless/ugv_ws_jazzy_port/install/ugv_base_node/share/ugv_base_node/cmake/ugv_base_nodeConfig-version.cmake
[0.497s] -- Installing: /home/nameless/ugv_ws_jazzy_port/install/ugv_base_node/share/ugv_base_node/package.xml
[0.501s] Invoked command in '/home/nameless/ugv_ws_jazzy_port/build/ugv_base_node' returned '0': CMAKE_PREFIX_PATH=${CMAKE_PREFIX_PATH}:/opt/ros/jazzy /usr/bin/cmake --install /home/nameless/ugv_ws_jazzy_port/build/ugv_base_node
