[1.421s] Invoking command in '/home/nameless/ugv_ws_jazzy_port/build/ugv_web_app': PYTHONPATH=/home/nameless/ugv_ws_jazzy_port/build/ugv_web_app/prefix_override:/usr/lib/python3/dist-packages/colcon_core/task/python/colcon_distutils_commands:/home/nameless/ugv_ws_jazzy_port/install/ugv_web_app/lib/python3.12/site-packages:${PYTHONPATH} /usr/bin/python3 -W ignore:setup.py install is deprecated -W ignore:easy_install command is deprecated setup.py develop --editable --build-directory /home/nameless/ugv_ws_jazzy_port/build/ugv_web_app/build --no-deps symlink_data
[1.895s] running develop
[2.163s] running egg_info
[2.163s] creating ugv_web_app.egg-info
[2.188s] writing ugv_web_app.egg-info/PKG-INFO
[2.188s] writing dependency_links to ugv_web_app.egg-info/dependency_links.txt
[2.189s] writing requirements to ugv_web_app.egg-info/requires.txt
[2.189s] writing top-level names to ugv_web_app.egg-info/top_level.txt
[2.189s] writing manifest file 'ugv_web_app.egg-info/SOURCES.txt'
[2.239s] reading manifest file 'ugv_web_app.egg-info/SOURCES.txt'
[2.240s] writing manifest file 'ugv_web_app.egg-info/SOURCES.txt'
[2.266s] running build_ext
[2.266s] Creating /home/nameless/ugv_ws_jazzy_port/install/ugv_web_app/lib/python3.12/site-packages/ugv-web-app.egg-link (link to .)
[2.267s] 
[2.267s] Installed /home/nameless/ugv_ws_jazzy_port/build/ugv_web_app
[2.267s] running symlink_data
[2.268s] creating /home/nameless/ugv_ws_jazzy_port/install/ugv_web_app/share/ament_index
[2.268s] creating /home/nameless/ugv_ws_jazzy_port/install/ugv_web_app/share/ament_index/resource_index
[2.268s] creating /home/nameless/ugv_ws_jazzy_port/install/ugv_web_app/share/ament_index/resource_index/packages
[2.268s] symbolically linking /home/nameless/ugv_ws_jazzy_port/build/ugv_web_app/resource/ugv_web_app -> /home/nameless/ugv_ws_jazzy_port/install/ugv_web_app/share/ament_index/resource_index/packages
[2.268s] symbolically linking /home/nameless/ugv_ws_jazzy_port/build/ugv_web_app/package.xml -> /home/nameless/ugv_ws_jazzy_port/install/ugv_web_app/share/ugv_web_app
[2.268s] creating /home/nameless/ugv_ws_jazzy_port/install/ugv_web_app/share/ugv_web_app/launch
[2.268s] symbolically linking /home/nameless/ugv_ws_jazzy_port/build/ugv_web_app/launch/bringup.launch.py -> /home/nameless/ugv_ws_jazzy_port/install/ugv_web_app/share/ugv_web_app/launch
[2.353s] Invoked command in '/home/nameless/ugv_ws_jazzy_port/build/ugv_web_app' returned '0': PYTHONPATH=/home/nameless/ugv_ws_jazzy_port/build/ugv_web_app/prefix_override:/usr/lib/python3/dist-packages/colcon_core/task/python/colcon_distutils_commands:/home/nameless/ugv_ws_jazzy_port/install/ugv_web_app/lib/python3.12/site-packages:${PYTHONPATH} /usr/bin/python3 -W ignore:setup.py install is deprecated -W ignore:easy_install command is deprecated setup.py develop --editable --build-directory /home/nameless/ugv_ws_jazzy_port/build/ugv_web_app/build --no-deps symlink_data
