[0.515s] DEBUG:colcon:Command line arguments: ['/usr/bin/colcon', 'build', '--packages-select', 'ugv_interface', 'ugv_base_node', 'robot_pose_publisher', 'ugv_bringup', 'ugv_description', 'ugv_tools', '--symlink-install']
[0.515s] DEBUG:colcon:Parsed command line arguments: Namespace(log_base=None, log_level=None, verb_name='build', build_base='build', install_base='install', merge_install=False, symlink_install=True, test_result_base=None, continue_on_error=False, executor='parallel', parallel_workers=4, event_handlers=None, ignore_user_meta=False, metas=['./colcon.meta'], base_paths=['.'], packages_ignore=None, packages_ignore_regex=None, paths=None, packages_up_to=None, packages_up_to_regex=None, packages_above=None, packages_above_and_dependencies=None, packages_above_depth=None, packages_select_by_dep=None, packages_skip_by_dep=None, packages_skip_up_to=None, packages_select_build_failed=False, packages_skip_build_finished=False, packages_select_test_failures=False, packages_skip_test_passed=False, packages_select=['ugv_interface', 'ugv_base_node', 'robot_pose_publisher', 'ugv_bringup', 'ugv_description', 'ugv_tools'], packages_skip=None, packages_select_regex=None, packages_skip_regex=None, packages_start=None, packages_end=None, allow_overriding=[], cmake_args=None, cmake_target=None, cmake_target_skip_unavailable=False, cmake_clean_cache=False, cmake_clean_first=False, cmake_force_configure=False, ament_cmake_args=None, catkin_cmake_args=None, catkin_skip_building_tests=False, verb_parser=<colcon_defaults.argument_parser.defaults.DefaultArgumentsDecorator object at 0xffff97a40860>, verb_extension=<colcon_core.verb.build.BuildVerb object at 0xffff984f32f0>, main=<bound method BuildVerb.main of <colcon_core.verb.build.BuildVerb object at 0xffff984f32f0>>)
[0.629s] Level 1:colcon.colcon_core.package_discovery:discover_packages(colcon_meta) check parameters
[0.629s] Level 1:colcon.colcon_core.package_discovery:discover_packages(recursive) check parameters
[0.630s] Level 1:colcon.colcon_core.package_discovery:discover_packages(ignore) check parameters
[0.630s] Level 1:colcon.colcon_core.package_discovery:discover_packages(path) check parameters
[0.630s] Level 1:colcon.colcon_core.package_discovery:discover_packages(colcon_meta) discover
[0.630s] Level 1:colcon.colcon_core.package_discovery:discover_packages(recursive) discover
[0.630s] INFO:colcon.colcon_core.package_discovery:Crawling recursively for packages in '/home/nameless/ugv_ws_jazzy_port'
[0.630s] Level 1:colcon.colcon_core.package_identification:_identify(.) by extensions ['ignore', 'ignore_ament_install']
[0.630s] Level 1:colcon.colcon_core.package_identification:_identify(.) by extension 'ignore'
[0.630s] Level 1:colcon.colcon_core.package_identification:_identify(.) by extension 'ignore_ament_install'
[0.630s] Level 1:colcon.colcon_core.package_identification:_identify(.) by extensions ['colcon_pkg']
[0.630s] Level 1:colcon.colcon_core.package_identification:_identify(.) by extension 'colcon_pkg'
[0.630s] Level 1:colcon.colcon_core.package_identification:_identify(.) by extensions ['colcon_meta']
[0.630s] Level 1:colcon.colcon_core.package_identification:_identify(.) by extension 'colcon_meta'
[0.630s] Level 1:colcon.colcon_core.package_identification:_identify(.) by extensions ['ros']
[0.630s] Level 1:colcon.colcon_core.package_identification:_identify(.) by extension 'ros'
[0.683s] Level 1:colcon.colcon_core.package_identification:_identify(.) by extensions ['cmake', 'python']
[0.683s] Level 1:colcon.colcon_core.package_identification:_identify(.) by extension 'cmake'
[0.683s] Level 1:colcon.colcon_core.package_identification:_identify(.) by extension 'python'
[0.683s] Level 1:colcon.colcon_core.package_identification:_identify(.) by extensions ['python_setup_py']
[0.683s] Level 1:colcon.colcon_core.package_identification:_identify(.) by extension 'python_setup_py'
[0.683s] Level 1:colcon.colcon_core.package_identification:_identify(build) by extensions ['ignore', 'ignore_ament_install']
[0.683s] Level 1:colcon.colcon_core.package_identification:_identify(build) by extension 'ignore'
[0.684s] Level 1:colcon.colcon_core.package_identification:_identify(build) ignored
[0.684s] Level 1:colcon.colcon_core.package_identification:_identify(images) by extensions ['ignore', 'ignore_ament_install']
[0.684s] Level 1:colcon.colcon_core.package_identification:_identify(images) by extension 'ignore'
[0.684s] Level 1:colcon.colcon_core.package_identification:_identify(images) by extension 'ignore_ament_install'
[0.684s] Level 1:colcon.colcon_core.package_identification:_identify(images) by extensions ['colcon_pkg']
[0.684s] Level 1:colcon.colcon_core.package_identification:_identify(images) by extension 'colcon_pkg'
[0.684s] Level 1:colcon.colcon_core.package_identification:_identify(images) by extensions ['colcon_meta']
[0.684s] Level 1:colcon.colcon_core.package_identification:_identify(images) by extension 'colcon_meta'
[0.684s] Level 1:colcon.colcon_core.package_identification:_identify(images) by extensions ['ros']
[0.684s] Level 1:colcon.colcon_core.package_identification:_identify(images) by extension 'ros'
[0.684s] Level 1:colcon.colcon_core.package_identification:_identify(images) by extensions ['cmake', 'python']
[0.684s] Level 1:colcon.colcon_core.package_identification:_identify(images) by extension 'cmake'
[0.684s] Level 1:colcon.colcon_core.package_identification:_identify(images) by extension 'python'
[0.684s] Level 1:colcon.colcon_core.package_identification:_identify(images) by extensions ['python_setup_py']
[0.684s] Level 1:colcon.colcon_core.package_identification:_identify(images) by extension 'python_setup_py'
[0.684s] Level 1:colcon.colcon_core.package_identification:_identify(install) by extensions ['ignore', 'ignore_ament_install']
[0.685s] Level 1:colcon.colcon_core.package_identification:_identify(install) by extension 'ignore'
[0.685s] Level 1:colcon.colcon_core.package_identification:_identify(install) ignored
[0.685s] Level 1:colcon.colcon_core.package_identification:_identify(log) by extensions ['ignore', 'ignore_ament_install']
[0.685s] Level 1:colcon.colcon_core.package_identification:_identify(log) by extension 'ignore'
[0.685s] Level 1:colcon.colcon_core.package_identification:_identify(log) ignored
[0.685s] Level 1:colcon.colcon_core.package_identification:_identify(src) by extensions ['ignore', 'ignore_ament_install']
[0.685s] Level 1:colcon.colcon_core.package_identification:_identify(src) by extension 'ignore'
[0.685s] Level 1:colcon.colcon_core.package_identification:_identify(src) by extension 'ignore_ament_install'
[0.685s] Level 1:colcon.colcon_core.package_identification:_identify(src) by extensions ['colcon_pkg']
[0.685s] Level 1:colcon.colcon_core.package_identification:_identify(src) by extension 'colcon_pkg'
[0.685s] Level 1:colcon.colcon_core.package_identification:_identify(src) by extensions ['colcon_meta']
[0.685s] Level 1:colcon.colcon_core.package_identification:_identify(src) by extension 'colcon_meta'
[0.685s] Level 1:colcon.colcon_core.package_identification:_identify(src) by extensions ['ros']
[0.685s] Level 1:colcon.colcon_core.package_identification:_identify(src) by extension 'ros'
[0.685s] Level 1:colcon.colcon_core.package_identification:_identify(src) by extensions ['cmake', 'python']
[0.685s] Level 1:colcon.colcon_core.package_identification:_identify(src) by extension 'cmake'
[0.686s] Level 1:colcon.colcon_core.package_identification:_identify(src) by extension 'python'
[0.686s] Level 1:colcon.colcon_core.package_identification:_identify(src) by extensions ['python_setup_py']
[0.686s] Level 1:colcon.colcon_core.package_identification:_identify(src) by extension 'python_setup_py'
[0.686s] Level 1:colcon.colcon_core.package_identification:_identify(src/ugv_else) by extensions ['ignore', 'ignore_ament_install']
[0.686s] Level 1:colcon.colcon_core.package_identification:_identify(src/ugv_else) by extension 'ignore'
[0.686s] Level 1:colcon.colcon_core.package_identification:_identify(src/ugv_else) by extension 'ignore_ament_install'
[0.686s] Level 1:colcon.colcon_core.package_identification:_identify(src/ugv_else) by extensions ['colcon_pkg']
[0.686s] Level 1:colcon.colcon_core.package_identification:_identify(src/ugv_else) by extension 'colcon_pkg'
[0.686s] Level 1:colcon.colcon_core.package_identification:_identify(src/ugv_else) by extensions ['colcon_meta']
[0.686s] Level 1:colcon.colcon_core.package_identification:_identify(src/ugv_else) by extension 'colcon_meta'
[0.686s] Level 1:colcon.colcon_core.package_identification:_identify(src/ugv_else) by extensions ['ros']
[0.686s] Level 1:colcon.colcon_core.package_identification:_identify(src/ugv_else) by extension 'ros'
[0.686s] Level 1:colcon.colcon_core.package_identification:_identify(src/ugv_else) by extensions ['cmake', 'python']
[0.686s] Level 1:colcon.colcon_core.package_identification:_identify(src/ugv_else) by extension 'cmake'
[0.686s] Level 1:colcon.colcon_core.package_identification:_identify(src/ugv_else) by extension 'python'
[0.686s] Level 1:colcon.colcon_core.package_identification:_identify(src/ugv_else) by extensions ['python_setup_py']
[0.686s] Level 1:colcon.colcon_core.package_identification:_identify(src/ugv_else) by extension 'python_setup_py'
[0.687s] Level 1:colcon.colcon_core.package_identification:_identify(src/ugv_else/apriltag_ros) by extensions ['ignore', 'ignore_ament_install']
[0.687s] Level 1:colcon.colcon_core.package_identification:_identify(src/ugv_else/apriltag_ros) by extension 'ignore'
[0.687s] Level 1:colcon.colcon_core.package_identification:_identify(src/ugv_else/apriltag_ros) by extension 'ignore_ament_install'
[0.687s] Level 1:colcon.colcon_core.package_identification:_identify(src/ugv_else/apriltag_ros) by extensions ['colcon_pkg']
[0.687s] Level 1:colcon.colcon_core.package_identification:_identify(src/ugv_else/apriltag_ros) by extension 'colcon_pkg'
[0.687s] Level 1:colcon.colcon_core.package_identification:_identify(src/ugv_else/apriltag_ros) by extensions ['colcon_meta']
[0.687s] Level 1:colcon.colcon_core.package_identification:_identify(src/ugv_else/apriltag_ros) by extension 'colcon_meta'
[0.687s] Level 1:colcon.colcon_core.package_identification:_identify(src/ugv_else/apriltag_ros) by extensions ['ros']
[0.687s] Level 1:colcon.colcon_core.package_identification:_identify(src/ugv_else/apriltag_ros) by extension 'ros'
[0.688s] Level 1:colcon.colcon_core.package_identification:_identify(src/ugv_else/apriltag_ros) by extensions ['cmake', 'python']
[0.688s] Level 1:colcon.colcon_core.package_identification:_identify(src/ugv_else/apriltag_ros) by extension 'cmake'
[0.688s] Level 1:colcon.colcon_core.package_identification:_identify(src/ugv_else/apriltag_ros) by extension 'python'
[0.688s] Level 1:colcon.colcon_core.package_identification:_identify(src/ugv_else/apriltag_ros) by extensions ['python_setup_py']
[0.688s] Level 1:colcon.colcon_core.package_identification:_identify(src/ugv_else/apriltag_ros) by extension 'python_setup_py'
[0.688s] Level 1:colcon.colcon_core.package_identification:_identify(src/ugv_else/apriltag_ros/apriltag) by extensions ['ignore', 'ignore_ament_install']
[0.688s] Level 1:colcon.colcon_core.package_identification:_identify(src/ugv_else/apriltag_ros/apriltag) by extension 'ignore'
[0.688s] Level 1:colcon.colcon_core.package_identification:_identify(src/ugv_else/apriltag_ros/apriltag) by extension 'ignore_ament_install'
[0.688s] Level 1:colcon.colcon_core.package_identification:_identify(src/ugv_else/apriltag_ros/apriltag) by extensions ['colcon_pkg']
[0.689s] Level 1:colcon.colcon_core.package_identification:_identify(src/ugv_else/apriltag_ros/apriltag) by extension 'colcon_pkg'
[0.689s] Level 1:colcon.colcon_core.package_identification:_identify(src/ugv_else/apriltag_ros/apriltag) by extensions ['colcon_meta']
[0.689s] Level 1:colcon.colcon_core.package_identification:_identify(src/ugv_else/apriltag_ros/apriltag) by extension 'colcon_meta'
[0.689s] Level 1:colcon.colcon_core.package_identification:_identify(src/ugv_else/apriltag_ros/apriltag) by extensions ['ros']
[0.689s] Level 1:colcon.colcon_core.package_identification:_identify(src/ugv_else/apriltag_ros/apriltag) by extension 'ros'
[0.700s] DEBUG:colcon.colcon_core.package_identification:Package 'src/ugv_else/apriltag_ros/apriltag' with type 'ros.cmake' and name 'apriltag'
[0.701s] Level 1:colcon.colcon_core.package_identification:_identify(src/ugv_else/apriltag_ros/apriltag_msgs) by extensions ['ignore', 'ignore_ament_install']
[0.701s] Level 1:colcon.colcon_core.package_identification:_identify(src/ugv_else/apriltag_ros/apriltag_msgs) by extension 'ignore'
[0.701s] Level 1:colcon.colcon_core.package_identification:_identify(src/ugv_else/apriltag_ros/apriltag_msgs) by extension 'ignore_ament_install'
[0.701s] Level 1:colcon.colcon_core.package_identification:_identify(src/ugv_else/apriltag_ros/apriltag_msgs) by extensions ['colcon_pkg']
[0.701s] Level 1:colcon.colcon_core.package_identification:_identify(src/ugv_else/apriltag_ros/apriltag_msgs) by extension 'colcon_pkg'
[0.701s] Level 1:colcon.colcon_core.package_identification:_identify(src/ugv_else/apriltag_ros/apriltag_msgs) by extensions ['colcon_meta']
[0.701s] Level 1:colcon.colcon_core.package_identification:_identify(src/ugv_else/apriltag_ros/apriltag_msgs) by extension 'colcon_meta'
[0.701s] Level 1:colcon.colcon_core.package_identification:_identify(src/ugv_else/apriltag_ros/apriltag_msgs) by extensions ['ros']
[0.701s] Level 1:colcon.colcon_core.package_identification:_identify(src/ugv_else/apriltag_ros/apriltag_msgs) by extension 'ros'
[0.703s] DEBUG:colcon.colcon_core.package_identification:Package 'src/ugv_else/apriltag_ros/apriltag_msgs' with type 'ros.ament_cmake' and name 'apriltag_msgs'
[0.703s] Level 1:colcon.colcon_core.package_identification:_identify(src/ugv_else/apriltag_ros/apriltag_ros) by extensions ['ignore', 'ignore_ament_install']
[0.703s] Level 1:colcon.colcon_core.package_identification:_identify(src/ugv_else/apriltag_ros/apriltag_ros) by extension 'ignore'
[0.703s] Level 1:colcon.colcon_core.package_identification:_identify(src/ugv_else/apriltag_ros/apriltag_ros) by extension 'ignore_ament_install'
[0.703s] Level 1:colcon.colcon_core.package_identification:_identify(src/ugv_else/apriltag_ros/apriltag_ros) by extensions ['colcon_pkg']
[0.703s] Level 1:colcon.colcon_core.package_identification:_identify(src/ugv_else/apriltag_ros/apriltag_ros) by extension 'colcon_pkg'
[0.703s] Level 1:colcon.colcon_core.package_identification:_identify(src/ugv_else/apriltag_ros/apriltag_ros) by extensions ['colcon_meta']
[0.703s] Level 1:colcon.colcon_core.package_identification:_identify(src/ugv_else/apriltag_ros/apriltag_ros) by extension 'colcon_meta'
[0.704s] Level 1:colcon.colcon_core.package_identification:_identify(src/ugv_else/apriltag_ros/apriltag_ros) by extensions ['ros']
[0.704s] Level 1:colcon.colcon_core.package_identification:_identify(src/ugv_else/apriltag_ros/apriltag_ros) by extension 'ros'
[0.705s] DEBUG:colcon.colcon_core.package_identification:Package 'src/ugv_else/apriltag_ros/apriltag_ros' with type 'ros.ament_cmake' and name 'apriltag_ros'
[0.706s] Level 1:colcon.colcon_core.package_identification:_identify(src/ugv_else/robot_pose_publisher) by extensions ['ignore', 'ignore_ament_install']
[0.706s] Level 1:colcon.colcon_core.package_identification:_identify(src/ugv_else/robot_pose_publisher) by extension 'ignore'
[0.706s] Level 1:colcon.colcon_core.package_identification:_identify(src/ugv_else/robot_pose_publisher) by extension 'ignore_ament_install'
[0.706s] Level 1:colcon.colcon_core.package_identification:_identify(src/ugv_else/robot_pose_publisher) by extensions ['colcon_pkg']
[0.706s] Level 1:colcon.colcon_core.package_identification:_identify(src/ugv_else/robot_pose_publisher) by extension 'colcon_pkg'
[0.706s] Level 1:colcon.colcon_core.package_identification:_identify(src/ugv_else/robot_pose_publisher) by extensions ['colcon_meta']
[0.706s] Level 1:colcon.colcon_core.package_identification:_identify(src/ugv_else/robot_pose_publisher) by extension 'colcon_meta'
[0.706s] Level 1:colcon.colcon_core.package_identification:_identify(src/ugv_else/robot_pose_publisher) by extensions ['ros']
[0.706s] Level 1:colcon.colcon_core.package_identification:_identify(src/ugv_else/robot_pose_publisher) by extension 'ros'
[0.708s] DEBUG:colcon.colcon_core.package_identification:Package 'src/ugv_else/robot_pose_publisher' with type 'ros.ament_cmake' and name 'robot_pose_publisher'
[0.708s] Level 1:colcon.colcon_core.package_identification:_identify(src/ugv_main) by extensions ['ignore', 'ignore_ament_install']
[0.708s] Level 1:colcon.colcon_core.package_identification:_identify(src/ugv_main) by extension 'ignore'
[0.708s] Level 1:colcon.colcon_core.package_identification:_identify(src/ugv_main) by extension 'ignore_ament_install'
[0.708s] Level 1:colcon.colcon_core.package_identification:_identify(src/ugv_main) by extensions ['colcon_pkg']
[0.708s] Level 1:colcon.colcon_core.package_identification:_identify(src/ugv_main) by extension 'colcon_pkg'
[0.708s] Level 1:colcon.colcon_core.package_identification:_identify(src/ugv_main) by extensions ['colcon_meta']
[0.708s] Level 1:colcon.colcon_core.package_identification:_identify(src/ugv_main) by extension 'colcon_meta'
[0.708s] Level 1:colcon.colcon_core.package_identification:_identify(src/ugv_main) by extensions ['ros']
[0.708s] Level 1:colcon.colcon_core.package_identification:_identify(src/ugv_main) by extension 'ros'
[0.708s] Level 1:colcon.colcon_core.package_identification:_identify(src/ugv_main) by extensions ['cmake', 'python']
[0.709s] Level 1:colcon.colcon_core.package_identification:_identify(src/ugv_main) by extension 'cmake'
[0.709s] Level 1:colcon.colcon_core.package_identification:_identify(src/ugv_main) by extension 'python'
[0.709s] Level 1:colcon.colcon_core.package_identification:_identify(src/ugv_main) by extensions ['python_setup_py']
[0.709s] Level 1:colcon.colcon_core.package_identification:_identify(src/ugv_main) by extension 'python_setup_py'
[0.709s] Level 1:colcon.colcon_core.package_identification:_identify(src/ugv_main/ugv_base_node) by extensions ['ignore', 'ignore_ament_install']
[0.709s] Level 1:colcon.colcon_core.package_identification:_identify(src/ugv_main/ugv_base_node) by extension 'ignore'
[0.709s] Level 1:colcon.colcon_core.package_identification:_identify(src/ugv_main/ugv_base_node) by extension 'ignore_ament_install'
[0.709s] Level 1:colcon.colcon_core.package_identification:_identify(src/ugv_main/ugv_base_node) by extensions ['colcon_pkg']
[0.709s] Level 1:colcon.colcon_core.package_identification:_identify(src/ugv_main/ugv_base_node) by extension 'colcon_pkg'
[0.709s] Level 1:colcon.colcon_core.package_identification:_identify(src/ugv_main/ugv_base_node) by extensions ['colcon_meta']
[0.709s] Level 1:colcon.colcon_core.package_identification:_identify(src/ugv_main/ugv_base_node) by extension 'colcon_meta'
[0.710s] Level 1:colcon.colcon_core.package_identification:_identify(src/ugv_main/ugv_base_node) by extensions ['ros']
[0.710s] Level 1:colcon.colcon_core.package_identification:_identify(src/ugv_main/ugv_base_node) by extension 'ros'
[0.711s] DEBUG:colcon.colcon_core.package_identification:Package 'src/ugv_main/ugv_base_node' with type 'ros.ament_cmake' and name 'ugv_base_node'
[0.711s] Level 1:colcon.colcon_core.package_identification:_identify(src/ugv_main/ugv_bringup) by extensions ['ignore', 'ignore_ament_install']
[0.712s] Level 1:colcon.colcon_core.package_identification:_identify(src/ugv_main/ugv_bringup) by extension 'ignore'
[0.712s] Level 1:colcon.colcon_core.package_identification:_identify(src/ugv_main/ugv_bringup) by extension 'ignore_ament_install'
[0.712s] Level 1:colcon.colcon_core.package_identification:_identify(src/ugv_main/ugv_bringup) by extensions ['colcon_pkg']
[0.712s] Level 1:colcon.colcon_core.package_identification:_identify(src/ugv_main/ugv_bringup) by extension 'colcon_pkg'
[0.712s] Level 1:colcon.colcon_core.package_identification:_identify(src/ugv_main/ugv_bringup) by extensions ['colcon_meta']
[0.712s] Level 1:colcon.colcon_core.package_identification:_identify(src/ugv_main/ugv_bringup) by extension 'colcon_meta'
[0.712s] Level 1:colcon.colcon_core.package_identification:_identify(src/ugv_main/ugv_bringup) by extensions ['ros']
[0.712s] Level 1:colcon.colcon_core.package_identification:_identify(src/ugv_main/ugv_bringup) by extension 'ros'
[0.713s] DEBUG:colcon.colcon_core.package_identification:Package 'src/ugv_main/ugv_bringup' with type 'ros.ament_python' and name 'ugv_bringup'
[0.713s] Level 1:colcon.colcon_core.package_identification:_identify(src/ugv_main/ugv_description) by extensions ['ignore', 'ignore_ament_install']
[0.713s] Level 1:colcon.colcon_core.package_identification:_identify(src/ugv_main/ugv_description) by extension 'ignore'
[0.713s] Level 1:colcon.colcon_core.package_identification:_identify(src/ugv_main/ugv_description) by extension 'ignore_ament_install'
[0.714s] Level 1:colcon.colcon_core.package_identification:_identify(src/ugv_main/ugv_description) by extensions ['colcon_pkg']
[0.714s] Level 1:colcon.colcon_core.package_identification:_identify(src/ugv_main/ugv_description) by extension 'colcon_pkg'
[0.714s] Level 1:colcon.colcon_core.package_identification:_identify(src/ugv_main/ugv_description) by extensions ['colcon_meta']
[0.714s] Level 1:colcon.colcon_core.package_identification:_identify(src/ugv_main/ugv_description) by extension 'colcon_meta'
[0.714s] Level 1:colcon.colcon_core.package_identification:_identify(src/ugv_main/ugv_description) by extensions ['ros']
[0.714s] Level 1:colcon.colcon_core.package_identification:_identify(src/ugv_main/ugv_description) by extension 'ros'
[0.715s] DEBUG:colcon.colcon_core.package_identification:Package 'src/ugv_main/ugv_description' with type 'ros.ament_cmake' and name 'ugv_description'
[0.715s] Level 1:colcon.colcon_core.package_identification:_identify(src/ugv_main/ugv_interface) by extensions ['ignore', 'ignore_ament_install']
[0.715s] Level 1:colcon.colcon_core.package_identification:_identify(src/ugv_main/ugv_interface) by extension 'ignore'
[0.715s] Level 1:colcon.colcon_core.package_identification:_identify(src/ugv_main/ugv_interface) by extension 'ignore_ament_install'
[0.715s] Level 1:colcon.colcon_core.package_identification:_identify(src/ugv_main/ugv_interface) by extensions ['colcon_pkg']
[0.715s] Level 1:colcon.colcon_core.package_identification:_identify(src/ugv_main/ugv_interface) by extension 'colcon_pkg'
[0.715s] Level 1:colcon.colcon_core.package_identification:_identify(src/ugv_main/ugv_interface) by extensions ['colcon_meta']
[0.716s] Level 1:colcon.colcon_core.package_identification:_identify(src/ugv_main/ugv_interface) by extension 'colcon_meta'
[0.716s] Level 1:colcon.colcon_core.package_identification:_identify(src/ugv_main/ugv_interface) by extensions ['ros']
[0.716s] Level 1:colcon.colcon_core.package_identification:_identify(src/ugv_main/ugv_interface) by extension 'ros'
[0.717s] DEBUG:colcon.colcon_core.package_identification:Package 'src/ugv_main/ugv_interface' with type 'ros.ament_cmake' and name 'ugv_interface'
[0.718s] Level 1:colcon.colcon_core.package_identification:_identify(src/ugv_main/ugv_tools) by extensions ['ignore', 'ignore_ament_install']
[0.718s] Level 1:colcon.colcon_core.package_identification:_identify(src/ugv_main/ugv_tools) by extension 'ignore'
[0.718s] Level 1:colcon.colcon_core.package_identification:_identify(src/ugv_main/ugv_tools) by extension 'ignore_ament_install'
[0.718s] Level 1:colcon.colcon_core.package_identification:_identify(src/ugv_main/ugv_tools) by extensions ['colcon_pkg']
[0.718s] Level 1:colcon.colcon_core.package_identification:_identify(src/ugv_main/ugv_tools) by extension 'colcon_pkg'
[0.718s] Level 1:colcon.colcon_core.package_identification:_identify(src/ugv_main/ugv_tools) by extensions ['colcon_meta']
[0.718s] Level 1:colcon.colcon_core.package_identification:_identify(src/ugv_main/ugv_tools) by extension 'colcon_meta'
[0.718s] Level 1:colcon.colcon_core.package_identification:_identify(src/ugv_main/ugv_tools) by extensions ['ros']
[0.718s] Level 1:colcon.colcon_core.package_identification:_identify(src/ugv_main/ugv_tools) by extension 'ros'
[0.719s] DEBUG:colcon.colcon_core.package_identification:Package 'src/ugv_main/ugv_tools' with type 'ros.ament_python' and name 'ugv_tools'
[0.719s] Level 1:colcon.colcon_core.package_discovery:discover_packages(recursive) using defaults
[0.719s] Level 1:colcon.colcon_core.package_discovery:discover_packages(ignore) discover
[0.719s] Level 1:colcon.colcon_core.package_discovery:discover_packages(ignore) using defaults
[0.719s] Level 1:colcon.colcon_core.package_discovery:discover_packages(path) discover
[0.719s] Level 1:colcon.colcon_core.package_discovery:discover_packages(path) using defaults
[0.764s] INFO:colcon.colcon_core.package_selection:Skipping not selected package 'apriltag' in 'src/ugv_else/apriltag_ros/apriltag'
[0.764s] INFO:colcon.colcon_core.package_selection:Skipping not selected package 'apriltag_msgs' in 'src/ugv_else/apriltag_ros/apriltag_msgs'
[0.764s] INFO:colcon.colcon_core.package_selection:Skipping not selected package 'apriltag_ros' in 'src/ugv_else/apriltag_ros/apriltag_ros'
[0.765s] Level 1:colcon.colcon_core.package_discovery:discover_packages(prefix_path) check parameters
[0.765s] Level 1:colcon.colcon_core.package_discovery:discover_packages(prefix_path) discover
[0.773s] DEBUG:colcon.colcon_installed_package_information.package_discovery:Found 383 installed packages in /opt/ros/jazzy
[0.776s] Level 1:colcon.colcon_core.package_discovery:discover_packages(prefix_path) using defaults
[0.853s] Level 5:colcon.colcon_core.verb:set package 'robot_pose_publisher' build argument 'cmake_args' from command line to 'None'
[0.853s] Level 5:colcon.colcon_core.verb:set package 'robot_pose_publisher' build argument 'cmake_target' from command line to 'None'
[0.854s] Level 5:colcon.colcon_core.verb:set package 'robot_pose_publisher' build argument 'cmake_target_skip_unavailable' from command line to 'False'
[0.854s] Level 5:colcon.colcon_core.verb:set package 'robot_pose_publisher' build argument 'cmake_clean_cache' from command line to 'False'
[0.854s] Level 5:colcon.colcon_core.verb:set package 'robot_pose_publisher' build argument 'cmake_clean_first' from command line to 'False'
[0.854s] Level 5:colcon.colcon_core.verb:set package 'robot_pose_publisher' build argument 'cmake_force_configure' from command line to 'False'
[0.854s] Level 5:colcon.colcon_core.verb:set package 'robot_pose_publisher' build argument 'ament_cmake_args' from command line to 'None'
[0.854s] Level 5:colcon.colcon_core.verb:set package 'robot_pose_publisher' build argument 'catkin_cmake_args' from command line to 'None'
[0.854s] Level 5:colcon.colcon_core.verb:set package 'robot_pose_publisher' build argument 'catkin_skip_building_tests' from command line to 'False'
[0.854s] DEBUG:colcon.colcon_core.verb:Building package 'robot_pose_publisher' with the following arguments: {'ament_cmake_args': None, 'build_base': '/home/nameless/ugv_ws_jazzy_port/build/robot_pose_publisher', 'catkin_cmake_args': None, 'catkin_skip_building_tests': False, 'cmake_args': None, 'cmake_clean_cache': False, 'cmake_clean_first': False, 'cmake_force_configure': False, 'cmake_target': None, 'cmake_target_skip_unavailable': False, 'install_base': '/home/nameless/ugv_ws_jazzy_port/install/robot_pose_publisher', 'merge_install': False, 'path': '/home/nameless/ugv_ws_jazzy_port/src/ugv_else/robot_pose_publisher', 'symlink_install': True, 'test_result_base': None}
[0.854s] Level 5:colcon.colcon_core.verb:set package 'ugv_base_node' build argument 'cmake_args' from command line to 'None'
[0.854s] Level 5:colcon.colcon_core.verb:set package 'ugv_base_node' build argument 'cmake_target' from command line to 'None'
[0.854s] Level 5:colcon.colcon_core.verb:set package 'ugv_base_node' build argument 'cmake_target_skip_unavailable' from command line to 'False'
[0.854s] Level 5:colcon.colcon_core.verb:set package 'ugv_base_node' build argument 'cmake_clean_cache' from command line to 'False'
[0.854s] Level 5:colcon.colcon_core.verb:set package 'ugv_base_node' build argument 'cmake_clean_first' from command line to 'False'
[0.854s] Level 5:colcon.colcon_core.verb:set package 'ugv_base_node' build argument 'cmake_force_configure' from command line to 'False'
[0.854s] Level 5:colcon.colcon_core.verb:set package 'ugv_base_node' build argument 'ament_cmake_args' from command line to 'None'
[0.854s] Level 5:colcon.colcon_core.verb:set package 'ugv_base_node' build argument 'catkin_cmake_args' from command line to 'None'
[0.854s] Level 5:colcon.colcon_core.verb:set package 'ugv_base_node' build argument 'catkin_skip_building_tests' from command line to 'False'
[0.854s] DEBUG:colcon.colcon_core.verb:Building package 'ugv_base_node' with the following arguments: {'ament_cmake_args': None, 'build_base': '/home/nameless/ugv_ws_jazzy_port/build/ugv_base_node', 'catkin_cmake_args': None, 'catkin_skip_building_tests': False, 'cmake_args': None, 'cmake_clean_cache': False, 'cmake_clean_first': False, 'cmake_force_configure': False, 'cmake_target': None, 'cmake_target_skip_unavailable': False, 'install_base': '/home/nameless/ugv_ws_jazzy_port/install/ugv_base_node', 'merge_install': False, 'path': '/home/nameless/ugv_ws_jazzy_port/src/ugv_main/ugv_base_node', 'symlink_install': True, 'test_result_base': None}
[0.855s] Level 5:colcon.colcon_core.verb:set package 'ugv_bringup' build argument 'cmake_args' from command line to 'None'
[0.855s] Level 5:colcon.colcon_core.verb:set package 'ugv_bringup' build argument 'cmake_target' from command line to 'None'
[0.855s] Level 5:colcon.colcon_core.verb:set package 'ugv_bringup' build argument 'cmake_target_skip_unavailable' from command line to 'False'
[0.855s] Level 5:colcon.colcon_core.verb:set package 'ugv_bringup' build argument 'cmake_clean_cache' from command line to 'False'
[0.855s] Level 5:colcon.colcon_core.verb:set package 'ugv_bringup' build argument 'cmake_clean_first' from command line to 'False'
[0.855s] Level 5:colcon.colcon_core.verb:set package 'ugv_bringup' build argument 'cmake_force_configure' from command line to 'False'
[0.855s] Level 5:colcon.colcon_core.verb:set package 'ugv_bringup' build argument 'ament_cmake_args' from command line to 'None'
[0.855s] Level 5:colcon.colcon_core.verb:set package 'ugv_bringup' build argument 'catkin_cmake_args' from command line to 'None'
[0.855s] Level 5:colcon.colcon_core.verb:set package 'ugv_bringup' build argument 'catkin_skip_building_tests' from command line to 'False'
[0.855s] DEBUG:colcon.colcon_core.verb:Building package 'ugv_bringup' with the following arguments: {'ament_cmake_args': None, 'build_base': '/home/nameless/ugv_ws_jazzy_port/build/ugv_bringup', 'catkin_cmake_args': None, 'catkin_skip_building_tests': False, 'cmake_args': None, 'cmake_clean_cache': False, 'cmake_clean_first': False, 'cmake_force_configure': False, 'cmake_target': None, 'cmake_target_skip_unavailable': False, 'install_base': '/home/nameless/ugv_ws_jazzy_port/install/ugv_bringup', 'merge_install': False, 'path': '/home/nameless/ugv_ws_jazzy_port/src/ugv_main/ugv_bringup', 'symlink_install': True, 'test_result_base': None}
[0.855s] Level 5:colcon.colcon_core.verb:set package 'ugv_description' build argument 'cmake_args' from command line to 'None'
[0.855s] Level 5:colcon.colcon_core.verb:set package 'ugv_description' build argument 'cmake_target' from command line to 'None'
[0.855s] Level 5:colcon.colcon_core.verb:set package 'ugv_description' build argument 'cmake_target_skip_unavailable' from command line to 'False'
[0.855s] Level 5:colcon.colcon_core.verb:set package 'ugv_description' build argument 'cmake_clean_cache' from command line to 'False'
[0.855s] Level 5:colcon.colcon_core.verb:set package 'ugv_description' build argument 'cmake_clean_first' from command line to 'False'
[0.855s] Level 5:colcon.colcon_core.verb:set package 'ugv_description' build argument 'cmake_force_configure' from command line to 'False'
[0.855s] Level 5:colcon.colcon_core.verb:set package 'ugv_description' build argument 'ament_cmake_args' from command line to 'None'
[0.855s] Level 5:colcon.colcon_core.verb:set package 'ugv_description' build argument 'catkin_cmake_args' from command line to 'None'
[0.855s] Level 5:colcon.colcon_core.verb:set package 'ugv_description' build argument 'catkin_skip_building_tests' from command line to 'False'
[0.855s] DEBUG:colcon.colcon_core.verb:Building package 'ugv_description' with the following arguments: {'ament_cmake_args': None, 'build_base': '/home/nameless/ugv_ws_jazzy_port/build/ugv_description', 'catkin_cmake_args': None, 'catkin_skip_building_tests': False, 'cmake_args': None, 'cmake_clean_cache': False, 'cmake_clean_first': False, 'cmake_force_configure': False, 'cmake_target': None, 'cmake_target_skip_unavailable': False, 'install_base': '/home/nameless/ugv_ws_jazzy_port/install/ugv_description', 'merge_install': False, 'path': '/home/nameless/ugv_ws_jazzy_port/src/ugv_main/ugv_description', 'symlink_install': True, 'test_result_base': None}
[0.856s] Level 5:colcon.colcon_core.verb:set package 'ugv_interface' build argument 'cmake_args' from command line to 'None'
[0.856s] Level 5:colcon.colcon_core.verb:set package 'ugv_interface' build argument 'cmake_target' from command line to 'None'
[0.856s] Level 5:colcon.colcon_core.verb:set package 'ugv_interface' build argument 'cmake_target_skip_unavailable' from command line to 'False'
[0.856s] Level 5:colcon.colcon_core.verb:set package 'ugv_interface' build argument 'cmake_clean_cache' from command line to 'False'
[0.856s] Level 5:colcon.colcon_core.verb:set package 'ugv_interface' build argument 'cmake_clean_first' from command line to 'False'
[0.856s] Level 5:colcon.colcon_core.verb:set package 'ugv_interface' build argument 'cmake_force_configure' from command line to 'False'
[0.856s] Level 5:colcon.colcon_core.verb:set package 'ugv_interface' build argument 'ament_cmake_args' from command line to 'None'
[0.856s] Level 5:colcon.colcon_core.verb:set package 'ugv_interface' build argument 'catkin_cmake_args' from command line to 'None'
[0.856s] Level 5:colcon.colcon_core.verb:set package 'ugv_interface' build argument 'catkin_skip_building_tests' from command line to 'False'
[0.856s] DEBUG:colcon.colcon_core.verb:Building package 'ugv_interface' with the following arguments: {'ament_cmake_args': None, 'build_base': '/home/nameless/ugv_ws_jazzy_port/build/ugv_interface', 'catkin_cmake_args': None, 'catkin_skip_building_tests': False, 'cmake_args': None, 'cmake_clean_cache': False, 'cmake_clean_first': False, 'cmake_force_configure': False, 'cmake_target': None, 'cmake_target_skip_unavailable': False, 'install_base': '/home/nameless/ugv_ws_jazzy_port/install/ugv_interface', 'merge_install': False, 'path': '/home/nameless/ugv_ws_jazzy_port/src/ugv_main/ugv_interface', 'symlink_install': True, 'test_result_base': None}
[0.856s] Level 5:colcon.colcon_core.verb:set package 'ugv_tools' build argument 'cmake_args' from command line to 'None'
[0.856s] Level 5:colcon.colcon_core.verb:set package 'ugv_tools' build argument 'cmake_target' from command line to 'None'
[0.856s] Level 5:colcon.colcon_core.verb:set package 'ugv_tools' build argument 'cmake_target_skip_unavailable' from command line to 'False'
[0.856s] Level 5:colcon.colcon_core.verb:set package 'ugv_tools' build argument 'cmake_clean_cache' from command line to 'False'
[0.856s] Level 5:colcon.colcon_core.verb:set package 'ugv_tools' build argument 'cmake_clean_first' from command line to 'False'
[0.856s] Level 5:colcon.colcon_core.verb:set package 'ugv_tools' build argument 'cmake_force_configure' from command line to 'False'
[0.856s] Level 5:colcon.colcon_core.verb:set package 'ugv_tools' build argument 'ament_cmake_args' from command line to 'None'
[0.856s] Level 5:colcon.colcon_core.verb:set package 'ugv_tools' build argument 'catkin_cmake_args' from command line to 'None'
[0.856s] Level 5:colcon.colcon_core.verb:set package 'ugv_tools' build argument 'catkin_skip_building_tests' from command line to 'False'
[0.856s] DEBUG:colcon.colcon_core.verb:Building package 'ugv_tools' with the following arguments: {'ament_cmake_args': None, 'build_base': '/home/nameless/ugv_ws_jazzy_port/build/ugv_tools', 'catkin_cmake_args': None, 'catkin_skip_building_tests': False, 'cmake_args': None, 'cmake_clean_cache': False, 'cmake_clean_first': False, 'cmake_force_configure': False, 'cmake_target': None, 'cmake_target_skip_unavailable': False, 'install_base': '/home/nameless/ugv_ws_jazzy_port/install/ugv_tools', 'merge_install': False, 'path': '/home/nameless/ugv_ws_jazzy_port/src/ugv_main/ugv_tools', 'symlink_install': True, 'test_result_base': None}
[0.857s] INFO:colcon.colcon_core.executor:Executing jobs using 'parallel' executor
[0.858s] DEBUG:colcon.colcon_parallel_executor.executor.parallel:run_until_complete
[0.858s] INFO:colcon.colcon_ros.task.ament_cmake.build:Building ROS package in '/home/nameless/ugv_ws_jazzy_port/src/ugv_else/robot_pose_publisher' with build type 'ament_cmake'
[0.858s] INFO:colcon.colcon_cmake.task.cmake.build:Building CMake package in '/home/nameless/ugv_ws_jazzy_port/src/ugv_else/robot_pose_publisher'
[0.867s] INFO:colcon.colcon_core.plugin_system:Skipping extension 'colcon_core.shell.bat': Not used on non-Windows systems
[0.867s] INFO:colcon.colcon_core.shell:Skip shell extension 'powershell' for command environment: Not usable outside of PowerShell
[0.867s] DEBUG:colcon.colcon_core.shell:Skip shell extension 'dsv' for command environment
[0.873s] INFO:colcon.colcon_ros.task.ament_cmake.build:Building ROS package in '/home/nameless/ugv_ws_jazzy_port/src/ugv_main/ugv_base_node' with build type 'ament_cmake'
[0.873s] INFO:colcon.colcon_cmake.task.cmake.build:Building CMake package in '/home/nameless/ugv_ws_jazzy_port/src/ugv_main/ugv_base_node'
[0.874s] INFO:colcon.colcon_core.shell:Skip shell extension 'powershell' for command environment: Not usable outside of PowerShell
[0.874s] DEBUG:colcon.colcon_core.shell:Skip shell extension 'dsv' for command environment
[0.879s] INFO:colcon.colcon_ros.task.ament_python.build:Building ROS package in '/home/nameless/ugv_ws_jazzy_port/src/ugv_main/ugv_bringup' with build type 'ament_python'
[0.879s] Level 1:colcon.colcon_core.shell:create_environment_hook('ugv_bringup', 'ament_prefix_path')
[0.879s] INFO:colcon.colcon_core.shell:Creating environment hook '/home/nameless/ugv_ws_jazzy_port/install/ugv_bringup/share/ugv_bringup/hook/ament_prefix_path.ps1'
[0.881s] INFO:colcon.colcon_core.shell:Creating environment descriptor '/home/nameless/ugv_ws_jazzy_port/install/ugv_bringup/share/ugv_bringup/hook/ament_prefix_path.dsv'
[0.882s] INFO:colcon.colcon_core.shell:Creating environment hook '/home/nameless/ugv_ws_jazzy_port/install/ugv_bringup/share/ugv_bringup/hook/ament_prefix_path.sh'
[0.883s] INFO:colcon.colcon_core.shell:Skip shell extension 'powershell' for command environment: Not usable outside of PowerShell
[0.883s] DEBUG:colcon.colcon_core.shell:Skip shell extension 'dsv' for command environment
[0.888s] INFO:colcon.colcon_ros.task.ament_cmake.build:Building ROS package in '/home/nameless/ugv_ws_jazzy_port/src/ugv_main/ugv_description' with build type 'ament_cmake'
[0.888s] INFO:colcon.colcon_cmake.task.cmake.build:Building CMake package in '/home/nameless/ugv_ws_jazzy_port/src/ugv_main/ugv_description'
[0.889s] INFO:colcon.colcon_core.shell:Skip shell extension 'powershell' for command environment: Not usable outside of PowerShell
[0.889s] DEBUG:colcon.colcon_core.shell:Skip shell extension 'dsv' for command environment
[0.898s] DEBUG:colcon.colcon_core.event_handler.log_command:Invoking command in '/home/nameless/ugv_ws_jazzy_port/build/robot_pose_publisher': CMAKE_PREFIX_PATH=${CMAKE_PREFIX_PATH}:/opt/ros/jazzy /usr/bin/cmake /home/nameless/ugv_ws_jazzy_port/src/ugv_else/robot_pose_publisher -DAMENT_CMAKE_SYMLINK_INSTALL=1 -DCMAKE_INSTALL_PREFIX=/home/nameless/ugv_ws_jazzy_port/install/robot_pose_publisher
[0.904s] DEBUG:colcon.colcon_core.event_handler.log_command:Invoking command in '/home/nameless/ugv_ws_jazzy_port/build/ugv_base_node': CMAKE_PREFIX_PATH=${CMAKE_PREFIX_PATH}:/opt/ros/jazzy /usr/bin/cmake /home/nameless/ugv_ws_jazzy_port/src/ugv_main/ugv_base_node -DAMENT_CMAKE_SYMLINK_INSTALL=1 -DCMAKE_INSTALL_PREFIX=/home/nameless/ugv_ws_jazzy_port/install/ugv_base_node
[1.239s] INFO:colcon.colcon_core.task.python.build:Building Python package in '/home/nameless/ugv_ws_jazzy_port/src/ugv_main/ugv_bringup'
[1.240s] INFO:colcon.colcon_core.shell:Skip shell extension 'powershell' for command environment: Not usable outside of PowerShell
[1.240s] DEBUG:colcon.colcon_core.shell:Skip shell extension 'dsv' for command environment
[1.251s] DEBUG:colcon.colcon_core.event_handler.log_command:Invoking command in '/home/nameless/ugv_ws_jazzy_port/build/ugv_description': CMAKE_PREFIX_PATH=${CMAKE_PREFIX_PATH}:/opt/ros/jazzy /usr/bin/cmake /home/nameless/ugv_ws_jazzy_port/src/ugv_main/ugv_description -DAMENT_CMAKE_SYMLINK_INSTALL=1 -DCMAKE_INSTALL_PREFIX=/home/nameless/ugv_ws_jazzy_port/install/ugv_description
[3.466s] DEBUG:colcon.colcon_core.event_handler.log_command:Invoking command in '/home/nameless/ugv_ws_jazzy_port/build/ugv_bringup': PYTHONPATH=/home/nameless/ugv_ws_jazzy_port/build/ugv_bringup/prefix_override:/usr/lib/python3/dist-packages/colcon_core/task/python/colcon_distutils_commands:/home/nameless/ugv_ws_jazzy_port/install/ugv_bringup/lib/python3.12/site-packages:${PYTHONPATH} /usr/bin/python3 -W ignore:setup.py install is deprecated -W ignore:easy_install command is deprecated setup.py develop --editable --build-directory /home/nameless/ugv_ws_jazzy_port/build/ugv_bringup/build --no-deps symlink_data
[3.963s] DEBUG:colcon.colcon_core.event_handler.log_command:Invoked command in '/home/nameless/ugv_ws_jazzy_port/build/ugv_description' returned '0': CMAKE_PREFIX_PATH=${CMAKE_PREFIX_PATH}:/opt/ros/jazzy /usr/bin/cmake /home/nameless/ugv_ws_jazzy_port/src/ugv_main/ugv_description -DAMENT_CMAKE_SYMLINK_INSTALL=1 -DCMAKE_INSTALL_PREFIX=/home/nameless/ugv_ws_jazzy_port/install/ugv_description
[3.967s] DEBUG:colcon.colcon_core.event_handler.log_command:Invoking command in '/home/nameless/ugv_ws_jazzy_port/build/ugv_description': CMAKE_PREFIX_PATH=${CMAKE_PREFIX_PATH}:/opt/ros/jazzy /usr/bin/cmake --build /home/nameless/ugv_ws_jazzy_port/build/ugv_description -- -j4 -l4
[4.055s] DEBUG:colcon.colcon_core.event_handler.log_command:Invoked command in '/home/nameless/ugv_ws_jazzy_port/build/ugv_description' returned '0': CMAKE_PREFIX_PATH=${CMAKE_PREFIX_PATH}:/opt/ros/jazzy /usr/bin/cmake --build /home/nameless/ugv_ws_jazzy_port/build/ugv_description -- -j4 -l4
[4.081s] DEBUG:colcon.colcon_core.event_handler.log_command:Invoking command in '/home/nameless/ugv_ws_jazzy_port/build/ugv_description': CMAKE_PREFIX_PATH=${CMAKE_PREFIX_PATH}:/opt/ros/jazzy /usr/bin/cmake --install /home/nameless/ugv_ws_jazzy_port/build/ugv_description
[4.650s] Level 1:colcon.colcon_core.shell:create_environment_hook('ugv_bringup', 'pythonpath_develop')
[4.651s] INFO:colcon.colcon_core.shell:Creating environment hook '/home/nameless/ugv_ws_jazzy_port/build/ugv_bringup/share/ugv_bringup/hook/pythonpath_develop.ps1'
[4.652s] INFO:colcon.colcon_core.shell:Creating environment descriptor '/home/nameless/ugv_ws_jazzy_port/build/ugv_bringup/share/ugv_bringup/hook/pythonpath_develop.dsv'
[4.652s] DEBUG:colcon.colcon_core.event_handler.log_command:Invoked command in '/home/nameless/ugv_ws_jazzy_port/build/ugv_bringup' returned '0': PYTHONPATH=/home/nameless/ugv_ws_jazzy_port/build/ugv_bringup/prefix_override:/usr/lib/python3/dist-packages/colcon_core/task/python/colcon_distutils_commands:/home/nameless/ugv_ws_jazzy_port/install/ugv_bringup/lib/python3.12/site-packages:${PYTHONPATH} /usr/bin/python3 -W ignore:setup.py install is deprecated -W ignore:easy_install command is deprecated setup.py develop --editable --build-directory /home/nameless/ugv_ws_jazzy_port/build/ugv_bringup/build --no-deps symlink_data
[4.653s] INFO:colcon.colcon_core.shell:Creating environment hook '/home/nameless/ugv_ws_jazzy_port/build/ugv_bringup/share/ugv_bringup/hook/pythonpath_develop.sh'
[4.667s] Level 1:colcon.colcon_core.environment:checking '/home/nameless/ugv_ws_jazzy_port/install/ugv_bringup' for CMake module files
[4.668s] Level 1:colcon.colcon_core.environment:checking '/home/nameless/ugv_ws_jazzy_port/install/ugv_bringup' for CMake config files
[4.669s] Level 1:colcon.colcon_core.environment:checking '/home/nameless/ugv_ws_jazzy_port/install/ugv_bringup/lib'
[4.669s] Level 1:colcon.colcon_core.environment:checking '/home/nameless/ugv_ws_jazzy_port/install/ugv_bringup/bin'
[4.669s] Level 1:colcon.colcon_core.environment:checking '/home/nameless/ugv_ws_jazzy_port/install/ugv_bringup/lib/pkgconfig/ugv_bringup.pc'
[4.670s] Level 1:colcon.colcon_core.environment:checking '/home/nameless/ugv_ws_jazzy_port/install/ugv_bringup/lib/python3.12/site-packages'
[4.670s] Level 1:colcon.colcon_core.shell:create_environment_hook('ugv_bringup', 'pythonpath')
[4.670s] INFO:colcon.colcon_core.shell:Creating environment hook '/home/nameless/ugv_ws_jazzy_port/install/ugv_bringup/share/ugv_bringup/hook/pythonpath.ps1'
[4.671s] INFO:colcon.colcon_core.shell:Creating environment descriptor '/home/nameless/ugv_ws_jazzy_port/install/ugv_bringup/share/ugv_bringup/hook/pythonpath.dsv'
[4.672s] INFO:colcon.colcon_core.shell:Creating environment hook '/home/nameless/ugv_ws_jazzy_port/install/ugv_bringup/share/ugv_bringup/hook/pythonpath.sh'
[4.673s] Level 1:colcon.colcon_core.environment:checking '/home/nameless/ugv_ws_jazzy_port/install/ugv_bringup/bin'
[4.673s] Level 1:colcon.colcon_core.environment:create_environment_scripts_only(ugv_bringup)
[4.674s] INFO:colcon.colcon_core.shell:Creating package script '/home/nameless/ugv_ws_jazzy_port/install/ugv_bringup/share/ugv_bringup/package.ps1'
[4.677s] INFO:colcon.colcon_core.shell:Creating package descriptor '/home/nameless/ugv_ws_jazzy_port/install/ugv_bringup/share/ugv_bringup/package.dsv'
[4.678s] INFO:colcon.colcon_core.shell:Creating package script '/home/nameless/ugv_ws_jazzy_port/install/ugv_bringup/share/ugv_bringup/package.sh'
[4.679s] INFO:colcon.colcon_core.shell:Creating package script '/home/nameless/ugv_ws_jazzy_port/install/ugv_bringup/share/ugv_bringup/package.bash'
[4.681s] INFO:colcon.colcon_core.shell:Creating package script '/home/nameless/ugv_ws_jazzy_port/install/ugv_bringup/share/ugv_bringup/package.zsh'
[4.684s] Level 1:colcon.colcon_core.environment:create_file_with_runtime_dependencies(/home/nameless/ugv_ws_jazzy_port/install/ugv_bringup/share/colcon-core/packages/ugv_bringup)
[4.684s] INFO:colcon.colcon_ros.task.ament_cmake.build:Building ROS package in '/home/nameless/ugv_ws_jazzy_port/src/ugv_main/ugv_interface' with build type 'ament_cmake'
[4.685s] INFO:colcon.colcon_cmake.task.cmake.build:Building CMake package in '/home/nameless/ugv_ws_jazzy_port/src/ugv_main/ugv_interface'
[4.685s] INFO:colcon.colcon_core.shell:Skip shell extension 'powershell' for command environment: Not usable outside of PowerShell
[4.685s] DEBUG:colcon.colcon_core.shell:Skip shell extension 'dsv' for command environment
[4.698s] DEBUG:colcon.colcon_core.event_handler.log_command:Invoking command in '/home/nameless/ugv_ws_jazzy_port/build/ugv_interface': CMAKE_PREFIX_PATH=${CMAKE_PREFIX_PATH}:/opt/ros/jazzy /usr/bin/cmake /home/nameless/ugv_ws_jazzy_port/src/ugv_main/ugv_interface -DAMENT_CMAKE_SYMLINK_INSTALL=1 -DCMAKE_INSTALL_PREFIX=/home/nameless/ugv_ws_jazzy_port/install/ugv_interface
[5.175s] DEBUG:colcon.colcon_core.event_handler.log_command:Invoked command in '/home/nameless/ugv_ws_jazzy_port/build/robot_pose_publisher' returned '0': CMAKE_PREFIX_PATH=${CMAKE_PREFIX_PATH}:/opt/ros/jazzy /usr/bin/cmake /home/nameless/ugv_ws_jazzy_port/src/ugv_else/robot_pose_publisher -DAMENT_CMAKE_SYMLINK_INSTALL=1 -DCMAKE_INSTALL_PREFIX=/home/nameless/ugv_ws_jazzy_port/install/robot_pose_publisher
[5.176s] DEBUG:colcon.colcon_core.event_handler.log_command:Invoking command in '/home/nameless/ugv_ws_jazzy_port/build/robot_pose_publisher': CMAKE_PREFIX_PATH=${CMAKE_PREFIX_PATH}:/opt/ros/jazzy /usr/bin/cmake --build /home/nameless/ugv_ws_jazzy_port/build/robot_pose_publisher -- -j4 -l4
[5.348s] Level 1:colcon.colcon_core.environment:create_environment_scripts_only(ugv_description)
[5.349s] Level 1:colcon.colcon_core.environment:checking '/home/nameless/ugv_ws_jazzy_port/install/ugv_description' for CMake module files
[5.350s] Level 1:colcon.colcon_core.environment:checking '/home/nameless/ugv_ws_jazzy_port/install/ugv_description' for CMake config files
[5.351s] DEBUG:colcon.colcon_core.event_handler.log_command:Invoked command in '/home/nameless/ugv_ws_jazzy_port/build/ugv_description' returned '0': CMAKE_PREFIX_PATH=${CMAKE_PREFIX_PATH}:/opt/ros/jazzy /usr/bin/cmake --install /home/nameless/ugv_ws_jazzy_port/build/ugv_description
[5.351s] Level 1:colcon.colcon_core.shell:create_environment_hook('ugv_description', 'cmake_prefix_path')
[5.351s] INFO:colcon.colcon_core.shell:Creating environment hook '/home/nameless/ugv_ws_jazzy_port/install/ugv_description/share/ugv_description/hook/cmake_prefix_path.ps1'
[5.352s] INFO:colcon.colcon_core.shell:Creating environment descriptor '/home/nameless/ugv_ws_jazzy_port/install/ugv_description/share/ugv_description/hook/cmake_prefix_path.dsv'
[5.352s] INFO:colcon.colcon_core.shell:Creating environment hook '/home/nameless/ugv_ws_jazzy_port/install/ugv_description/share/ugv_description/hook/cmake_prefix_path.sh'
[5.353s] Level 1:colcon.colcon_core.environment:checking '/home/nameless/ugv_ws_jazzy_port/install/ugv_description/bin'
[5.353s] Level 1:colcon.colcon_core.environment:checking '/home/nameless/ugv_ws_jazzy_port/install/ugv_description/lib/pkgconfig/ugv_description.pc'
[5.354s] Level 1:colcon.colcon_core.environment:checking '/home/nameless/ugv_ws_jazzy_port/install/ugv_description/lib/python3.12/site-packages'
[5.354s] Level 1:colcon.colcon_core.environment:checking '/home/nameless/ugv_ws_jazzy_port/install/ugv_description/bin'
[5.355s] INFO:colcon.colcon_core.shell:Creating package script '/home/nameless/ugv_ws_jazzy_port/install/ugv_description/share/ugv_description/package.ps1'
[5.355s] INFO:colcon.colcon_core.shell:Creating package descriptor '/home/nameless/ugv_ws_jazzy_port/install/ugv_description/share/ugv_description/package.dsv'
[5.356s] INFO:colcon.colcon_core.shell:Creating package script '/home/nameless/ugv_ws_jazzy_port/install/ugv_description/share/ugv_description/package.sh'
[5.357s] INFO:colcon.colcon_core.shell:Creating package script '/home/nameless/ugv_ws_jazzy_port/install/ugv_description/share/ugv_description/package.bash'
[5.357s] INFO:colcon.colcon_core.shell:Creating package script '/home/nameless/ugv_ws_jazzy_port/install/ugv_description/share/ugv_description/package.zsh'
[5.358s] Level 1:colcon.colcon_core.environment:create_file_with_runtime_dependencies(/home/nameless/ugv_ws_jazzy_port/install/ugv_description/share/colcon-core/packages/ugv_description)
[5.359s] Level 1:colcon.colcon_core.environment:create_environment_scripts_only(ugv_description)
[5.359s] Level 1:colcon.colcon_core.environment:checking '/home/nameless/ugv_ws_jazzy_port/install/ugv_description' for CMake module files
[5.360s] Level 1:colcon.colcon_core.environment:checking '/home/nameless/ugv_ws_jazzy_port/install/ugv_description' for CMake config files
[5.361s] Level 1:colcon.colcon_core.shell:create_environment_hook('ugv_description', 'cmake_prefix_path')
[5.361s] INFO:colcon.colcon_core.shell:Creating environment hook '/home/nameless/ugv_ws_jazzy_port/install/ugv_description/share/ugv_description/hook/cmake_prefix_path.ps1'
[5.362s] INFO:colcon.colcon_core.shell:Creating environment descriptor '/home/nameless/ugv_ws_jazzy_port/install/ugv_description/share/ugv_description/hook/cmake_prefix_path.dsv'
[5.363s] INFO:colcon.colcon_core.shell:Creating environment hook '/home/nameless/ugv_ws_jazzy_port/install/ugv_description/share/ugv_description/hook/cmake_prefix_path.sh'
[5.364s] Level 1:colcon.colcon_core.environment:checking '/home/nameless/ugv_ws_jazzy_port/install/ugv_description/bin'
[5.364s] Level 1:colcon.colcon_core.environment:checking '/home/nameless/ugv_ws_jazzy_port/install/ugv_description/lib/pkgconfig/ugv_description.pc'
[5.364s] Level 1:colcon.colcon_core.environment:checking '/home/nameless/ugv_ws_jazzy_port/install/ugv_description/lib/python3.12/site-packages'
[5.365s] Level 1:colcon.colcon_core.environment:checking '/home/nameless/ugv_ws_jazzy_port/install/ugv_description/bin'
[5.365s] INFO:colcon.colcon_core.shell:Creating package script '/home/nameless/ugv_ws_jazzy_port/install/ugv_description/share/ugv_description/package.ps1'
[5.366s] INFO:colcon.colcon_core.shell:Creating package descriptor '/home/nameless/ugv_ws_jazzy_port/install/ugv_description/share/ugv_description/package.dsv'
[5.367s] INFO:colcon.colcon_core.shell:Creating package script '/home/nameless/ugv_ws_jazzy_port/install/ugv_description/share/ugv_description/package.sh'
[5.368s] INFO:colcon.colcon_core.shell:Creating package script '/home/nameless/ugv_ws_jazzy_port/install/ugv_description/share/ugv_description/package.bash'
[5.368s] INFO:colcon.colcon_core.shell:Creating package script '/home/nameless/ugv_ws_jazzy_port/install/ugv_description/share/ugv_description/package.zsh'
[5.369s] Level 1:colcon.colcon_core.environment:create_file_with_runtime_dependencies(/home/nameless/ugv_ws_jazzy_port/install/ugv_description/share/colcon-core/packages/ugv_description)
[5.369s] INFO:colcon.colcon_ros.task.ament_python.build:Building ROS package in '/home/nameless/ugv_ws_jazzy_port/src/ugv_main/ugv_tools' with build type 'ament_python'
[5.369s] Level 1:colcon.colcon_core.shell:create_environment_hook('ugv_tools', 'ament_prefix_path')
[5.369s] INFO:colcon.colcon_core.shell:Creating environment hook '/home/nameless/ugv_ws_jazzy_port/install/ugv_tools/share/ugv_tools/hook/ament_prefix_path.ps1'
[5.371s] INFO:colcon.colcon_core.shell:Creating environment descriptor '/home/nameless/ugv_ws_jazzy_port/install/ugv_tools/share/ugv_tools/hook/ament_prefix_path.dsv'
[5.371s] INFO:colcon.colcon_core.shell:Creating environment hook '/home/nameless/ugv_ws_jazzy_port/install/ugv_tools/share/ugv_tools/hook/ament_prefix_path.sh'
[5.372s] INFO:colcon.colcon_core.shell:Skip shell extension 'powershell' for command environment: Not usable outside of PowerShell
[5.372s] DEBUG:colcon.colcon_core.shell:Skip shell extension 'dsv' for command environment
[5.783s] INFO:colcon.colcon_core.task.python.build:Building Python package in '/home/nameless/ugv_ws_jazzy_port/src/ugv_main/ugv_tools'
[5.784s] INFO:colcon.colcon_core.shell:Skip shell extension 'powershell' for command environment: Not usable outside of PowerShell
[5.784s] DEBUG:colcon.colcon_core.shell:Skip shell extension 'dsv' for command environment
[5.792s] DEBUG:colcon.colcon_core.event_handler.log_command:Invoked command in '/home/nameless/ugv_ws_jazzy_port/build/ugv_base_node' returned '0': CMAKE_PREFIX_PATH=${CMAKE_PREFIX_PATH}:/opt/ros/jazzy /usr/bin/cmake /home/nameless/ugv_ws_jazzy_port/src/ugv_main/ugv_base_node -DAMENT_CMAKE_SYMLINK_INSTALL=1 -DCMAKE_INSTALL_PREFIX=/home/nameless/ugv_ws_jazzy_port/install/ugv_base_node
[5.792s] DEBUG:colcon.colcon_core.event_handler.log_command:Invoking command in '/home/nameless/ugv_ws_jazzy_port/build/ugv_base_node': CMAKE_PREFIX_PATH=${CMAKE_PREFIX_PATH}:/opt/ros/jazzy /usr/bin/cmake --build /home/nameless/ugv_ws_jazzy_port/build/ugv_base_node -- -j4 -l4
[7.128s] DEBUG:colcon.colcon_core.event_handler.log_command:Invoking command in '/home/nameless/ugv_ws_jazzy_port/build/ugv_tools': PYTHONPATH=/home/nameless/ugv_ws_jazzy_port/build/ugv_tools/prefix_override:/usr/lib/python3/dist-packages/colcon_core/task/python/colcon_distutils_commands:/home/nameless/ugv_ws_jazzy_port/install/ugv_tools/lib/python3.12/site-packages:${PYTHONPATH} /usr/bin/python3 -W ignore:setup.py install is deprecated -W ignore:easy_install command is deprecated setup.py develop --editable --build-directory /home/nameless/ugv_ws_jazzy_port/build/ugv_tools/build --no-deps symlink_data
[9.216s] Level 1:colcon.colcon_core.shell:create_environment_hook('ugv_tools', 'pythonpath_develop')
[9.217s] INFO:colcon.colcon_core.shell:Creating environment hook '/home/nameless/ugv_ws_jazzy_port/build/ugv_tools/share/ugv_tools/hook/pythonpath_develop.ps1'
[9.218s] INFO:colcon.colcon_core.shell:Creating environment descriptor '/home/nameless/ugv_ws_jazzy_port/build/ugv_tools/share/ugv_tools/hook/pythonpath_develop.dsv'
[9.219s] INFO:colcon.colcon_core.shell:Creating environment hook '/home/nameless/ugv_ws_jazzy_port/build/ugv_tools/share/ugv_tools/hook/pythonpath_develop.sh'
[9.220s] DEBUG:colcon.colcon_core.event_handler.log_command:Invoked command in '/home/nameless/ugv_ws_jazzy_port/build/ugv_tools' returned '0': PYTHONPATH=/home/nameless/ugv_ws_jazzy_port/build/ugv_tools/prefix_override:/usr/lib/python3/dist-packages/colcon_core/task/python/colcon_distutils_commands:/home/nameless/ugv_ws_jazzy_port/install/ugv_tools/lib/python3.12/site-packages:${PYTHONPATH} /usr/bin/python3 -W ignore:setup.py install is deprecated -W ignore:easy_install command is deprecated setup.py develop --editable --build-directory /home/nameless/ugv_ws_jazzy_port/build/ugv_tools/build --no-deps symlink_data
[9.221s] Level 1:colcon.colcon_core.environment:checking '/home/nameless/ugv_ws_jazzy_port/install/ugv_tools' for CMake module files
[9.222s] Level 1:colcon.colcon_core.environment:checking '/home/nameless/ugv_ws_jazzy_port/install/ugv_tools' for CMake config files
[9.223s] Level 1:colcon.colcon_core.environment:checking '/home/nameless/ugv_ws_jazzy_port/install/ugv_tools/lib'
[9.223s] Level 1:colcon.colcon_core.environment:checking '/home/nameless/ugv_ws_jazzy_port/install/ugv_tools/bin'
[9.223s] Level 1:colcon.colcon_core.environment:checking '/home/nameless/ugv_ws_jazzy_port/install/ugv_tools/lib/pkgconfig/ugv_tools.pc'
[9.224s] Level 1:colcon.colcon_core.environment:checking '/home/nameless/ugv_ws_jazzy_port/install/ugv_tools/lib/python3.12/site-packages'
[9.224s] Level 1:colcon.colcon_core.shell:create_environment_hook('ugv_tools', 'pythonpath')
[9.224s] INFO:colcon.colcon_core.shell:Creating environment hook '/home/nameless/ugv_ws_jazzy_port/install/ugv_tools/share/ugv_tools/hook/pythonpath.ps1'
[9.225s] INFO:colcon.colcon_core.shell:Creating environment descriptor '/home/nameless/ugv_ws_jazzy_port/install/ugv_tools/share/ugv_tools/hook/pythonpath.dsv'
[9.226s] INFO:colcon.colcon_core.shell:Creating environment hook '/home/nameless/ugv_ws_jazzy_port/install/ugv_tools/share/ugv_tools/hook/pythonpath.sh'
[9.227s] Level 1:colcon.colcon_core.environment:checking '/home/nameless/ugv_ws_jazzy_port/install/ugv_tools/bin'
[9.228s] Level 1:colcon.colcon_core.environment:create_environment_scripts_only(ugv_tools)
[9.228s] INFO:colcon.colcon_core.shell:Creating package script '/home/nameless/ugv_ws_jazzy_port/install/ugv_tools/share/ugv_tools/package.ps1'
[9.230s] INFO:colcon.colcon_core.shell:Creating package descriptor '/home/nameless/ugv_ws_jazzy_port/install/ugv_tools/share/ugv_tools/package.dsv'
[9.231s] INFO:colcon.colcon_core.shell:Creating package script '/home/nameless/ugv_ws_jazzy_port/install/ugv_tools/share/ugv_tools/package.sh'
[9.232s] INFO:colcon.colcon_core.shell:Creating package script '/home/nameless/ugv_ws_jazzy_port/install/ugv_tools/share/ugv_tools/package.bash'
[9.233s] INFO:colcon.colcon_core.shell:Creating package script '/home/nameless/ugv_ws_jazzy_port/install/ugv_tools/share/ugv_tools/package.zsh'
[9.234s] Level 1:colcon.colcon_core.environment:create_file_with_runtime_dependencies(/home/nameless/ugv_ws_jazzy_port/install/ugv_tools/share/colcon-core/packages/ugv_tools)
[13.429s] DEBUG:colcon.colcon_core.event_handler.log_command:Invoked command in '/home/nameless/ugv_ws_jazzy_port/build/ugv_interface' returned '0': CMAKE_PREFIX_PATH=${CMAKE_PREFIX_PATH}:/opt/ros/jazzy /usr/bin/cmake /home/nameless/ugv_ws_jazzy_port/src/ugv_main/ugv_interface -DAMENT_CMAKE_SYMLINK_INSTALL=1 -DCMAKE_INSTALL_PREFIX=/home/nameless/ugv_ws_jazzy_port/install/ugv_interface
[13.432s] DEBUG:colcon.colcon_core.event_handler.log_command:Invoking command in '/home/nameless/ugv_ws_jazzy_port/build/ugv_interface': CMAKE_PREFIX_PATH=${CMAKE_PREFIX_PATH}:/opt/ros/jazzy /usr/bin/cmake --build /home/nameless/ugv_ws_jazzy_port/build/ugv_interface -- -j4 -l4
[26.872s] DEBUG:colcon.colcon_core.event_handler.log_command:Invoked command in '/home/nameless/ugv_ws_jazzy_port/build/robot_pose_publisher' returned '0': CMAKE_PREFIX_PATH=${CMAKE_PREFIX_PATH}:/opt/ros/jazzy /usr/bin/cmake --build /home/nameless/ugv_ws_jazzy_port/build/robot_pose_publisher -- -j4 -l4
[26.876s] DEBUG:colcon.colcon_core.event_handler.log_command:Invoking command in '/home/nameless/ugv_ws_jazzy_port/build/robot_pose_publisher': CMAKE_PREFIX_PATH=${CMAKE_PREFIX_PATH}:/opt/ros/jazzy /usr/bin/cmake --install /home/nameless/ugv_ws_jazzy_port/build/robot_pose_publisher
[27.353s] Level 1:colcon.colcon_core.environment:create_environment_scripts_only(robot_pose_publisher)
[27.354s] Level 1:colcon.colcon_core.environment:checking '/home/nameless/ugv_ws_jazzy_port/install/robot_pose_publisher' for CMake module files
[27.355s] Level 1:colcon.colcon_core.environment:checking '/home/nameless/ugv_ws_jazzy_port/install/robot_pose_publisher' for CMake config files
[27.356s] DEBUG:colcon.colcon_core.event_handler.log_command:Invoked command in '/home/nameless/ugv_ws_jazzy_port/build/robot_pose_publisher' returned '0': CMAKE_PREFIX_PATH=${CMAKE_PREFIX_PATH}:/opt/ros/jazzy /usr/bin/cmake --install /home/nameless/ugv_ws_jazzy_port/build/robot_pose_publisher
[27.356s] Level 1:colcon.colcon_core.shell:create_environment_hook('robot_pose_publisher', 'cmake_prefix_path')
[27.357s] INFO:colcon.colcon_core.shell:Creating environment hook '/home/nameless/ugv_ws_jazzy_port/install/robot_pose_publisher/share/robot_pose_publisher/hook/cmake_prefix_path.ps1'
[27.358s] INFO:colcon.colcon_core.shell:Creating environment descriptor '/home/nameless/ugv_ws_jazzy_port/install/robot_pose_publisher/share/robot_pose_publisher/hook/cmake_prefix_path.dsv'
[27.359s] INFO:colcon.colcon_core.shell:Creating environment hook '/home/nameless/ugv_ws_jazzy_port/install/robot_pose_publisher/share/robot_pose_publisher/hook/cmake_prefix_path.sh'
[27.360s] Level 1:colcon.colcon_core.environment:checking '/home/nameless/ugv_ws_jazzy_port/install/robot_pose_publisher/lib'
[27.360s] Level 1:colcon.colcon_core.environment:checking '/home/nameless/ugv_ws_jazzy_port/install/robot_pose_publisher/bin'
[27.360s] Level 1:colcon.colcon_core.environment:checking '/home/nameless/ugv_ws_jazzy_port/install/robot_pose_publisher/lib/pkgconfig/robot_pose_publisher.pc'
[27.361s] Level 1:colcon.colcon_core.environment:checking '/home/nameless/ugv_ws_jazzy_port/install/robot_pose_publisher/lib/python3.12/site-packages'
[27.361s] Level 1:colcon.colcon_core.environment:checking '/home/nameless/ugv_ws_jazzy_port/install/robot_pose_publisher/bin'
[27.362s] INFO:colcon.colcon_core.shell:Creating package script '/home/nameless/ugv_ws_jazzy_port/install/robot_pose_publisher/share/robot_pose_publisher/package.ps1'
[27.363s] INFO:colcon.colcon_core.shell:Creating package descriptor '/home/nameless/ugv_ws_jazzy_port/install/robot_pose_publisher/share/robot_pose_publisher/package.dsv'
[27.364s] INFO:colcon.colcon_core.shell:Creating package script '/home/nameless/ugv_ws_jazzy_port/install/robot_pose_publisher/share/robot_pose_publisher/package.sh'
[27.365s] INFO:colcon.colcon_core.shell:Creating package script '/home/nameless/ugv_ws_jazzy_port/install/robot_pose_publisher/share/robot_pose_publisher/package.bash'
[27.366s] INFO:colcon.colcon_core.shell:Creating package script '/home/nameless/ugv_ws_jazzy_port/install/robot_pose_publisher/share/robot_pose_publisher/package.zsh'
[27.366s] Level 1:colcon.colcon_core.environment:create_file_with_runtime_dependencies(/home/nameless/ugv_ws_jazzy_port/install/robot_pose_publisher/share/colcon-core/packages/robot_pose_publisher)
[27.368s] Level 1:colcon.colcon_core.environment:create_environment_scripts_only(robot_pose_publisher)
[27.368s] Level 1:colcon.colcon_core.environment:checking '/home/nameless/ugv_ws_jazzy_port/install/robot_pose_publisher' for CMake module files
[27.369s] Level 1:colcon.colcon_core.environment:checking '/home/nameless/ugv_ws_jazzy_port/install/robot_pose_publisher' for CMake config files
[27.370s] Level 1:colcon.colcon_core.shell:create_environment_hook('robot_pose_publisher', 'cmake_prefix_path')
[27.371s] INFO:colcon.colcon_core.shell:Creating environment hook '/home/nameless/ugv_ws_jazzy_port/install/robot_pose_publisher/share/robot_pose_publisher/hook/cmake_prefix_path.ps1'
[27.372s] INFO:colcon.colcon_core.shell:Creating environment descriptor '/home/nameless/ugv_ws_jazzy_port/install/robot_pose_publisher/share/robot_pose_publisher/hook/cmake_prefix_path.dsv'
[27.374s] INFO:colcon.colcon_core.shell:Creating environment hook '/home/nameless/ugv_ws_jazzy_port/install/robot_pose_publisher/share/robot_pose_publisher/hook/cmake_prefix_path.sh'
[27.375s] Level 1:colcon.colcon_core.environment:checking '/home/nameless/ugv_ws_jazzy_port/install/robot_pose_publisher/lib'
[27.375s] Level 1:colcon.colcon_core.environment:checking '/home/nameless/ugv_ws_jazzy_port/install/robot_pose_publisher/bin'
[27.375s] Level 1:colcon.colcon_core.environment:checking '/home/nameless/ugv_ws_jazzy_port/install/robot_pose_publisher/lib/pkgconfig/robot_pose_publisher.pc'
[27.376s] Level 1:colcon.colcon_core.environment:checking '/home/nameless/ugv_ws_jazzy_port/install/robot_pose_publisher/lib/python3.12/site-packages'
[27.376s] Level 1:colcon.colcon_core.environment:checking '/home/nameless/ugv_ws_jazzy_port/install/robot_pose_publisher/bin'
[27.377s] INFO:colcon.colcon_core.shell:Creating package script '/home/nameless/ugv_ws_jazzy_port/install/robot_pose_publisher/share/robot_pose_publisher/package.ps1'
[27.378s] INFO:colcon.colcon_core.shell:Creating package descriptor '/home/nameless/ugv_ws_jazzy_port/install/robot_pose_publisher/share/robot_pose_publisher/package.dsv'
[27.379s] INFO:colcon.colcon_core.shell:Creating package script '/home/nameless/ugv_ws_jazzy_port/install/robot_pose_publisher/share/robot_pose_publisher/package.sh'
[27.380s] INFO:colcon.colcon_core.shell:Creating package script '/home/nameless/ugv_ws_jazzy_port/install/robot_pose_publisher/share/robot_pose_publisher/package.bash'
[27.385s] INFO:colcon.colcon_core.shell:Creating package script '/home/nameless/ugv_ws_jazzy_port/install/robot_pose_publisher/share/robot_pose_publisher/package.zsh'
[27.392s] Level 1:colcon.colcon_core.environment:create_file_with_runtime_dependencies(/home/nameless/ugv_ws_jazzy_port/install/robot_pose_publisher/share/colcon-core/packages/robot_pose_publisher)
[29.676s] DEBUG:colcon.colcon_core.event_handler.log_command:Invoked command in '/home/nameless/ugv_ws_jazzy_port/build/ugv_interface' returned '0': CMAKE_PREFIX_PATH=${CMAKE_PREFIX_PATH}:/opt/ros/jazzy /usr/bin/cmake --build /home/nameless/ugv_ws_jazzy_port/build/ugv_interface -- -j4 -l4
[29.678s] DEBUG:colcon.colcon_core.event_handler.log_command:Invoking command in '/home/nameless/ugv_ws_jazzy_port/build/ugv_interface': CMAKE_PREFIX_PATH=${CMAKE_PREFIX_PATH}:/opt/ros/jazzy /usr/bin/cmake --install /home/nameless/ugv_ws_jazzy_port/build/ugv_interface
[31.801s] Level 1:colcon.colcon_core.environment:create_environment_scripts_only(ugv_interface)
[31.801s] Level 1:colcon.colcon_core.environment:checking '/home/nameless/ugv_ws_jazzy_port/install/ugv_interface' for CMake module files
[31.802s] DEBUG:colcon.colcon_core.event_handler.log_command:Invoked command in '/home/nameless/ugv_ws_jazzy_port/build/ugv_interface' returned '0': CMAKE_PREFIX_PATH=${CMAKE_PREFIX_PATH}:/opt/ros/jazzy /usr/bin/cmake --install /home/nameless/ugv_ws_jazzy_port/build/ugv_interface
[31.803s] Level 1:colcon.colcon_core.environment:checking '/home/nameless/ugv_ws_jazzy_port/install/ugv_interface' for CMake config files
[31.805s] Level 1:colcon.colcon_core.shell:create_environment_hook('ugv_interface', 'cmake_prefix_path')
[31.806s] INFO:colcon.colcon_core.shell:Creating environment hook '/home/nameless/ugv_ws_jazzy_port/install/ugv_interface/share/ugv_interface/hook/cmake_prefix_path.ps1'
[31.806s] INFO:colcon.colcon_core.shell:Creating environment descriptor '/home/nameless/ugv_ws_jazzy_port/install/ugv_interface/share/ugv_interface/hook/cmake_prefix_path.dsv'
[31.807s] INFO:colcon.colcon_core.shell:Creating environment hook '/home/nameless/ugv_ws_jazzy_port/install/ugv_interface/share/ugv_interface/hook/cmake_prefix_path.sh'
[31.808s] Level 1:colcon.colcon_core.environment:checking '/home/nameless/ugv_ws_jazzy_port/install/ugv_interface/lib'
[31.808s] Level 1:colcon.colcon_core.shell:create_environment_hook('ugv_interface', 'ld_library_path_lib')
[31.809s] INFO:colcon.colcon_core.shell:Creating environment hook '/home/nameless/ugv_ws_jazzy_port/install/ugv_interface/share/ugv_interface/hook/ld_library_path_lib.ps1'
[31.810s] INFO:colcon.colcon_core.shell:Creating environment descriptor '/home/nameless/ugv_ws_jazzy_port/install/ugv_interface/share/ugv_interface/hook/ld_library_path_lib.dsv'
[31.810s] INFO:colcon.colcon_core.shell:Creating environment hook '/home/nameless/ugv_ws_jazzy_port/install/ugv_interface/share/ugv_interface/hook/ld_library_path_lib.sh'
[31.811s] Level 1:colcon.colcon_core.environment:checking '/home/nameless/ugv_ws_jazzy_port/install/ugv_interface/bin'
[31.811s] Level 1:colcon.colcon_core.environment:checking '/home/nameless/ugv_ws_jazzy_port/install/ugv_interface/lib/pkgconfig/ugv_interface.pc'
[31.812s] Level 1:colcon.colcon_core.environment:checking '/home/nameless/ugv_ws_jazzy_port/install/ugv_interface/lib/python3.12/site-packages'
[31.812s] Level 1:colcon.colcon_core.shell:create_environment_hook('ugv_interface', 'pythonpath')
[31.812s] INFO:colcon.colcon_core.shell:Creating environment hook '/home/nameless/ugv_ws_jazzy_port/install/ugv_interface/share/ugv_interface/hook/pythonpath.ps1'
[31.813s] INFO:colcon.colcon_core.shell:Creating environment descriptor '/home/nameless/ugv_ws_jazzy_port/install/ugv_interface/share/ugv_interface/hook/pythonpath.dsv'
[31.813s] INFO:colcon.colcon_core.shell:Creating environment hook '/home/nameless/ugv_ws_jazzy_port/install/ugv_interface/share/ugv_interface/hook/pythonpath.sh'
[31.815s] Level 1:colcon.colcon_core.environment:checking '/home/nameless/ugv_ws_jazzy_port/install/ugv_interface/bin'
[31.815s] INFO:colcon.colcon_core.shell:Creating package script '/home/nameless/ugv_ws_jazzy_port/install/ugv_interface/share/ugv_interface/package.ps1'
[31.817s] INFO:colcon.colcon_core.shell:Creating package descriptor '/home/nameless/ugv_ws_jazzy_port/install/ugv_interface/share/ugv_interface/package.dsv'
[31.818s] INFO:colcon.colcon_core.shell:Creating package script '/home/nameless/ugv_ws_jazzy_port/install/ugv_interface/share/ugv_interface/package.sh'
[31.818s] INFO:colcon.colcon_core.shell:Creating package script '/home/nameless/ugv_ws_jazzy_port/install/ugv_interface/share/ugv_interface/package.bash'
[31.819s] INFO:colcon.colcon_core.shell:Creating package script '/home/nameless/ugv_ws_jazzy_port/install/ugv_interface/share/ugv_interface/package.zsh'
[31.820s] Level 1:colcon.colcon_core.environment:create_file_with_runtime_dependencies(/home/nameless/ugv_ws_jazzy_port/install/ugv_interface/share/colcon-core/packages/ugv_interface)
[31.821s] Level 1:colcon.colcon_core.environment:create_environment_scripts_only(ugv_interface)
[31.821s] Level 1:colcon.colcon_core.environment:checking '/home/nameless/ugv_ws_jazzy_port/install/ugv_interface' for CMake module files
[31.822s] Level 1:colcon.colcon_core.environment:checking '/home/nameless/ugv_ws_jazzy_port/install/ugv_interface' for CMake config files
[31.824s] Level 1:colcon.colcon_core.shell:create_environment_hook('ugv_interface', 'cmake_prefix_path')
[31.824s] INFO:colcon.colcon_core.shell:Creating environment hook '/home/nameless/ugv_ws_jazzy_port/install/ugv_interface/share/ugv_interface/hook/cmake_prefix_path.ps1'
[31.825s] INFO:colcon.colcon_core.shell:Creating environment descriptor '/home/nameless/ugv_ws_jazzy_port/install/ugv_interface/share/ugv_interface/hook/cmake_prefix_path.dsv'
[31.826s] INFO:colcon.colcon_core.shell:Creating environment hook '/home/nameless/ugv_ws_jazzy_port/install/ugv_interface/share/ugv_interface/hook/cmake_prefix_path.sh'
[31.828s] Level 1:colcon.colcon_core.environment:checking '/home/nameless/ugv_ws_jazzy_port/install/ugv_interface/lib'
[31.828s] Level 1:colcon.colcon_core.shell:create_environment_hook('ugv_interface', 'ld_library_path_lib')
[31.828s] INFO:colcon.colcon_core.shell:Creating environment hook '/home/nameless/ugv_ws_jazzy_port/install/ugv_interface/share/ugv_interface/hook/ld_library_path_lib.ps1'
[31.829s] INFO:colcon.colcon_core.shell:Creating environment descriptor '/home/nameless/ugv_ws_jazzy_port/install/ugv_interface/share/ugv_interface/hook/ld_library_path_lib.dsv'
[31.830s] INFO:colcon.colcon_core.shell:Creating environment hook '/home/nameless/ugv_ws_jazzy_port/install/ugv_interface/share/ugv_interface/hook/ld_library_path_lib.sh'
[31.831s] Level 1:colcon.colcon_core.environment:checking '/home/nameless/ugv_ws_jazzy_port/install/ugv_interface/bin'
[31.831s] Level 1:colcon.colcon_core.environment:checking '/home/nameless/ugv_ws_jazzy_port/install/ugv_interface/lib/pkgconfig/ugv_interface.pc'
[31.831s] Level 1:colcon.colcon_core.environment:checking '/home/nameless/ugv_ws_jazzy_port/install/ugv_interface/lib/python3.12/site-packages'
[31.832s] Level 1:colcon.colcon_core.shell:create_environment_hook('ugv_interface', 'pythonpath')
[31.832s] INFO:colcon.colcon_core.shell:Creating environment hook '/home/nameless/ugv_ws_jazzy_port/install/ugv_interface/share/ugv_interface/hook/pythonpath.ps1'
[31.833s] INFO:colcon.colcon_core.shell:Creating environment descriptor '/home/nameless/ugv_ws_jazzy_port/install/ugv_interface/share/ugv_interface/hook/pythonpath.dsv'
[31.834s] INFO:colcon.colcon_core.shell:Creating environment hook '/home/nameless/ugv_ws_jazzy_port/install/ugv_interface/share/ugv_interface/hook/pythonpath.sh'
[31.837s] Level 1:colcon.colcon_core.environment:checking '/home/nameless/ugv_ws_jazzy_port/install/ugv_interface/bin'
[31.838s] INFO:colcon.colcon_core.shell:Creating package script '/home/nameless/ugv_ws_jazzy_port/install/ugv_interface/share/ugv_interface/package.ps1'
[31.843s] INFO:colcon.colcon_core.shell:Creating package descriptor '/home/nameless/ugv_ws_jazzy_port/install/ugv_interface/share/ugv_interface/package.dsv'
[31.845s] INFO:colcon.colcon_core.shell:Creating package script '/home/nameless/ugv_ws_jazzy_port/install/ugv_interface/share/ugv_interface/package.sh'
[31.853s] INFO:colcon.colcon_core.shell:Creating package script '/home/nameless/ugv_ws_jazzy_port/install/ugv_interface/share/ugv_interface/package.bash'
[31.854s] INFO:colcon.colcon_core.shell:Creating package script '/home/nameless/ugv_ws_jazzy_port/install/ugv_interface/share/ugv_interface/package.zsh'
[31.856s] Level 1:colcon.colcon_core.environment:create_file_with_runtime_dependencies(/home/nameless/ugv_ws_jazzy_port/install/ugv_interface/share/colcon-core/packages/ugv_interface)
[38.383s] DEBUG:colcon.colcon_core.event_handler.log_command:Invoked command in '/home/nameless/ugv_ws_jazzy_port/build/ugv_base_node' returned '0': CMAKE_PREFIX_PATH=${CMAKE_PREFIX_PATH}:/opt/ros/jazzy /usr/bin/cmake --build /home/nameless/ugv_ws_jazzy_port/build/ugv_base_node -- -j4 -l4
[38.385s] DEBUG:colcon.colcon_core.event_handler.log_command:Invoking command in '/home/nameless/ugv_ws_jazzy_port/build/ugv_base_node': CMAKE_PREFIX_PATH=${CMAKE_PREFIX_PATH}:/opt/ros/jazzy /usr/bin/cmake --install /home/nameless/ugv_ws_jazzy_port/build/ugv_base_node
[38.719s] Level 1:colcon.colcon_core.environment:create_environment_scripts_only(ugv_base_node)
[38.719s] Level 1:colcon.colcon_core.environment:checking '/home/nameless/ugv_ws_jazzy_port/install/ugv_base_node' for CMake module files
[38.720s] DEBUG:colcon.colcon_core.event_handler.log_command:Invoked command in '/home/nameless/ugv_ws_jazzy_port/build/ugv_base_node' returned '0': CMAKE_PREFIX_PATH=${CMAKE_PREFIX_PATH}:/opt/ros/jazzy /usr/bin/cmake --install /home/nameless/ugv_ws_jazzy_port/build/ugv_base_node
[38.721s] Level 1:colcon.colcon_core.environment:checking '/home/nameless/ugv_ws_jazzy_port/install/ugv_base_node' for CMake config files
[38.721s] Level 1:colcon.colcon_core.shell:create_environment_hook('ugv_base_node', 'cmake_prefix_path')
[38.721s] INFO:colcon.colcon_core.shell:Creating environment hook '/home/nameless/ugv_ws_jazzy_port/install/ugv_base_node/share/ugv_base_node/hook/cmake_prefix_path.ps1'
[38.722s] INFO:colcon.colcon_core.shell:Creating environment descriptor '/home/nameless/ugv_ws_jazzy_port/install/ugv_base_node/share/ugv_base_node/hook/cmake_prefix_path.dsv'
[38.722s] INFO:colcon.colcon_core.shell:Creating environment hook '/home/nameless/ugv_ws_jazzy_port/install/ugv_base_node/share/ugv_base_node/hook/cmake_prefix_path.sh'
[38.723s] Level 1:colcon.colcon_core.environment:checking '/home/nameless/ugv_ws_jazzy_port/install/ugv_base_node/lib'
[38.723s] Level 1:colcon.colcon_core.environment:checking '/home/nameless/ugv_ws_jazzy_port/install/ugv_base_node/bin'
[38.723s] Level 1:colcon.colcon_core.environment:checking '/home/nameless/ugv_ws_jazzy_port/install/ugv_base_node/lib/pkgconfig/ugv_base_node.pc'
[38.723s] Level 1:colcon.colcon_core.environment:checking '/home/nameless/ugv_ws_jazzy_port/install/ugv_base_node/lib/python3.12/site-packages'
[38.724s] Level 1:colcon.colcon_core.environment:checking '/home/nameless/ugv_ws_jazzy_port/install/ugv_base_node/bin'
[38.724s] INFO:colcon.colcon_core.shell:Creating package script '/home/nameless/ugv_ws_jazzy_port/install/ugv_base_node/share/ugv_base_node/package.ps1'
[38.725s] INFO:colcon.colcon_core.shell:Creating package descriptor '/home/nameless/ugv_ws_jazzy_port/install/ugv_base_node/share/ugv_base_node/package.dsv'
[38.725s] INFO:colcon.colcon_core.shell:Creating package script '/home/nameless/ugv_ws_jazzy_port/install/ugv_base_node/share/ugv_base_node/package.sh'
[38.725s] INFO:colcon.colcon_core.shell:Creating package script '/home/nameless/ugv_ws_jazzy_port/install/ugv_base_node/share/ugv_base_node/package.bash'
[38.726s] INFO:colcon.colcon_core.shell:Creating package script '/home/nameless/ugv_ws_jazzy_port/install/ugv_base_node/share/ugv_base_node/package.zsh'
[38.726s] Level 1:colcon.colcon_core.environment:create_file_with_runtime_dependencies(/home/nameless/ugv_ws_jazzy_port/install/ugv_base_node/share/colcon-core/packages/ugv_base_node)
[38.727s] Level 1:colcon.colcon_core.environment:create_environment_scripts_only(ugv_base_node)
[38.727s] Level 1:colcon.colcon_core.environment:checking '/home/nameless/ugv_ws_jazzy_port/install/ugv_base_node' for CMake module files
[38.728s] Level 1:colcon.colcon_core.environment:checking '/home/nameless/ugv_ws_jazzy_port/install/ugv_base_node' for CMake config files
[38.728s] Level 1:colcon.colcon_core.shell:create_environment_hook('ugv_base_node', 'cmake_prefix_path')
[38.729s] INFO:colcon.colcon_core.shell:Creating environment hook '/home/nameless/ugv_ws_jazzy_port/install/ugv_base_node/share/ugv_base_node/hook/cmake_prefix_path.ps1'
[38.729s] INFO:colcon.colcon_core.shell:Creating environment descriptor '/home/nameless/ugv_ws_jazzy_port/install/ugv_base_node/share/ugv_base_node/hook/cmake_prefix_path.dsv'
[38.730s] INFO:colcon.colcon_core.shell:Creating environment hook '/home/nameless/ugv_ws_jazzy_port/install/ugv_base_node/share/ugv_base_node/hook/cmake_prefix_path.sh'
[38.731s] Level 1:colcon.colcon_core.environment:checking '/home/nameless/ugv_ws_jazzy_port/install/ugv_base_node/lib'
[38.732s] Level 1:colcon.colcon_core.environment:checking '/home/nameless/ugv_ws_jazzy_port/install/ugv_base_node/bin'
[38.732s] Level 1:colcon.colcon_core.environment:checking '/home/nameless/ugv_ws_jazzy_port/install/ugv_base_node/lib/pkgconfig/ugv_base_node.pc'
[38.732s] Level 1:colcon.colcon_core.environment:checking '/home/nameless/ugv_ws_jazzy_port/install/ugv_base_node/lib/python3.12/site-packages'
[38.733s] Level 1:colcon.colcon_core.environment:checking '/home/nameless/ugv_ws_jazzy_port/install/ugv_base_node/bin'
[38.733s] INFO:colcon.colcon_core.shell:Creating package script '/home/nameless/ugv_ws_jazzy_port/install/ugv_base_node/share/ugv_base_node/package.ps1'
[38.734s] INFO:colcon.colcon_core.shell:Creating package descriptor '/home/nameless/ugv_ws_jazzy_port/install/ugv_base_node/share/ugv_base_node/package.dsv'
[38.735s] INFO:colcon.colcon_core.shell:Creating package script '/home/nameless/ugv_ws_jazzy_port/install/ugv_base_node/share/ugv_base_node/package.sh'
[38.735s] INFO:colcon.colcon_core.shell:Creating package script '/home/nameless/ugv_ws_jazzy_port/install/ugv_base_node/share/ugv_base_node/package.bash'
[38.741s] INFO:colcon.colcon_core.shell:Creating package script '/home/nameless/ugv_ws_jazzy_port/install/ugv_base_node/share/ugv_base_node/package.zsh'
[38.749s] Level 1:colcon.colcon_core.environment:create_file_with_runtime_dependencies(/home/nameless/ugv_ws_jazzy_port/install/ugv_base_node/share/colcon-core/packages/ugv_base_node)
[38.752s] DEBUG:colcon.colcon_parallel_executor.executor.parallel:closing loop
[38.752s] DEBUG:colcon.colcon_parallel_executor.executor.parallel:loop closed
[38.752s] DEBUG:colcon.colcon_parallel_executor.executor.parallel:run_until_complete finished with '0'
[38.753s] DEBUG:colcon.colcon_core.event_reactor:joining thread
[38.754s] DEBUG:colcon.colcon_core.event_reactor:joined thread
[38.754s] INFO:colcon.colcon_core.shell:Creating prefix script '/home/nameless/ugv_ws_jazzy_port/install/local_setup.ps1'
[38.756s] INFO:colcon.colcon_core.shell:Creating prefix util module '/home/nameless/ugv_ws_jazzy_port/install/_local_setup_util_ps1.py'
[38.759s] INFO:colcon.colcon_core.shell:Creating prefix chain script '/home/nameless/ugv_ws_jazzy_port/install/setup.ps1'
[38.761s] INFO:colcon.colcon_core.shell:Creating prefix script '/home/nameless/ugv_ws_jazzy_port/install/local_setup.sh'
[38.762s] INFO:colcon.colcon_core.shell:Creating prefix util module '/home/nameless/ugv_ws_jazzy_port/install/_local_setup_util_sh.py'
[38.762s] INFO:colcon.colcon_core.shell:Creating prefix chain script '/home/nameless/ugv_ws_jazzy_port/install/setup.sh'
[38.764s] INFO:colcon.colcon_core.shell:Creating prefix script '/home/nameless/ugv_ws_jazzy_port/install/local_setup.bash'
[38.765s] INFO:colcon.colcon_core.shell:Creating prefix chain script '/home/nameless/ugv_ws_jazzy_port/install/setup.bash'
[38.767s] INFO:colcon.colcon_core.shell:Creating prefix script '/home/nameless/ugv_ws_jazzy_port/install/local_setup.zsh'
[38.768s] INFO:colcon.colcon_core.shell:Creating prefix chain script '/home/nameless/ugv_ws_jazzy_port/install/setup.zsh'
